ELF Header:
  Magic:   7f 45 4c 46 01 01 01 00 00 00 00 00 00 00 00 00 
  Class:                             ELF32
  Data:                              2's complement, little endian
  Version:                           1 (current)
  OS/ABI:                            UNIX - System V
  ABI Version:                       0
  Type:                              EXEC (Executable file)
  Machine:                           CSKY
  Version:                           0x1
  Entry point address:               0x110
  Start of program headers:          52 (bytes into file)
  Start of section headers:          1168120 (bytes into file)
  Flags:                             0x21002000
  Size of this header:               52 (bytes)
  Size of program headers:           32 (bytes)
  Number of program headers:         5
  Size of section headers:           40 (bytes)
  Number of section headers:         21
  Section header string table index: 18

Section Headers:
  [Nr] Name              Type            Addr     Off    Size   ES Flg Lk Inf Al
  [ 0]                   NULL            00000000 000000 000000 00      0   0  0
  [ 1] .text_1           PROGBITS        00000000 001000 0117bc 00  AX  0   0 1024
  [ 2] .text_2           PROGBITS        010117bc 0127bc 013554 00  AX  0   0  4
  [ 3] .data             PROGBITS        00400000 02f000 00030c 00  WA  0   0  4
  [ 4] .rodata           PROGBITS        01024d10 025d10 008d0c 00   A  0   0  4
  [ 5] .bss              NOBITS          00400310 02f310 002324 00  WA  0   0  8
  [ 6] .exdata           NOBITS          00020000 013000 0071b0 00  WA  0   0  8
  [ 7] .debug_info       PROGBITS        00000000 02f30c 05d4f7 00      0   0  1
  [ 8] .debug_abbrev     PROGBITS        00000000 08c803 00ffdd 00      0   0  1
  [ 9] .debug_loc        PROGBITS        00000000 09c7e0 02ea0c 00      0   0  1
  [10] .debug_aranges    PROGBITS        00000000 0cb1f0 002fe8 00      0   0  8
  [11] .debug_ranges     PROGBITS        00000000 0ce1d8 0076d0 00      0   0  1
  [12] .debug_line       PROGBITS        00000000 0d58a8 018415 00      0   0  1
  [13] .debug_str        PROGBITS        00000000 0edcbd 00dbf8 01  MS  0   0  1
  [14] .comment          PROGBITS        00000000 0fb8b5 000075 01  MS  0   0  1
  [15] .csky_stack_size  PROGBITS        00000000 0fb930 0033bc 00      0   0 16
  [16] .csky.attributes  CSKY_ATTRIBUTES 00000000 0fecec 000028 00      0   0  1
  [17] .debug_frame      PROGBITS        00000000 0fed14 008cd8 00      0   0  4
  [18] .shstrtab         STRTAB          00000000 11d221 0000d7 00      0   0  1
  [19] .symtab           SYMTAB          00000000 1079ec 00e520 10     20 2405  4
  [20] .strtab           STRTAB          00000000 115f0c 007315 00      0   0  1
Key to Flags:
  W (write), A (alloc), X (execute), M (merge), S (strings), I (info),
  L (link order), O (extra OS processing required), G (group), T (TLS),
  C (compressed), x (unknown), o (OS specific), E (exclude),
  p (processor specific)

Program Headers:
  Type           Offset   VirtAddr   PhysAddr   FileSiz MemSiz  Flg Align
  LOAD           0x001000 0x00000000 0x00000000 0x117bc 0x117bc R E 0x1000
  LOAD           0x013000 0x00020000 0x00020000 0x00000 0x071b0 RW  0x1000
  LOAD           0x0127bc 0x010117bc 0x010117bc 0x1c260 0x1c260 R E 0x1000
  LOAD           0x02f000 0x00400000 0x0102da1c 0x0030c 0x0030c RW  0x1000
  LOAD           0x02f310 0x00400310 0x0102dd30 0x00000 0x02324 RW  0x1000

 Section to Segment mapping:
  Segment Sections...
   00     .text_1 
   01     .exdata 
   02     .text_2 .rodata 
   03     .data 
   04     .bss 
======================================================================
Csky GNU Linker

======================================================================

Section Cross References

	Obj/src_components.o(.text.main_thread_entry) refers to Obj/entry_main.o(.text.startup.main) for main
	Obj/drivers_system.o(.fast) refers to Obj/drivers_drv_ctimer.o(.text.core_timer_init) for core_timer_init
	Obj/drivers_system.o(.text.sys_hw_init) refers to Obj/drivers_drv_intr.o(.text.rt_hw_interrupt_init) for rt_hw_interrupt_init
	Obj/drivers_drv_ctimer.o(.text.core_timer_init) refers to Obj/drivers_drv_intr.o(.fast) for rt_hw_interrupt_mask
	Obj/drivers_drv_ctimer.o(.text.core_timer_init) refers to Obj/drivers_drv_intr.o(.fast) for rt_hw_interrupt_umask
	Obj/drivers_drv_eth.o(.text.rt_hw_t610_eth0_init) refers to Obj/drivers_drv_intr.o(.fast) for rt_hw_interrupt_umask
	Obj/drivers_drv_eth.o(.text.rt_hw_t610_eth1_init) refers to Obj/drivers_drv_intr.o(.fast) for rt_hw_interrupt_umask
	Obj/drivers_drv_uart.o(.fast) refers to Obj/drivers_drv_intr.o(.fast) for rt_hw_interrupt_umask
	Obj/drivers_drv_ctimer.o(.fast) refers to Obj/drivers_drv_intr.o(.fast) for rt_hw_interrupt_clear
	Obj/drivers_drv_eth.o(.fast) refers to Obj/drivers_drv_intr.o(.fast) for rt_hw_interrupt_clear
	Obj/drivers_drv_eth.o(.fast) refers to Obj/drivers_drv_intr.o(.fast) for rt_hw_interrupt_clear
[...]
    0x0101e09c   0x00000084   Code   RO       1888  .text.netconn_getaddr	Obj/api_api_lib.o
    0x0101e120   0x00000060   Code   RO       1896  .text.netconn_join_leave_group	Obj/api_api_lib.o
    0x0101e180   0x000000a0   Code   RO       1897  .text.netconn_gethostbyname	Obj/api_api_lib.o
    0x0101e220   0x00000040   Code   RO       1925  .text.setup_tcp	Obj/api_api_msg.o
    0x0101e260   0x00000028   Code   RO       1927  .text.lwip_netconn_do_dns_found	Obj/api_api_msg.o
    0x0101e288   0x0000029c   Code   RO       1928  .text.lwip_netconn_do_close_internal	Obj/api_api_msg.o
    0x0101e524   0x000000b0   Code   RO       1929  .text.lwip_netconn_do_newconn	Obj/api_api_msg.o
    0x0101e5d4   0x000000a8   Code   RO       1930  .text.netconn_alloc	Obj/api_api_msg.o
    0x0101e67c   0x00000080   Code   RO       1931  .text.netconn_free	Obj/api_api_msg.o
    0x0101e6fc   0x000000c8   Code   RO       1932  .text.netconn_drain	Obj/api_api_msg.o
    0x0101e7c4   0x00000168   Code   RO       1934  .text.lwip_netconn_do_delconn	Obj/api_api_msg.o
    0x0101e92c   0x000000d4   Code   RO       1939  .text.lwip_netconn_do_getaddr	Obj/api_api_msg.o
    0x0101ea00   0x000000ec   Code   RO       1940  .text.lwip_netconn_do_close	Obj/api_api_msg.o
    0x0101eaec   0x00000074   Code   RO       1941  .text.lwip_netconn_do_join_leave_group	Obj/api_api_msg.o
    0x0101eb60   0x00000034   Code   RO       1942  .text.lwip_netconn_do_gethostbyname	Obj/api_api_msg.o
    0x0101eb94   0x00000020   Code   RO       1967  .text.err_to_errno	Obj/api_err.o
    0x0101ebb4   0x0000006c   Code   RO       2006  .text.lwip_gethostbyname	Obj/api_netdb.o
    0x0101ec20   0x00000018   Code   RO       2008  .text.lwip_freeaddrinfo	Obj/api_netdb.o
    0x0101ec38   0x00000162   Code   RO       2009  .text.lwip_getaddrinfo	Obj/api_netdb.o
    0x0101ed9a   0x00000002   PAD
    0x0101ed9c   0x00000038   Code   RO       2031  .text.netifapi_do_netif_add	Obj/api_netifapi.o
    0x0101edd4   0x00000012   Code   RO       2032  .text.netifapi_do_netif_set_addr	Obj/api_netifapi.o
    0x0101ede6   0x00000002   PAD
    0x0101ede8   0x00000018   Code   RO       2033  .text.netifapi_do_netif_common	Obj/api_netifapi.o
    0x0101ee00   0x00000050   Code   RO       2034  .text.netifapi_netif_add	Obj/api_netifapi.o
    0x0101ee50   0x00000038   Code   RO       2035  .text.netifapi_netif_set_addr	Obj/api_netifapi.o
    0x0101ee88   0x0000001c   Code   RO       2036  .text.netifapi_netif_common	Obj/api_netifapi.o
    0x0101eea4   0x00000074   Code   RO       2052  .text.alloc_socket	Obj/api_sockets.o
    0x0101ef18   0x00000020   Code   RO       2058  .text.lwip_tryget_socket	Obj/api_sockets.o
    0x0101ef38   0x000000f4   Code   RO       2061  .text.lwip_close	Obj/api_sockets.o
    0x0101f02c   0x0000008c   Code   RO       2064  .text.lwip_socket	Obj/api_sockets.o
    0x0101f0b8   0x00000360   Code   RO       2071  .text.lwip_setsockopt	Obj/api_sockets.o
    0x0101f418   0x00000148   Code   RO       2073  .text.lwip_ioctl	Obj/api_sockets.o
    0x0101f560   0x00000088   Code   RO       2106  .text.tcpip_init	Obj/api_tcpip.o
    0x0101f5e8   0x0000003c   Code   RO       2133  .text.lwip_strnicmp	Obj/core_def.o
    0x0101f624   0x000000a4   Code   RO       2151  .text.dns_call_found	Obj/core_dns.o
    0x0101f6c8   0x00000180   Code   RO       2152  .text.dns_send 	Obj/core_dns.o
    0x0101f848   0x00000108   Code   RO       2153  .text.dns_check_entry	Obj/core_dns.o
    0x0101f950   0x0000026c   Code   RO       2154  .text.dns_recv 	Obj/core_dns.o
    0x0101fbbc   0x00000002   Code   RO       2155  .text.dns_init 	Obj/core_dns.o
    0x0101fbbe   0x00000002   PAD
    0x0101fbc0   0x00000028   Code   RO       2156  .text.dns_setserver	Obj/core_dns.o
    0x0101fbe8   0x00000018   Code   RO       2157  .text.dns_getserver	Obj/core_dns.o
    0x0101fc00   0x0000001c   Code   RO       2158  .text.dns_tmr  	Obj/core_dns.o
    0x0101fc1c   0x00000284   Code   RO       2159  .text.dns_gethostbyname_addrtype	Obj/core_dns.o
    0x0101fea0   0x00000028   Code   RO       2202  .text.lwip_init	Obj/core_init.o
    0x0101fec8   0x00000068   Code   RO       2248  .text.memp_init	Obj/core_memp.o
    0x0101ff30   0x0000002e   Code   RO       2297  .text.netif_issue_reports.part.0	Obj/core_netif.o
    0x0101ff5e   0x00000002   PAD
    0x0101ff60   0x00000002   Code   RO       2298  .text.netif_init	Obj/core_netif.o
    0x0101ff62   0x00000002   PAD
    0x0101ff64   0x00000084   Code   RO       2304  .text.netif_set_ipaddr	Obj/core_netif.o
    0x0101ffe8   0x00000042   Code   RO       2305  .text.netif_set_addr	Obj/core_netif.o
    0x0102002a   0x00000002   PAD
    0x0102002c   0x000000c0   Code   RO       2306  .text.netif_add	Obj/core_netif.o
    0x010200ec   0x0000000c   Code   RO       2309  .text.netif_set_default	Obj/core_netif.o
    0x010200f8   0x0000003c   Code   RO       2310  .text.netif_set_up	Obj/core_netif.o
    0x01020134   0x00000038   Code   RO       2314  .text.netif_set_link_up	Obj/core_netif.o
    0x0102016c   0x00000014   Code   RO       2315  .text.netif_set_link_down	Obj/core_netif.o
    0x01020180   0x00000006   Code   RO       2355  .text.raw_recv 	Obj/core_raw.o
    0x01020186   0x00000002   PAD
    0x01020188   0x00000050   Code   RO       2356  .text.raw_remove	Obj/core_raw.o
    0x010201d8   0x00000030   Code   RO       2357  .text.raw_new  	Obj/core_raw.o
    0x01020208   0x00000040   Code   RO       2358  .text.raw_netif_ip_addr_changed	Obj/core_raw.o
    0x01020248   0x00000070   Code   RO       2404  .text.tcp_close_shutdown_fin	Obj/core_tcp.o
    0x010202b8   0x00000002   Code   RO       2405  .text.tcp_init 	Obj/core_tcp.o
    0x010202ba   0x00000002   PAD
    0x010202bc   0x00000008   Code   RO       2410  .text.tcp_arg  	Obj/core_tcp.o
    0x010202c4   0x00000030   Code   RO       2411  .text.tcp_recv 	Obj/core_tcp.o
    0x010202f4   0x00000030   Code   RO       2412  .text.tcp_sent 	Obj/core_tcp.o
    0x01020324   0x00000030   Code   RO       2413  .text.tcp_err  	Obj/core_tcp.o
    0x01020354   0x0000000e   Code   RO       2414  .text.tcp_accept	Obj/core_tcp.o
    0x01020362   0x00000002   PAD
    0x01020364   0x0000003c   Code   RO       2415  .text.tcp_poll 	Obj/core_tcp.o
    0x010203a0   0x0000000c   Code   RO       2416  .text.tcp_debug_state_str	Obj/core_tcp.o
    0x010203ac   0x000000b4   Code   RO       2421  .text.tcp_pcbs_sane	Obj/core_tcp.o
    0x01020460   0x000000d0   Code   RO       2422  .text.tcp_pcb_remove	Obj/core_tcp.o
    0x01020530   0x000001ac   Code   RO       2423  .text.tcp_close_shutdown	Obj/core_tcp.o
    0x010206dc   0x00000018   Code   RO       2424  .text.tcp_close	Obj/core_tcp.o
    0x010206f4   0x0000005e   Code   RO       2425  .text.tcp_shutdown	Obj/core_tcp.o
    0x01020752   0x00000002   PAD
    0x01020754   0x00000118   Code   RO       2426  .text.tcp_abandon	Obj/core_tcp.o
    0x0102086c   0x0000000a   Code   RO       2427  .text.tcp_abort	Obj/core_tcp.o
    0x01020876   0x00000002   PAD
    0x01020878   0x00000026   Code   RO       2429  .text.tcp_netif_ip_addr_changed_pcblist	Obj/core_tcp.o
    0x0102089e   0x00000002   PAD
    0x010208a0   0x0000005c   Code   RO       2430  .text.tcp_netif_ip_addr_changed	Obj/core_tcp.o
    0x010208fc   0x0000005a   Code   RO       2502  .text.tcp_send_fin	Obj/core_tcp_out.o
    0x01020956   0x00000002   PAD
    0x01020958   0x000000e8   Code   RO       2503  .text.tcp_rst  	Obj/core_tcp_out.o
    0x01020a40   0x0000005a   Code   RO       2504  .text.tcp_keepalive	Obj/core_tcp_out.o
    0x01020a9a   0x00000002   PAD
    0x01020a9c   0x000000a8   Code   RO       2521  .text.sys_timeout	Obj/core_timeouts.o
    0x01020b44   0x00000038   Code   RO       2523  .text.sys_timeouts_init	Obj/core_timeouts.o
    0x01020b7c   0x00000002   Code   RO       2544  .text.udp_init 	Obj/core_udp.o
    0x01020b7e   0x00000002   PAD
    0x01020b80   0x000000e8   Code   RO       2546  .text.udp_bind 	Obj/core_udp.o
    0x01020c68   0x00000060   Code   RO       2547  .text.udp_connect	Obj/core_udp.o
    0x01020cc8   0x00000050   Code   RO       2549  .text.udp_remove	Obj/core_udp.o
    0x01020d18   0x00000022   Code   RO       2550  .text.udp_new  	Obj/core_udp.o
    0x01020d3a   0x00000002   PAD
    0x01020d3c   0x00000008   Code   RO       2551  .text.udp_new_ip_type	Obj/core_udp.o
    0x01020d44   0x00000040   Code   RO       2552  .text.udp_netif_ip_addr_changed	Obj/core_udp.o
    0x01020d84   0x0000005c   Code   RO       2590  .text.eth_netif_device_init	Obj/netif_ethernetif.o
    0x01020de0   0x00000098   Code   RO       2592  .text.set_if   	Obj/netif_ethernetif.o
    0x01020e78   0x00000022   Code   RO       2593  .text.set_dns  	Obj/netif_ethernetif.o
    0x01020e9a   0x00000002   PAD
    0x01020e9c   0x000001b8   Code   RO       2594  .text.list_if  	Obj/netif_ethernetif.o
    0x01021054   0x0000006c   Code   RO       2595  .text.list_udps	Obj/netif_ethernetif.o
    0x010210c0   0x00000140   Code   RO       2596  .text.list_tcps	Obj/netif_ethernetif.o
    0x01021200   0x000000c4   Code   RO       2597  .text.eth_device_init_with_flag	Obj/netif_ethernetif.o
    0x010212c4   0x0000000a   Code   RO       2598  .text.eth_device_init	Obj/netif_ethernetif.o
    0x010212ce   0x00000002   PAD
    0x010212d0   0x0000004c   Code   RO       2599  .text.eth_device_linkchange	Obj/netif_ethernetif.o
    0x0102131c   0x0000009c   Code   RO       2601  .text.eth_system_device_init_private	Obj/netif_ethernetif.o
    0x010213b8   0x00000048   Code   RO       2602  .text.eth_get_ipv4	Obj/netif_ethernetif.o
    0x01021400   0x00000032   Code   RO       2657  .text.dhcp_check	Obj/ipv4_dhcp.o
    0x01021432   0x00000002   PAD
    0x01021434   0x00000170   Code   RO       2658  .text.dhcp_bind	Obj/ipv4_dhcp.o
    0x010215a4   0x00000078   Code   RO       2659  .text.dhcp_inc_pcb_refcount	Obj/ipv4_dhcp.o
    0x0102161c   0x0000004c   Code   RO       2660  .text.dhcp_option_short.isra.0	Obj/ipv4_dhcp.o
    0x01021668   0x00000058   Code   RO       2661  .text.dhcp_option.isra.1	Obj/ipv4_dhcp.o
    0x010216c0   0x0000003c   Code   RO       2662  .text.dhcp_option_byte.isra.2	Obj/ipv4_dhcp.o
    0x010216fc   0x0000020c   Code   RO       2663  .text.dhcp_create_msg	Obj/ipv4_dhcp.o
    0x01021908   0x0000008c   Code   RO       2664  .text.dhcp_option_trailer	Obj/ipv4_dhcp.o
    0x01021994   0x0000006c   Code   RO       2665  .text.dhcp_option_long.isra.4	Obj/ipv4_dhcp.o
    0x01021a00   0x00000070   Code   RO       2666  .text.dhcp_delete_msg	Obj/ipv4_dhcp.o
    0x01021a70   0x000000f0   Code   RO       2667  .text.dhcp_discover	Obj/ipv4_dhcp.o
    0x01021b60   0x00000128   Code   RO       2668  .text.dhcp_select	Obj/ipv4_dhcp.o
    0x01021c88   0x00000108   Code   RO       2669  .text.dhcp_reboot	Obj/ipv4_dhcp.o
    0x01021d90   0x00000044   Code   RO       2670  .text.dhcp_dec_pcb_refcount	Obj/ipv4_dhcp.o
    0x01021dd4   0x000000c0   Code   RO       2671  .text.unlikely.dhcp_handle_ack.isra.8	Obj/ipv4_dhcp.o
    0x01021e94   0x000005a4   Code   RO       2672  .text.dhcp_recv	Obj/ipv4_dhcp.o
    0x01022438   0x00000030   Code   RO       2677  .text.dhcp_network_changed	Obj/ipv4_dhcp.o
    0x01022468   0x000000c4   Code   RO       2678  .text.dhcp_arp_reply	Obj/ipv4_dhcp.o
    0x0102252c   0x000000e8   Code   RO       2679  .text.dhcp_renew	Obj/ipv4_dhcp.o
    0x01022614   0x000000d4   Code   RO       2680  .text.dhcp_release	Obj/ipv4_dhcp.o
    0x010226e8   0x0000017c   Code   RO       2681  .text.dhcp_coarse_tmr	Obj/ipv4_dhcp.o
    0x01022864   0x0000008c   Code   RO       2682  .text.dhcp_fine_tmr	Obj/ipv4_dhcp.o
    0x010228f0   0x00000064   Code   RO       2683  .text.dhcp_stop	Obj/ipv4_dhcp.o
    0x01022954   0x000000d8   Code   RO       2684  .text.dhcp_start	Obj/ipv4_dhcp.o
    0x01022a2c   0x00000074   Code   RO       2720  .text.free_etharp_q	Obj/ipv4_etharp.o
    0x01022aa0   0x00000108   Code   RO       2722  .text.etharp_output_to_arp_index	Obj/ipv4_etharp.o
    0x01022ba8   0x000001d8   Code   RO       2724  .text.etharp_query	Obj/ipv4_etharp.o
    0x01022d80   0x00000030   Code   RO       2725  .text.etharp_request	Obj/ipv4_etharp.o
    0x01022db0   0x000000b0   Code   RO       2747  .text.icmp_send_response.isra.0	Obj/ipv4_icmp.o
    0x01022e60   0x000000ec   Code   RO       2748  .text.icmp_input	Obj/ipv4_icmp.o
    0x01022f4c   0x0000000e   Code   RO       2749  .text.icmp_dest_unreach	Obj/ipv4_icmp.o
    0x01022f5a   0x00000002   PAD
    0x01022f5c   0x0000000e   Code   RO       2750  .text.icmp_time_exceeded	Obj/ipv4_icmp.o
    0x01022f6a   0x00000002   PAD
    0x01022f6c   0x000000e0   Code   RO       2767  .text.igmp_send	Obj/ipv4_igmp.o
    0x0102304c   0x00000046   Code   RO       2768  .text.igmp_delaying_member	Obj/ipv4_igmp.o
    0x01023092   0x00000002   PAD
    0x01023094   0x0000009c   Code   RO       2769  .text.igmp_lookup_group.isra.3	Obj/ipv4_igmp.o
    0x01023130   0x00000020   Code   RO       2770  .text.igmp_init	Obj/ipv4_igmp.o
    0x01023150   0x0000003c   Code   RO       2771  .text.igmp_start	Obj/ipv4_igmp.o
    0x0102318c   0x0000001e   Code   RO       2773  .text.igmp_report_groups	Obj/ipv4_igmp.o
    0x010231aa   0x00000002   PAD
    0x010231ac   0x0000001e   Code   RO       2774  .text.igmp_lookfor_group	Obj/ipv4_igmp.o
    0x010231ca   0x00000002   PAD
    0x010231cc   0x000000c8   Code   RO       2775  .text.igmp_input	Obj/ipv4_igmp.o
    0x01023294   0x000000d8   Code   RO       2776  .text.igmp_joingroup_netif	Obj/ipv4_igmp.o
    0x0102336c   0x00000098   Code   RO       2777  .text.igmp_joingroup	Obj/ipv4_igmp.o
    0x01023404   0x000000fc   Code   RO       2778  .text.igmp_leavegroup_netif	Obj/ipv4_igmp.o
    0x01023500   0x000000a4   Code   RO       2779  .text.igmp_leavegroup	Obj/ipv4_igmp.o
    0x010235a4   0x0000005c   Code   RO       2780  .text.igmp_tmr 	Obj/ipv4_igmp.o
    0x01023600   0x00000058   Code   RO       2864  .text.sendto_ntp_server	Obj/ntp_ntp.o
    0x01023658   0x000002e4   Code   RO       2865  .text.ntp_get_time	Obj/ntp_ntp.o
    0x0102393c   0x00000044   Code   RO       2867  .text.ntp_sync_to_rtc	Obj/ntp_ntp.o
    0x01023980   0x00000030   Code   RO       2868  .text.ntp_sync 	Obj/ntp_ntp.o
    0x010239b0   0x00000016   Code   RO       2869  .text.cmd_ntp_sync	Obj/ntp_ntp.o
    0x010239c6   0x00000002   PAD
    0x010239c8   0x00000270   Code   RO       2890  .text.ping     	Obj/ping_ping.o
    0x01023c38   0x00000024   Code   RO       2891  .text.cmd_ping 	Obj/ping_ping.o
    0x01023c5c   0x00000008   Code   RO       2924  .text.dma_intr_enable	bsp_dma.o
    0x01023c64   0x00000050   Code   RO       2974  .text.h2x_hw_init	bsp_h2x.o
    0x01023cb4   0x000000b8   Code   RO       3128  .text.uart_hw_init	bsp_uart.o
    0x01023d6c   0x00000040   Code   RO       3129  .text.uart_intr_enable	bsp_uart.o
    0x01023dac   0x00000040   Code   RO       3130  .text.uart_intr_disable	bsp_uart.o
    0x01023dec   0x0000002a   Code   RO       3132  .text.console_putc	bsp_uart.o
    0x01023e16   0x00000002   PAD
    0x01023e18   0x00000032   Code   RO       3134  .text.uart_putc	bsp_uart.o
    0x01023e4a   0x00000002   PAD
    0x01023e4c   0x0000001c   Code   RO       3140  .text.uart_rx_ready	bsp_uart.o
    0x01023e68   0x00000014   Code   RO       3141  .text.uart_ndelay_getc	bsp_uart.o
    0x01023e7c   0x00000078   Code   RO       3164  .text.chip_reset	bsp_wdt.o
    0x01023ef4   0x00000028   Code   RO       3952  .text.mem_hw_init	common_memcpy_hw.o
    0x01023f1c   0x00000058   Code   RO       4142  .text.gmac_addr_filter_set	gmac_gmac.o
    0x01023f74   0x00000016   Code   RO       4143  .text.gmac_addr_filter_get	gmac_gmac.o
    0x01023f8a   0x00000002   PAD
    0x01023f8c   0x00000128   Code   RO       4144  .text.gmac_hash_filter_set	gmac_gmac.o
    0x010240b4   0x00000018   Code   RO       4145  .text.gmac_hash_filter_get	gmac_gmac.o
    0x010240cc   0x00000042   Code   RO       4146  .text.gmac_mac_addr_set	gmac_gmac.o
    0x0102410e   0x00000002   PAD
    0x01024110   0x00000046   Code   RO       4147  .text.gmac_mac_addr_get	gmac_gmac.o
    0x01024156   0x00000002   PAD
    0x01024158   0x00000086   Code   RO       4148  .text.gmac_flow_ctrl_enable	gmac_gmac.o
    0x010241de   0x00000002   PAD
    0x010241e0   0x00000020   Code   RO       4149  .text.gmac_flow_ctrl_disable	gmac_gmac.o
    0x01024200   0x0000001c   Code   RO       4150  .text.gmac_tx_enable	gmac_gmac.o
    0x0102421c   0x00000018   Code   RO       4151  .text.gmac_tx_disable	gmac_gmac.o
    0x01024234   0x00000020   Code   RO       4152  .text.gmac_rx_enable	gmac_gmac.o
    0x01024254   0x00000018   Code   RO       4153  .text.gmac_rx_disable	gmac_gmac.o
    0x0102426c   0x00000018   Code   RO       4154  .text.gmac_jumbo_frame_enable	gmac_gmac.o
    0x01024284   0x00000016   Code   RO       4155  .text.gmac_jumbo_frame_disable	gmac_gmac.o
    0x0102429a   0x00000002   PAD
    0x0102429c   0x00000054   Code   RO       4156  .text.gmac_chksum_offload_set	gmac_gmac.o
    0x010242f0   0x00000198   Code   RO       4158  .text.gmac_wol_wakeup_frame_filter_set	gmac_gmac.o
    0x01024488   0x00000022   Code   RO       4159  .text.gmac_wol_wakeup_event_set	gmac_gmac.o
    0x010244aa   0x00000002   PAD
    0x010244ac   0x0000004e   Code   RO       4161  .text.gmac_wol_mode_enter	gmac_gmac.o
    0x010244fa   0x00000002   PAD
    0x010244fc   0x0000003e   Code   RO       4162  .text.gmac_wol_mode_exit	gmac_gmac.o
    0x0102453a   0x00000002   PAD
    0x0102453c   0x00000018   Code   RO       4163  .text.gmac_wol_state_poll	gmac_gmac.o
    0x01024554   0x0000005c   Code   RO       4164  .text.gmac_speed_duplex_set	gmac_gmac.o
    0x010245b0   0x0000009e   Code   RO       4165  .text.gmac_statistics_get	gmac_gmac.o
    0x0102464e   0x00000002   PAD
    0x01024650   0x000000f0   Code   RO       4166  .text.gmac_tx_queue_init	gmac_gmac.o
    0x01024740   0x000000f4   Code   RO       4167  .text.gmac_rx_queue_init	gmac_gmac.o
    0x01024834   0x00000074   Code   RO       4168  .text.gmac_hw_init	gmac_gmac.o
    0x010248a8   0x00000028   Code   RO       4169  .text.gmac_hw_deinit	gmac_gmac.o
    0x010248d0   0x00000020   Code   RO       4640  .text.csi_cache_set_range	ck803_core_ck803.o
    0x010248f0   0x00000038   Code   RO       4668  .text.core_timer_hw_init	ck803_core_timer.o
    0x01024928   0x00000010   Code   RO       4670  .text.core_timer_intr_enable	ck803_core_timer.o
    0x01024938   0x00000010   Code   RO       4671  .text.core_timer_intr_disable	ck803_core_timer.o
    0x01024948   0x00000068   Code   RO       4688  .text.intr_hw_init	ck803_interrupt.o
    0x010249b0   0x0000000c   Data   RO         26  FSymTab        	Obj/entry_ipraw.o
    0x010249bc   0x0000000c   Data   RO        501  FSymTab        	Obj/src_mem.o
    0x010249c8   0x0000000c   Data   RO        743  FSymTab        	Obj/common_showmem.o
    0x010249d4   0x0000000c   Data   RO        778  FSymTab        	Obj/src_dfs.o
    0x010249e0   0x00000030   Data   RO        818  FSymTab        	Obj/src_dfs_file.o
    0x01024a10   0x00000018   Data   RO        852  FSymTab        	Obj/src_dfs_fs.o
    0x01024a28   0x00000018   Data   RO        888  FSymTab        	Obj/src_dfs_posix.o
    0x01024a40   0x0000000c   Data   RO       1020  FSymTab        	Obj/elmfat_dfs_elm.o
    0x01024a4c   0x00000030   Data   RO       1308  FSymTab        	Obj/rtc_rtc.o
    0x01024a7c   0x00000108   Data   RO       1637  FSymTab        	Obj/finsh_cmd.o
    0x01024b84   0x0000000c   Data   RO       1662  FSymTab        	Obj/finsh_msh.o
    0x01024b90   0x000000cc   Data   RO       1708  FSymTab        	Obj/finsh_msh_cmd.o
    0x01024c5c   0x0000003c   Data   RO       2619  FSymTab        	Obj/netif_ethernetif.o
    0x01024c98   0x00000018   Data   RO       2874  FSymTab        	Obj/ntp_ntp.o
    0x01024cb0   0x00000018   Data   RO       2896  FSymTab        	Obj/ping_ping.o
    0x01024cc8   0x00000004   Data   RO        292  .rti_fn.0      	Obj/src_components.o
    0x01024ccc   0x00000004   Data   RO        293  .rti_fn.0.end  	Obj/src_components.o
    0x01024cd0   0x00000004   Data   RO        154  .rti_fn.1      	Obj/drivers_drv_uart.o
    0x01024cd4   0x00000004   Data   RO        294  .rti_fn.1.end  	Obj/src_components.o
    0x01024cd8   0x00000004   Data   RO        777  .rti_fn.2      	Obj/src_dfs.o
    0x01024cdc   0x00000004   Data   RO       1868  .rti_fn.2      	Obj/arch_sys_arch.o
    0x01024ce0   0x00000004   Data   RO       1334  .rti_fn.3      	Obj/rtc_soft_rtc.o
    0x01024ce4   0x00000008   Data   RO        108  .rti_fn.4      	Obj/drivers_drv_eth.o
    0x01024cec   0x00000004   Data   RO       1019  .rti_fn.4      	Obj/elmfat_dfs_elm.o
    0x01024cf0   0x00000004   Data   RO       1221  .rti_fn.4      	Obj/ramfs_dfs_ramfs.o
    0x01024cf4   0x00000004   Data   RO       1255  .rti_fn.4      	Obj/romfs_dfs_romfs.o
    0x01024cf8   0x00000004   Data   RO       1307  .rti_fn.4      	Obj/rtc_rtc.o
    0x01024cfc   0x00000004   Data   RO       1805  .rti_fn.4      	Obj/time_clock_time.o
    0x01024d00   0x00000004   Data   RO       1576  .rti_fn.6      	Obj/finsh_shell.o
    0x01024d04   0x00000004   Data   RO        295  .rti_fn.6.end  	Obj/src_components.o
    0x01024d08   0x00000008   PAD
    0x01024d10   0x00000050   Data   RO       1622  .rodata        	Obj/finsh_cmd.o
    0x01024d60   0x00000150   Data   RO       1758  .rodata        	Obj/minilibc_string.o
    0x01024eb0   0x00000014   Data   RO       2055  .rodata        	Obj/api_sockets.o
    0x01024ec4   0x00000014   Data   RO       2335  .rodata        	Obj/core_pbuf.o
    0x01024ed8   0x00000028   Data   RO       2470  .rodata        	Obj/core_tcp_in.o
    0x01024f00   0x00000014   Data   RO       2825  .rodata        	Obj/ipv4_ip4_addr.o
    0x01024f14   0x00000100   Data   RO       3023  .rodata        	bsp_scu.o
    0x01025014   0x00000014   Data   RO       4873  .rodata        	_thenan_df.o
    0x01025028   0x00000100   Data   RO       4887  .rodata        	_clz.o
    0x01025128   0x00000240   Data   RO       4985  .rodata        	strerror.o
    0x01025368   0x00000016   Data   RO         23  .rodata.data_print.constprop.1.str1.4	Obj/entry_ipraw.o
    0x0102537e   0x00000002   PAD
    0x01025380   0x000000f8   Data   RO         24  .rodata.iprawtest.str1.4	Obj/entry_ipraw.o
    0x01025478   0x0000002c   Data   RO         25  .rodata.name   	Obj/entry_ipraw.o
    0x010254a4   0x00000008   Data   RO         57  .rodata.main.str1.4	Obj/entry_main.o
    0x010254ac   0x00000020   Data   RO         58  .rodata.thread1_entry.str1.4	Obj/entry_main.o
    0x010254cc   0x0000000b   Data   RO         76  .rodata.core_timer_init.str1.4	Obj/drivers_drv_ctimer.o
    0x010254d7   0x00000001   PAD
    0x010254d8   0x00000044   Data   RO         99  .rodata.eth_dev_control	Obj/drivers_drv_eth.o
    0x0102551c   0x00000010   Data   RO        102  .rodata.__FUNCTION__.4451	Obj/drivers_drv_eth.o
    0x0102552c   0x0000009c   Data   RO        103  .rodata.eth_dev_control.str1.4	Obj/drivers_drv_eth.o
    0x010255c8   0x00000025   Data   RO        104  .rodata.eth_dev_init.str1.4	Obj/drivers_drv_eth.o
    0x010255ed   0x00000003   PAD
    0x010255f0   0x00000037   Data   RO        105  .rodata.rt_hw_t610_eth0_init.str1.4	Obj/drivers_drv_eth.o
    0x01025627   0x00000001   PAD
    0x01025628   0x00000037   Data   RO        106  .rodata.rt_hw_t610_eth1_init.str1.4	Obj/drivers_drv_eth.o
    0x0102565f   0x00000001   PAD
    0x01025660   0x00000056   Data   RO        107  .rodata.str1.4 	Obj/drivers_drv_eth.o
    0x010256b6   0x00000002   PAD
    0x010256b8   0x00000013   Data   RO        147  .rodata.__FUNCTION__.3746	Obj/drivers_drv_uart.o
    0x010256cb   0x00000001   PAD
    0x010256cc   0x00000011   Data   RO        148  .rodata.__FUNCTION__.3753	Obj/drivers_drv_uart.o
    0x010256dd   0x00000003   PAD
    0x010256e0   0x0000000e   Data   RO        149  .rodata.__FUNCTION__.3762	Obj/drivers_drv_uart.o
    0x010256ee   0x00000002   PAD
    0x010256f0   0x0000000e   Data   RO        150  .rodata.__FUNCTION__.3772	Obj/drivers_drv_uart.o
    0x010256fe   0x00000002   PAD
    0x01025700   0x00000006   Data   RO        151  .rodata.drv_uart_init.str1.4	Obj/drivers_drv_uart.o
    0x01025706   0x00000002   PAD
    0x01025708   0x0000003e   Data   RO        152  .rodata.str1.4 	Obj/drivers_drv_uart.o
    0x01025746   0x00000002   PAD
    0x01025748   0x00000014   Data   RO        153  .rodata.uart_ops	Obj/drivers_drv_uart.o
    0x0102575c   0x00000020   Data   RO        222  .rodata.m88e1512_phy_ops	Obj/src_tih_phy_m88e1512.o
    0x0102577c   0x00000020   Data   RO        246  .rodata.rtl8211_phy_ops	Obj/src_tih_phy_rtl8211.o
    0x0102579c   0x00000014   Data   RO        290  .rodata.__FUNCTION__.3490	Obj/src_components.o
    0x010257b0   0x00000017   Data   RO        291  .rodata.rt_application_init.str1.4	Obj/src_components.o
    0x010257c7   0x00000001   PAD
    0x010257c8   0x0000000f   Data   RO        319  .rodata.__FUNCTION__.2712	Obj/src_device.o
    0x010257d7   0x00000001   PAD
    0x010257d8   0x0000000f   Data   RO        320  .rodata.__FUNCTION__.2729	Obj/src_device.o
    0x010257e7   0x00000001   PAD
    0x010257e8   0x0000000f   Data   RO        321  .rodata.__FUNCTION__.2735	Obj/src_device.o
    0x010257f7   0x00000001   PAD
    0x010257f8   0x00000010   Data   RO        322  .rodata.__FUNCTION__.2740	Obj/src_device.o
    0x01025808   0x0000000f   Data   RO        323  .rodata.__FUNCTION__.2747	Obj/src_device.o
    0x01025817   0x00000001   PAD
    0x01025818   0x00000010   Data   RO        324  .rodata.__FUNCTION__.2754	Obj/src_device.o
    0x01025828   0x00000012   Data   RO        325  .rodata.__FUNCTION__.2760	Obj/src_device.o
    0x0102583a   0x00000002   PAD
    0x0102583c   0x0000001a   Data   RO        326  .rodata.__FUNCTION__.2767	Obj/src_device.o
    0x01025856   0x00000002   PAD
    0x01025858   0x0000001a   Data   RO        327  .rodata.__FUNCTION__.2774	Obj/src_device.o
    0x01025872   0x00000002   PAD
    0x01025874   0x00000036   Data   RO        328  .rodata.rt_device_init.str1.4	Obj/src_device.o
    0x010258aa   0x00000002   PAD
    0x010258ac   0x0000000f   Data   RO        329  .rodata.rt_device_unregister.str1.4	Obj/src_device.o
    0x010258bb   0x00000001   PAD
    0x010258bc   0x0000002c   Data   RO        330  .rodata.str1.4 	Obj/src_device.o
    0x010258e8   0x00000016   Data   RO        351  .rodata.__FUNCTION__.3458	Obj/src_idle.o
    0x010258fe   0x00000002   PAD
    0x01025900   0x00000006   Data   RO        352  .rodata.rt_thread_idle_init.str1.4	Obj/src_idle.o
    0x01025906   0x00000002   PAD
    0x01025908   0x00000027   Data   RO        353  .rodata.str1.4 	Obj/src_idle.o
    0x0102592f   0x00000001   PAD
    0x01025930   0x0000000c   Data   RO        370  .rodata.__FUNCTION__.3476	Obj/src_ipc.o
    0x0102593c   0x0000000e   Data   RO        371  .rodata.__FUNCTION__.3480	Obj/src_ipc.o
    0x0102594a   0x00000002   PAD
    0x0102594c   0x0000000e   Data   RO        372  .rodata.__FUNCTION__.3488	Obj/src_ipc.o
    0x0102595a   0x00000002   PAD
    0x0102595c   0x0000000e   Data   RO        373  .rodata.__FUNCTION__.3493	Obj/src_ipc.o
    0x0102596a   0x00000002   PAD
    0x0102596c   0x0000000c   Data   RO        374  .rodata.__FUNCTION__.3500	Obj/src_ipc.o
    0x01025978   0x0000000f   Data   RO        375  .rodata.__FUNCTION__.3517	Obj/src_ipc.o
    0x01025987   0x00000001   PAD
    0x01025988   0x0000000e   Data   RO        376  .rodata.__FUNCTION__.3524	Obj/src_ipc.o
    0x01025996   0x00000002   PAD
    0x01025998   0x00000010   Data   RO        377  .rodata.__FUNCTION__.3528	Obj/src_ipc.o
    0x010259a8   0x00000010   Data   RO        378  .rodata.__FUNCTION__.3535	Obj/src_ipc.o
    0x010259b8   0x00000010   Data   RO        379  .rodata.__FUNCTION__.3540	Obj/src_ipc.o
    0x010259c8   0x0000000e   Data   RO        380  .rodata.__FUNCTION__.3548	Obj/src_ipc.o
    0x010259d6   0x00000002   PAD
    0x010259d8   0x00000011   Data   RO        381  .rodata.__FUNCTION__.3558	Obj/src_ipc.o
    0x010259e9   0x00000003   PAD
    0x010259ec   0x0000000e   Data   RO        382  .rodata.__FUNCTION__.3570	Obj/src_ipc.o
    0x010259fa   0x00000002   PAD
    0x010259fc   0x00000010   Data   RO        383  .rodata.__FUNCTION__.3574	Obj/src_ipc.o
    0x01025a0c   0x00000010   Data   RO        384  .rodata.__FUNCTION__.3581	Obj/src_ipc.o
    0x01025a1c   0x00000010   Data   RO        385  .rodata.__FUNCTION__.3585	Obj/src_ipc.o
    0x01025a2c   0x0000000e   Data   RO        386  .rodata.__FUNCTION__.3596	Obj/src_ipc.o
    0x01025a3a   0x00000002   PAD
    0x01025a3c   0x0000000e   Data   RO        387  .rodata.__FUNCTION__.3611	Obj/src_ipc.o
    0x01025a4a   0x00000002   PAD
    0x01025a4c   0x00000011   Data   RO        388  .rodata.__FUNCTION__.3619	Obj/src_ipc.o
    0x01025a5d   0x00000003   PAD
    0x01025a60   0x0000000b   Data   RO        389  .rodata.__FUNCTION__.3627	Obj/src_ipc.o
    0x01025a6b   0x00000001   PAD
    0x01025a6c   0x0000000d   Data   RO        390  .rodata.__FUNCTION__.3631	Obj/src_ipc.o
    0x01025a79   0x00000003   PAD
    0x01025a7c   0x0000000d   Data   RO        391  .rodata.__FUNCTION__.3639	Obj/src_ipc.o
    0x01025a89   0x00000003   PAD
    0x01025a8c   0x0000000d   Data   RO        392  .rodata.__FUNCTION__.3644	Obj/src_ipc.o
    0x01025a99   0x00000003   PAD
    0x01025a9c   0x00000010   Data   RO        393  .rodata.__FUNCTION__.3653	Obj/src_ipc.o
    0x01025aac   0x0000000b   Data   RO        394  .rodata.__FUNCTION__.3671	Obj/src_ipc.o
    0x01025ab7   0x00000001   PAD
    0x01025ab8   0x0000000e   Data   RO        395  .rodata.__FUNCTION__.3683	Obj/src_ipc.o
    0x01025ac6   0x00000002   PAD
    0x01025ac8   0x0000000b   Data   RO        396  .rodata.__FUNCTION__.3696	Obj/src_ipc.o
    0x01025ad3   0x00000001   PAD
    0x01025ad4   0x0000000d   Data   RO        397  .rodata.__FUNCTION__.3703	Obj/src_ipc.o
    0x01025ae1   0x00000003   PAD
    0x01025ae4   0x0000000d   Data   RO        398  .rodata.__FUNCTION__.3714	Obj/src_ipc.o
    0x01025af1   0x00000003   PAD
    0x01025af4   0x0000000d   Data   RO        399  .rodata.__FUNCTION__.3722	Obj/src_ipc.o
    0x01025b01   0x00000003   PAD
    0x01025b04   0x0000000b   Data   RO        400  .rodata.__FUNCTION__.3730	Obj/src_ipc.o
    0x01025b0f   0x00000001   PAD
    0x01025b10   0x0000000d   Data   RO        401  .rodata.__FUNCTION__.3738	Obj/src_ipc.o
    0x01025b1d   0x00000003   PAD
    0x01025b20   0x0000000b   Data   RO        402  .rodata.__FUNCTION__.3749	Obj/src_ipc.o
    0x01025b2b   0x00000001   PAD
    0x01025b2c   0x0000000e   Data   RO        403  .rodata.__FUNCTION__.3762	Obj/src_ipc.o
    0x01025b3a   0x00000002   PAD
    0x01025b3c   0x000000ae   Data   RO        404  .rodata.str1.4 	Obj/src_ipc.o
    0x01025bea   0x00000002   PAD
    0x01025bec   0x00000150   Data   RO        442  .rodata.rt_vsnprintf	Obj/src_kservice.o
    0x01025d3c   0x00000100   Data   RO        456  .rodata.__lowest_bit_bitmap	Obj/src_kservice.o
    0x01025e3c   0x00000011   Data   RO        457  .rodata.large_digits.3609	Obj/src_kservice.o
    0x01025e4d   0x00000003   PAD
    0x01025e50   0x00000086   Data   RO        459  .rodata.rt_show_version.str1.4	Obj/src_kservice.o
    0x01025ed6   0x00000002   PAD
    0x01025ed8   0x00000007   Data   RO        460  .rodata.rt_vsnprintf.str1.4	Obj/src_kservice.o
    0x01025edf   0x00000001   PAD
    0x01025ee0   0x00000011   Data   RO        461  .rodata.small_digits.3608	Obj/src_kservice.o
    0x01025ef1   0x00000003   PAD
    0x01025ef4   0x00000037   Data   RO        462  .rodata.str1.4 	Obj/src_kservice.o
    0x01025f2b   0x00000001   PAD
    0x01025f2c   0x0000000b   Data   RO        491  .rodata.__FUNCTION__.3467	Obj/src_mem.o
    0x01025f37   0x00000001   PAD
    0x01025f38   0x00000014   Data   RO        492  .rodata.__FUNCTION__.3476	Obj/src_mem.o
    0x01025f4c   0x0000000a   Data   RO        493  .rodata.__FUNCTION__.3485	Obj/src_mem.o
    0x01025f56   0x00000002   PAD
    0x01025f58   0x0000000b   Data   RO        494  .rodata.__FUNCTION__.3503	Obj/src_mem.o
    0x01025f63   0x00000001   PAD
    0x01025f64   0x0000000a   Data   RO        495  .rodata.__FUNCTION__.3510	Obj/src_mem.o
    0x01025f6e   0x00000002   PAD
    0x01025f70   0x00000008   Data   RO        496  .rodata.__FUNCTION__.3516	Obj/src_mem.o
    0x01025f78   0x00000046   Data   RO        497  .rodata.list_mem.str1.4	Obj/src_mem.o
    0x01025fbe   0x00000002   PAD
    0x01025fc0   0x00000029   Data   RO        498  .rodata.name   	Obj/src_mem.o
    0x01025fe9   0x00000003   PAD
    0x01025fec   0x00000042   Data   RO        499  .rodata.rt_system_heap_init.str1.4	Obj/src_mem.o
    0x0102602e   0x00000002   PAD
    0x01026030   0x00000221   Data   RO        500  .rodata.str1.4 	Obj/src_mem.o
    0x01026251   0x00000003   PAD
    0x01026254   0x00000012   Data   RO        520  .rodata.__FUNCTION__.3447	Obj/src_memheap.o
    0x01026266   0x00000002   PAD
    0x01026268   0x00000011   Data   RO        521  .rodata.__FUNCTION__.3455	Obj/src_memheap.o
    0x01026279   0x00000003   PAD
    0x0102627c   0x00000013   Data   RO        522  .rodata.__FUNCTION__.3471	Obj/src_memheap.o
    0x0102628f   0x00000001   PAD
    0x01026290   0x00000010   Data   RO        523  .rodata.__FUNCTION__.3482	Obj/src_memheap.o
    0x010262a0   0x000000c6   Data   RO        525  .rodata.str1.4 	Obj/src_memheap.o
    0x01026366   0x00000002   PAD
    0x01026368   0x0000000f   Data   RO        545  .rodata.__FUNCTION__.3495	Obj/src_object.o
    0x01026377   0x00000001   PAD
    0x01026378   0x00000011   Data   RO        546  .rodata.__FUNCTION__.3500	Obj/src_object.o
    0x01026389   0x00000003   PAD
    0x0102638c   0x00000013   Data   RO        547  .rodata.__FUNCTION__.3509	Obj/src_object.o
    0x0102639f   0x00000001   PAD
    0x010263a0   0x00000011   Data   RO        548  .rodata.__FUNCTION__.3514	Obj/src_object.o
    0x010263b1   0x00000003   PAD
    0x010263b4   0x0000001a   Data   RO        549  .rodata.__FUNCTION__.3518	Obj/src_object.o
    0x010263ce   0x00000002   PAD
    0x010263d0   0x0000000f   Data   RO        550  .rodata.__FUNCTION__.3527	Obj/src_object.o
    0x010263df   0x00000001   PAD
    0x010263e0   0x0000003d   Data   RO        551  .rodata.str1.4 	Obj/src_object.o
    0x0102641d   0x00000003   PAD
    0x01026420   0x0000001a   Data   RO        573  .rodata.__FUNCTION__.3454	Obj/src_scheduler.o
    0x0102643a   0x00000002   PAD
    0x0102643c   0x0000001a   Data   RO        574  .rodata.__FUNCTION__.3490	Obj/src_scheduler.o
    0x01026456   0x00000002   PAD
    0x01026458   0x0000001a   Data   RO        575  .rodata.__FUNCTION__.3495	Obj/src_scheduler.o
    0x01026472   0x00000002   PAD
    0x01026474   0x00000084   Data   RO        576  .rodata.str1.4 	Obj/src_scheduler.o
    0x010264f8   0x00000010   Data   RO        612  .rodata.__FUNCTION__.3473	Obj/src_thread.o
    0x01026508   0x0000000f   Data   RO        613  .rodata.__FUNCTION__.3485	Obj/src_thread.o
    0x01026517   0x00000001   PAD
    0x01026518   0x00000012   Data   RO        614  .rodata.__FUNCTION__.3492	Obj/src_thread.o
    0x0102652a   0x00000002   PAD
    0x0102652c   0x00000011   Data   RO        615  .rodata.__FUNCTION__.3497	Obj/src_thread.o
    0x0102653d   0x00000003   PAD
    0x01026540   0x00000011   Data   RO        616  .rodata.__FUNCTION__.3513	Obj/src_thread.o
    0x01026551   0x00000003   PAD
    0x01026554   0x00000010   Data   RO        617  .rodata.__FUNCTION__.3524	Obj/src_thread.o
    0x01026564   0x00000012   Data   RO        618  .rodata.__FUNCTION__.3538	Obj/src_thread.o
    0x01026576   0x00000002   PAD
    0x01026578   0x00000012   Data   RO        619  .rodata.__FUNCTION__.3548	Obj/src_thread.o
    0x0102658a   0x00000002   PAD
    0x0102658c   0x00000011   Data   RO        620  .rodata.__FUNCTION__.3553	Obj/src_thread.o
    0x0102659d   0x00000003   PAD
    0x010265a0   0x00000012   Data   RO        621  .rodata.__FUNCTION__.3558	Obj/src_thread.o
    0x010265b2   0x00000002   PAD
    0x010265b4   0x0000000f   Data   RO        622  .rodata.__FUNCTION__.3565	Obj/src_thread.o
    0x010265c3   0x00000001   PAD
    0x010265c4   0x00000022   Data   RO        623  .rodata._rt_thread_init.isra.0.str1.4	Obj/src_thread.o
    0x010265e6   0x00000002   PAD
    0x010265e8   0x00000017   Data   RO        624  .rodata.rt_thread_init.str1.4	Obj/src_thread.o
    0x010265ff   0x00000001   PAD
    0x01026600   0x00000073   Data   RO        625  .rodata.str1.4 	Obj/src_thread.o
    0x01026673   0x00000001   PAD
    0x01026674   0x0000000e   Data   RO        646  .rodata.__FUNCTION__.3479	Obj/src_timer.o
    0x01026682   0x00000002   PAD
    0x01026684   0x00000010   Data   RO        647  .rodata.__FUNCTION__.3484	Obj/src_timer.o
    0x01026694   0x00000010   Data   RO        648  .rodata.__FUNCTION__.3498	Obj/src_timer.o
    0x010266a4   0x0000000f   Data   RO        649  .rodata.__FUNCTION__.3508	Obj/src_timer.o
    0x010266b3   0x00000001   PAD
    0x010266b4   0x0000000e   Data   RO        650  .rodata.__FUNCTION__.3525	Obj/src_timer.o
    0x010266c2   0x00000002   PAD
    0x010266c4   0x00000011   Data   RO        651  .rodata.__FUNCTION__.3531	Obj/src_timer.o
    0x010266d5   0x00000003   PAD
    0x010266d8   0x00000037   Data   RO        652  .rodata.str1.4 	Obj/src_timer.o
    0x0102670f   0x00000001   PAD
    0x01026710   0x00000149   Data   RO        676  .rodata.rt_hw_hard_fault_exception.str1.4	Obj/ck803_cpuport.o
    0x01026859   0x00000003   PAD
    0x0102685c   0x00000041   Data   RO        740  .rodata.name   	Obj/common_showmem.o
    0x0102689d   0x00000003   PAD
    0x010268a0   0x00000015   Data   RO        741  .rodata.rt_hw_show_memory.str1.4	Obj/common_showmem.o
    0x010268b5   0x00000003   PAD
    0x010268b8   0x00000043   Data   RO        742  .rodata.rt_show_memory.str1.4	Obj/common_showmem.o
    0x010268fb   0x00000001   PAD
    0x010268fc   0x00000009   Data   RO        769  .rodata.__FUNCTION__.4145	Obj/src_dfs.o
    0x01026905   0x00000003   PAD
    0x01026908   0x00000007   Data   RO        770  .rodata.__FUNCTION__.4179	Obj/src_dfs.o
    0x0102690f   0x00000001   PAD
    0x01026910   0x00000013   Data   RO        771  .rodata.__FUNCTION__.4211	Obj/src_dfs.o
    0x01026923   0x00000001   PAD
    0x01026924   0x00000029   Data   RO        772  .rodata.dfs_init.str1.4	Obj/src_dfs.o
    0x0102694d   0x00000003   PAD
    0x01026950   0x0000001a   Data   RO        773  .rodata.dfs_normalize_path.str1.4	Obj/src_dfs.o
    0x0102696a   0x00000002   PAD
    0x0102696c   0x0000007f   Data   RO        774  .rodata.list_fd.str1.4	Obj/src_dfs.o
    0x010269eb   0x00000001   PAD
    0x010269ec   0x00000026   Data   RO        775  .rodata.name   	Obj/src_dfs.o
    0x01026a12   0x00000002   PAD
    0x01026a14   0x0000000b   Data   RO        776  .rodata.str1.4 	Obj/src_dfs.o
    0x01026a1f   0x00000001   PAD
    0x01026a20   0x00000010   Data   RO        810  .rodata.cat.str1.4	Obj/src_dfs_file.o
    0x01026a30   0x00000044   Data   RO        811  .rodata.copy.str1.4	Obj/src_dfs_file.o
    0x01026a74   0x0000003e   Data   RO        812  .rodata.copydir.str1.4	Obj/src_dfs_file.o
    0x01026ab2   0x00000002   PAD
    0x01026ab4   0x00000056   Data   RO        813  .rodata.copyfile.str1.4	Obj/src_dfs_file.o
    0x01026b0a   0x00000002   PAD
    0x01026b0c   0x00000002   Data   RO        814  .rodata.dfs_file_open.str1.4	Obj/src_dfs_file.o
    0x01026b0e   0x00000002   PAD
    0x01026b10   0x00000053   Data   RO        815  .rodata.ls.str1.4	Obj/src_dfs_file.o
    0x01026b63   0x00000001   PAD
    0x01026b64   0x00000067   Data   RO        816  .rodata.name   	Obj/src_dfs_file.o
    0x01026bcb   0x00000001   PAD
    0x01026bcc   0x00000012   Data   RO        817  .rodata.rm.str1.4	Obj/src_dfs_file.o
    0x01026bde   0x00000002   PAD
    0x01026be0   0x00000016   Data   RO        844  .rodata.__FUNCTION__.4138	Obj/src_dfs_fs.o
    0x01026bf6   0x00000002   PAD
    0x01026bf8   0x00000056   Data   RO        846  .rodata.df.str1.4	Obj/src_dfs_fs.o
    0x01026c4e   0x00000002   PAD
    0x01026c50   0x00000005   Data   RO        848  .rodata.dfs_filesystem_lookup.str1.4	Obj/src_dfs_fs.o
    0x01026c55   0x00000003   PAD
    0x01026c58   0x00000031   Data   RO        849  .rodata.dfs_mkfs.str1.4	Obj/src_dfs_fs.o
    0x01026c89   0x00000003   PAD
    0x01026c8c   0x0000002d   Data   RO        851  .rodata.name   	Obj/src_dfs_fs.o
    0x01026cb9   0x00000003   PAD
    0x01026cbc   0x00000042   Data   RO        887  .rodata.name   	Obj/src_dfs_posix.o
    0x01026cfe   0x00000002   PAD
    0x01026d00   0x00000007   Data   RO        921  .rodata.__FUNCTION__.4229	Obj/src_select.o
    0x01026d07   0x00000001   PAD
    0x01026d08   0x0000000d   Data   RO        922  .rodata.str1.4 	Obj/src_select.o
    0x01026d15   0x00000003   PAD
    0x01026d18   0x00000014   Data   RO        948  .rodata.__FUNCTION__.4136	Obj/devfs_devfs.o
    0x01026d2c   0x00000013   Data   RO        949  .rodata.__FUNCTION__.4144	Obj/devfs_devfs.o
    0x01026d3f   0x00000001   PAD
    0x01026d40   0x00000014   Data   RO        950  .rodata.__FUNCTION__.4152	Obj/devfs_devfs.o
    0x01026d54   0x00000014   Data   RO        951  .rodata.__FUNCTION__.4158	Obj/devfs_devfs.o
    0x01026d68   0x00000013   Data   RO        952  .rodata.__FUNCTION__.4170	Obj/devfs_devfs.o
    0x01026d7b   0x00000001   PAD
    0x01026d7c   0x00000017   Data   RO        953  .rodata.__FUNCTION__.4192	Obj/devfs_devfs.o
    0x01026d93   0x00000001   PAD
    0x01026d94   0x00000024   Data   RO        954  .rodata._device_fops	Obj/devfs_devfs.o
    0x01026db8   0x00000028   Data   RO        955  .rodata._device_fs	Obj/devfs_devfs.o
    0x01026de0   0x00000017   Data   RO        956  .rodata.dfs_device_fs_getdents.str1.4	Obj/devfs_devfs.o
    0x01026df7   0x00000001   PAD
    0x01026df8   0x00000022   Data   RO        957  .rodata.dfs_device_fs_ioctl.str1.4	Obj/devfs_devfs.o
    0x01026e1a   0x00000002   PAD
    0x01026e1c   0x0000003c   Data   RO        999  .rodata.CSWTCH.11	Obj/elmfat_dfs_elm.o
    0x01026e58   0x00000010   Data   RO       1000  .rodata.__FUNCTION__.4396	Obj/elmfat_dfs_elm.o
    0x01026e68   0x0000000f   Data   RO       1001  .rodata.__FUNCTION__.4416	Obj/elmfat_dfs_elm.o
    0x01026e77   0x00000001   PAD
    0x01026e78   0x0000000e   Data   RO       1002  .rodata.__FUNCTION__.4435	Obj/elmfat_dfs_elm.o
    0x01026e86   0x00000002   PAD
    0x01026e88   0x0000000d   Data   RO       1003  .rodata.__FUNCTION__.4450	Obj/elmfat_dfs_elm.o
    0x01026e95   0x00000003   PAD
    0x01026e98   0x0000000e   Data   RO       1004  .rodata.__FUNCTION__.4459	Obj/elmfat_dfs_elm.o
    0x01026ea6   0x00000002   PAD
    0x01026ea8   0x0000000e   Data   RO       1005  .rodata.__FUNCTION__.4465	Obj/elmfat_dfs_elm.o
    0x01026eb6   0x00000002   PAD
    0x01026eb8   0x0000000e   Data   RO       1006  .rodata.__FUNCTION__.4472	Obj/elmfat_dfs_elm.o
    0x01026ec6   0x00000002   PAD
    0x01026ec8   0x00000011   Data   RO       1007  .rodata.__FUNCTION__.4484	Obj/elmfat_dfs_elm.o
    0x01026ed9   0x00000003   PAD
    0x01026edc   0x00000028   Data   RO       1008  .rodata.dfs_elm	Obj/elmfat_dfs_elm.o
    0x01026f04   0x0000001e   Data   RO       1009  .rodata.dfs_elm_close.str1.4	Obj/elmfat_dfs_elm.o
    0x01026f22   0x00000002   PAD
    0x01026f24   0x00000024   Data   RO       1010  .rodata.dfs_elm_fops	Obj/elmfat_dfs_elm.o
    0x01026f48   0x00000037   Data   RO       1011  .rodata.dfs_elm_mkfs.str1.4	Obj/elmfat_dfs_elm.o
    0x01026f7f   0x00000001   PAD
    0x01026f80   0x00000049   Data   RO       1012  .rodata.dfs_elm_mount.str1.4	Obj/elmfat_dfs_elm.o
    0x01026fc9   0x00000003   PAD
    0x01026fcc   0x00000006   Data   RO       1013  .rodata.dfs_elm_open.str1.4	Obj/elmfat_dfs_elm.o
    0x01026fd2   0x00000002   PAD
    0x01026fd4   0x0000001f   Data   RO       1014  .rodata.dfs_elm_statfs.str1.4	Obj/elmfat_dfs_elm.o
    0x01026ff3   0x00000001   PAD
    0x01026ff4   0x0000000f   Data   RO       1015  .rodata.dfs_elm_unmount.str1.4	Obj/elmfat_dfs_elm.o
    0x01027003   0x00000001   PAD
    0x01027004   0x00000006   Data   RO       1016  .rodata.ff_cre_syncobj.str1.4	Obj/elmfat_dfs_elm.o
    0x0102700a   0x00000002   PAD
    0x0102700c   0x0000006b   Data   RO       1017  .rodata.mount_elm_ata.str1.4	Obj/elmfat_dfs_elm.o
    0x01027077   0x00000001   PAD
    0x01027078   0x0000002d   Data   RO       1018  .rodata.name   	Obj/elmfat_dfs_elm.o
    0x010270a5   0x00000003   PAD
    0x010270a8   0x00000080   Data   RO       1076  .rodata.ExCvt  	Obj/elmfat_ff.o
    0x01027128   0x0000000d   Data   RO       1077  .rodata.LfnOfs 	Obj/elmfat_ff.o
    0x01027135   0x00000003   PAD
    0x01027138   0x0000000c   Data   RO       1078  .rodata.check_fs.str1.4	Obj/elmfat_ff.o
    0x01027144   0x0000000e   Data   RO       1079  .rodata.cst.3542	Obj/elmfat_ff.o
    0x01027152   0x00000002   PAD
    0x01027154   0x0000000e   Data   RO       1080  .rodata.cst32.3543	Obj/elmfat_ff.o
    0x01027162   0x00000002   PAD
    0x01027164   0x00000034   Data   RO       1081  .rodata.f_mkfs.str1.4	Obj/elmfat_ff.o
    0x01027198   0x00000013   Data   RO       1082  .rodata.follow_path.str1.4	Obj/elmfat_ff.o
    0x010271ab   0x00000001   PAD
    0x010271ac   0x00000024   Data   RO       1100  .rodata.ff_wtoupper	Obj/option_ccsbcs.o
    0x010271d0   0x00000100   Data   RO       1101  .rodata.Tbl    	Obj/option_ccsbcs.o
    0x010272d0   0x000001f2   Data   RO       1102  .rodata.cvt1.2688	Obj/option_ccsbcs.o
    0x010274c2   0x00000002   PAD
    0x010274c4   0x000000bc   Data   RO       1103  .rodata.cvt2.2689	Obj/option_ccsbcs.o
    0x01027580   0x00000024   Data   RO       1123  .rodata._net_fops	Obj/net_dfs_net.o
    0x010275a4   0x00000014   Data   RO       1159  .rodata.event_callback	Obj/net_net_sockets.o
    0x010275b8   0x0000000f   Data   RO       1173  .rodata.__FUNCTION__.3839	Obj/net_net_sockets.o
    0x010275c7   0x00000001   PAD
    0x010275c8   0x00000011   Data   RO       1174  .rodata.accept.str1.4	Obj/net_net_sockets.o
    0x010275d9   0x00000003   PAD
    0x010275dc   0x00000046   Data   RO       1175  .rodata.event_callback.str1.4	Obj/net_net_sockets.o
    0x01027622   0x00000002   PAD
    0x01027624   0x00000011   Data   RO       1207  .rodata.__FUNCTION__.4147	Obj/ramfs_dfs_ramfs.o
    0x01027635   0x00000003   PAD
    0x01027638   0x0000000f   Data   RO       1208  .rodata.__FUNCTION__.4173	Obj/ramfs_dfs_ramfs.o
    0x01027647   0x00000001   PAD
    0x01027648   0x00000010   Data   RO       1209  .rodata.__FUNCTION__.4181	Obj/ramfs_dfs_ramfs.o
    0x01027658   0x0000000f   Data   RO       1210  .rodata.__FUNCTION__.4197	Obj/ramfs_dfs_ramfs.o
    0x01027667   0x00000001   PAD
    0x01027668   0x00000013   Data   RO       1211  .rodata.__FUNCTION__.4220	Obj/ramfs_dfs_ramfs.o
    0x0102767b   0x00000001   PAD
    0x0102767c   0x00000011   Data   RO       1212  .rodata.__FUNCTION__.4231	Obj/ramfs_dfs_ramfs.o
    0x0102768d   0x00000003   PAD
    0x01027690   0x00000011   Data   RO       1213  .rodata.__FUNCTION__.4240	Obj/ramfs_dfs_ramfs.o
    0x010276a1   0x00000003   PAD
    0x010276a4   0x00000024   Data   RO       1214  .rodata._ram_fops	Obj/ramfs_dfs_ramfs.o
    0x010276c8   0x00000028   Data   RO       1215  .rodata._ramfs 	Obj/ramfs_dfs_ramfs.o
    0x010276f0   0x00000011   Data   RO       1217  .rodata.dfs_ramfs_getdents.str1.4	Obj/ramfs_dfs_ramfs.o
    0x01027701   0x00000003   PAD
    0x01027704   0x0000000f   Data   RO       1218  .rodata.dfs_ramfs_read.str1.4	Obj/ramfs_dfs_ramfs.o
    0x01027713   0x00000001   PAD
    0x01027714   0x0000001c   Data   RO       1219  .rodata.dfs_ramfs_statfs.str1.4	Obj/ramfs_dfs_ramfs.o
    0x01027730   0x00000004   Data   RO       1220  .rodata.str1.4 	Obj/ramfs_dfs_ramfs.o
    0x01027734   0x0000000f   Data   RO       1248  .rodata.__FUNCTION__.4179	Obj/romfs_dfs_romfs.o
    0x01027743   0x00000001   PAD
    0x01027744   0x00000013   Data   RO       1249  .rodata.__FUNCTION__.4212	Obj/romfs_dfs_romfs.o
    0x01027757   0x00000001   PAD
    0x01027758   0x00000024   Data   RO       1250  .rodata._rom_fops	Obj/romfs_dfs_romfs.o
    0x0102777c   0x00000028   Data   RO       1251  .rodata._romfs 	Obj/romfs_dfs_romfs.o
    0x010277a4   0x00000021   Data   RO       1252  .rodata.dfs_romfs_getdents.str1.4	Obj/romfs_dfs_romfs.o
    0x010277c5   0x00000003   PAD
    0x010277c8   0x0000004a   Data   RO       1253  .rodata.dfs_romfs_init.str1.4	Obj/romfs_dfs_romfs.o
    0x01027812   0x00000002   PAD
    0x01027814   0x00000040   Data   RO       1271  .rodata._romfs_root	Obj/romfs_romfs.o
    0x01027854   0x00000000   Data   RO       1272  .rodata._romfs_root_exfat	Obj/romfs_romfs.o
    0x01027854   0x00000000   Data   RO       1273  .rodata._romfs_root_ext4	Obj/romfs_romfs.o
    0x01027854   0x00000000   Data   RO       1274  .rodata._romfs_root_ram	Obj/romfs_romfs.o
    0x01027854   0x00000010   Data   RO       1275  .rodata._romfs_root_rom	Obj/romfs_romfs.o
    0x01027864   0x00000050   Data   RO       1276  .rodata._romfs_root_rom_webnet	Obj/romfs_romfs.o
    0x010278b4   0x00000000   Data   RO       1277  .rodata._romfs_root_rom_webnet_admin	Obj/romfs_romfs.o
    0x010278b4   0x00000ab1   Data   RO       1278  .rodata._romfs_root_rom_webnet_index_html	Obj/romfs_romfs.o
    0x01028365   0x00000003   PAD
    0x01028368   0x00000142   Data   RO       1279  .rodata._romfs_root_rom_webnet_index_shtml	Obj/romfs_romfs.o
    0x010284aa   0x00000002   PAD
    0x010284ac   0x00000000   Data   RO       1280  .rodata._romfs_root_rom_webnet_upload	Obj/romfs_romfs.o
    0x010284ac   0x000000cd   Data   RO       1281  .rodata._romfs_root_rom_webnet_version_asp	Obj/romfs_romfs.o
    0x01028579   0x00000003   PAD
    0x0102857c   0x00000010   Data   RO       1282  .rodata.romfs_root	Obj/romfs_romfs.o
    0x0102858c   0x0000004c   Data   RO       1283  .rodata.str1.4 	Obj/romfs_romfs.o
    0x010285d8   0x00000123   Data   RO       1302  .rodata.date.str1.4	Obj/rtc_rtc.o
    0x010286fb   0x00000001   PAD
    0x010286fc   0x000000c2   Data   RO       1304  .rodata.name   	Obj/rtc_rtc.o
    0x010287be   0x00000002   PAD
    0x010287c0   0x00000009   Data   RO       1305  .rodata.rt_rtc_ntp_sync_init.str1.4	Obj/rtc_rtc.o
    0x010287c9   0x00000003   PAD
    0x010287cc   0x00000004   Data   RO       1306  .rodata.set_date.str1.4	Obj/rtc_rtc.o
    0x010287d0   0x00000011   Data   RO       1330  .rodata.__FUNCTION__.2556	Obj/rtc_soft_rtc.o
    0x010287e1   0x00000003   PAD
    0x010287e4   0x00000011   Data   RO       1331  .rodata.__FUNCTION__.2565	Obj/rtc_soft_rtc.o
    0x010287f5   0x00000003   PAD
    0x010287f8   0x00000017   Data   RO       1332  .rodata.rt_soft_rtc_init.str1.4	Obj/rtc_soft_rtc.o
    0x0102880f   0x00000001   PAD
    0x01028810   0x00000006   Data   RO       1366  .rodata.CSWTCH.27	Obj/serial_serial.o
    0x01028816   0x00000002   PAD
    0x01028818   0x00000011   Data   RO       1367  .rodata.__FUNCTION__.4213	Obj/serial_serial.o
    0x01028829   0x00000003   PAD
    0x0102882c   0x00000011   Data   RO       1368  .rodata.__FUNCTION__.4255	Obj/serial_serial.o
    0x0102883d   0x00000003   PAD
    0x01028840   0x0000000f   Data   RO       1369  .rodata.__FUNCTION__.4287	Obj/serial_serial.o
    0x0102884f   0x00000001   PAD
    0x01028850   0x0000000f   Data   RO       1370  .rodata.__FUNCTION__.4300	Obj/serial_serial.o
    0x0102885f   0x00000001   PAD
    0x01028860   0x0000001d   Data   RO       1371  .rodata.__FUNCTION__.4308	Obj/serial_serial.o
    0x0102887d   0x00000003   PAD
    0x01028880   0x0000001d   Data   RO       1372  .rodata.__FUNCTION__.4317	Obj/serial_serial.o
    0x0102889d   0x00000003   PAD
    0x010288a0   0x0000001d   Data   RO       1373  .rodata.__FUNCTION__.4323	Obj/serial_serial.o
    0x010288bd   0x00000003   PAD
    0x010288c0   0x0000000f   Data   RO       1374  .rodata.__FUNCTION__.4330	Obj/serial_serial.o
    0x010288cf   0x00000001   PAD
    0x010288d0   0x0000000f   Data   RO       1375  .rodata.__FUNCTION__.4349	Obj/serial_serial.o
    0x010288df   0x00000001   PAD
    0x010288e0   0x0000000f   Data   RO       1376  .rodata.__FUNCTION__.4356	Obj/serial_serial.o
    0x010288ef   0x00000001   PAD
    0x010288f0   0x00000010   Data   RO       1377  .rodata.__FUNCTION__.4366	Obj/serial_serial.o
    0x01028900   0x0000000f   Data   RO       1378  .rodata.__FUNCTION__.4379	Obj/serial_serial.o
    0x0102890f   0x00000001   PAD
    0x01028910   0x00000010   Data   RO       1379  .rodata.__FUNCTION__.4387	Obj/serial_serial.o
    0x01028920   0x00000012   Data   RO       1380  .rodata.__FUNCTION__.4395	Obj/serial_serial.o
    0x01028932   0x00000002   PAD
    0x01028934   0x00000016   Data   RO       1381  .rodata.__FUNCTION__.4413	Obj/serial_serial.o
    0x0102894a   0x00000002   PAD
    0x0102894c   0x00000011   Data   RO       1382  .rodata.__FUNCTION__.4422	Obj/serial_serial.o
    0x0102895d   0x00000003   PAD
    0x01028960   0x00000013   Data   RO       1383  .rodata._serial_fifo_calc_recved_len.str1.4	Obj/serial_serial.o
    0x01028973   0x00000001   PAD
    0x01028974   0x00000024   Data   RO       1384  .rodata._serial_fops	Obj/serial_serial.o
    0x01028998   0x00000026   Data   RO       1385  .rodata.rt_hw_serial_isr.str1.4	Obj/serial_serial.o
    0x010289be   0x00000002   PAD
    0x010289c0   0x0000003b   Data   RO       1388  .rodata.rt_serial_open.str1.4	Obj/serial_serial.o
    0x010289fb   0x00000001   PAD
    0x010289fc   0x0000007a   Data   RO       1389  .rodata.rt_serial_read.str1.4	Obj/serial_serial.o
    0x01028a76   0x00000002   PAD
    0x01028a78   0x0000000e   Data   RO       1390  .rodata.rt_serial_write.str1.4	Obj/serial_serial.o
    0x01028a86   0x00000002   PAD
    0x01028a88   0x00000012   Data   RO       1391  .rodata.serial_fops_poll.str1.4	Obj/serial_serial.o
    0x01028a9a   0x00000002   PAD
    0x01028a9c   0x00000013   Data   RO       1409  .rodata.__FUNCTION__.3689	Obj/src_completion.o
    0x01028aaf   0x00000001   PAD
    0x01028ab0   0x00000013   Data   RO       1410  .rodata.__FUNCTION__.3697	Obj/src_completion.o
    0x01028ac3   0x00000001   PAD
    0x01028ac4   0x00000013   Data   RO       1411  .rodata.__FUNCTION__.3704	Obj/src_completion.o
    0x01028ad7   0x00000001   PAD
    0x01028ad8   0x00000016   Data   RO       1412  .rodata.rt_completion_init.str1.4	Obj/src_completion.o
    0x01028aee   0x00000002   PAD
    0x01028af0   0x0000002f   Data   RO       1413  .rodata.str1.4 	Obj/src_completion.o
    0x01028b1f   0x00000001   PAD
    0x01028b20   0x00000013   Data   RO       1431  .rodata.__FUNCTION__.3695	Obj/src_dataqueue.o
    0x01028b33   0x00000001   PAD
    0x01028b34   0x00000013   Data   RO       1432  .rodata.__FUNCTION__.3705	Obj/src_dataqueue.o
    0x01028b47   0x00000001   PAD
    0x01028b48   0x00000012   Data   RO       1433  .rodata.__FUNCTION__.3720	Obj/src_dataqueue.o
    0x01028b5a   0x00000002   PAD
    0x01028b5c   0x00000013   Data   RO       1434  .rodata.__FUNCTION__.3732	Obj/src_dataqueue.o
    0x01028b6f   0x00000001   PAD
    0x01028b70   0x00000024   Data   RO       1436  .rodata.str1.4 	Obj/src_dataqueue.o
    0x01028b94   0x0000000f   Data   RO       1506  .rodata.__FUNCTION__.3721	Obj/src_waitqueue.o
    0x01028ba3   0x00000001   PAD
    0x01028ba4   0x00000016   Data   RO       1564  .rodata.__FUNCTION__.4383	Obj/finsh_shell.o
    0x01028bba   0x00000002   PAD
    0x01028bbc   0x0000000e   Data   RO       1565  .rodata.__FUNCTION__.4388	Obj/finsh_shell.o
    0x01028bca   0x00000002   PAD
    0x01028bcc   0x0000000d   Data   RO       1566  .rodata.__FUNCTION__.4396	Obj/finsh_shell.o
    0x01028bd9   0x00000003   PAD
    0x01028bdc   0x00000011   Data   RO       1567  .rodata.__FUNCTION__.4401	Obj/finsh_shell.o
    0x01028bed   0x00000003   PAD
    0x01028bf0   0x00000011   Data   RO       1571  .rodata.finsh_rx_ind.str1.4	Obj/finsh_shell.o
    0x01028c01   0x00000003   PAD
    0x01028c04   0x00000020   Data   RO       1572  .rodata.finsh_set_device.str1.4	Obj/finsh_shell.o
    0x01028c24   0x00000041   Data   RO       1573  .rodata.finsh_system_init.str1.4	Obj/finsh_shell.o
    0x01028c65   0x00000003   PAD
    0x01028c68   0x00000014   Data   RO       1574  .rodata.finsh_thread_entry.str1.4	Obj/finsh_shell.o
    0x01028c7c   0x0000000d   Data   RO       1575  .rodata.shell_handle_history.str1.4	Obj/finsh_shell.o
    0x01028c89   0x00000003   PAD
    0x01028c8c   0x00000012   Data   RO       1623  .rodata.hello.str1.4	Obj/finsh_cmd.o
    0x01028c9e   0x00000002   PAD
    0x01028ca0   0x00000025   Data   RO       1624  .rodata.list.str1.4	Obj/finsh_cmd.o
    0x01028cc5   0x00000003   PAD
    0x01028cc8   0x0000005f   Data   RO       1625  .rodata.list_device.str1.4	Obj/finsh_cmd.o
    0x01028d27   0x00000001   PAD
    0x01028d28   0x0000006e   Data   RO       1626  .rodata.list_event.str1.4	Obj/finsh_cmd.o
    0x01028d96   0x00000002   PAD
    0x01028d98   0x00000076   Data   RO       1627  .rodata.list_mailbox.str1.4	Obj/finsh_cmd.o
    0x01028e0e   0x00000002   PAD
    0x01028e10   0x00000080   Data   RO       1628  .rodata.list_memheap.str1.4	Obj/finsh_cmd.o
    0x01028e90   0x00000065   Data   RO       1629  .rodata.list_msgqueue.str1.4	Obj/finsh_cmd.o
    0x01028ef5   0x00000003   PAD
    0x01028ef8   0x00000063   Data   RO       1630  .rodata.list_mutex.str1.4	Obj/finsh_cmd.o
    0x01028f5b   0x00000001   PAD
    0x01028f5c   0x00000060   Data   RO       1631  .rodata.list_sem.str1.4	Obj/finsh_cmd.o
    0x01028fbc   0x000000f4   Data   RO       1632  .rodata.list_thread.str1.4	Obj/finsh_cmd.o
    0x010290b0   0x0000009d   Data   RO       1633  .rodata.list_timer.str1.4	Obj/finsh_cmd.o
    0x0102914d   0x00000003   PAD
    0x01029150   0x0000037a   Data   RO       1634  .rodata.name   	Obj/finsh_cmd.o
    0x010294ca   0x00000002   PAD
    0x010294cc   0x00000119   Data   RO       1636  .rodata.str1.4 	Obj/finsh_cmd.o
    0x010295e5   0x00000003   PAD
    0x010295e8   0x0000003c   Data   RO       1659  .rodata.msh_exec.str1.4	Obj/finsh_msh.o
    0x01029624   0x00000030   Data   RO       1660  .rodata.msh_help.str1.4	Obj/finsh_msh.o
    0x01029654   0x00000023   Data   RO       1661  .rodata.name   	Obj/finsh_msh.o
    0x01029677   0x00000001   PAD
    0x01029678   0x0000002d   Data   RO       1695  .rodata.cmd_cat.str1.4	Obj/finsh_msh_cmd.o
    0x010296a5   0x00000003   PAD
    0x010296a8   0x00000017   Data   RO       1696  .rodata.cmd_cd.str1.4	Obj/finsh_msh_cmd.o
    0x010296bf   0x00000001   PAD
    0x010296c0   0x0000002e   Data   RO       1697  .rodata.cmd_cp.str1.4	Obj/finsh_msh_cmd.o
    0x010296ee   0x00000002   PAD
    0x010296f0   0x00000017   Data   RO       1698  .rodata.cmd_df.str1.4	Obj/finsh_msh_cmd.o
    0x01029707   0x00000001   PAD
    0x01029708   0x00000049   Data   RO       1699  .rodata.cmd_dns.str1.4	Obj/finsh_msh_cmd.o
    0x01029751   0x00000003   PAD
    0x01029754   0x00000039   Data   RO       1700  .rodata.cmd_echo.str1.4	Obj/finsh_msh_cmd.o
    0x0102978d   0x00000003   PAD
    0x01029790   0x00000088   Data   RO       1701  .rodata.cmd_ifconfig.str1.4	Obj/finsh_msh_cmd.o
    0x01029818   0x00000059   Data   RO       1702  .rodata.cmd_mkdir.str1.4	Obj/finsh_msh_cmd.o
    0x01029871   0x00000003   PAD
    0x01029874   0x0000003c   Data   RO       1703  .rodata.cmd_mkfs.str1.4	Obj/finsh_msh_cmd.o
    0x010298b0   0x0000005a   Data   RO       1704  .rodata.cmd_mv.str1.4	Obj/finsh_msh_cmd.o
    0x0102990a   0x00000002   PAD
    0x0102990c   0x00000032   Data   RO       1706  .rodata.cmd_rm.str1.4	Obj/finsh_msh_cmd.o
    0x0102993e   0x00000002   PAD
    0x01029940   0x000002d1   Data   RO       1707  .rodata.name   	Obj/finsh_msh_cmd.o
    0x01029c11   0x00000003   PAD
    0x01029c14   0x00000012   Data   RO       1725  .rodata.msh_exec_script.str1.4	Obj/finsh_msh_file.o
    0x01029c26   0x00000002   PAD
    0x01029c28   0x0000001a   Data   RO       1780  .rodata.__spm  	Obj/minilibc_time.o
    0x01029c42   0x00000002   PAD
    0x01029c44   0x0000001d   Data   RO       1781  .rodata.days   	Obj/minilibc_time.o
    0x01029c61   0x00000003   PAD
    0x01029c64   0x00000031   Data   RO       1782  .rodata.months 	Obj/minilibc_time.o
    0x01029c95   0x00000003   PAD
    0x01029c98   0x00000019   Data   RO       1851  .rodata.__FUNCTION__.4539	Obj/arch_sys_arch.o
    0x01029cb1   0x00000003   PAD
    0x01029cb4   0x0000000c   Data   RO       1852  .rodata.__FUNCTION__.4566	Obj/arch_sys_arch.o
    0x01029cc0   0x0000000d   Data   RO       1853  .rodata.__FUNCTION__.4571	Obj/arch_sys_arch.o
    0x01029ccd   0x00000003   PAD
    0x01029cd0   0x00000012   Data   RO       1854  .rodata.__FUNCTION__.4583	Obj/arch_sys_arch.o
    0x01029ce2   0x00000002   PAD
    0x01029ce4   0x0000000e   Data   RO       1855  .rodata.__FUNCTION__.4597	Obj/arch_sys_arch.o
    0x01029cf2   0x00000002   PAD
    0x01029cf4   0x0000000f   Data   RO       1856  .rodata.__FUNCTION__.4602	Obj/arch_sys_arch.o
    0x01029d03   0x00000001   PAD
    0x01029d04   0x0000000f   Data   RO       1857  .rodata.__FUNCTION__.4610	Obj/arch_sys_arch.o
    0x01029d13   0x00000001   PAD
    0x01029d14   0x0000000d   Data   RO       1858  .rodata.__FUNCTION__.4625	Obj/arch_sys_arch.o
    0x01029d21   0x00000003   PAD
    0x01029d24   0x0000000e   Data   RO       1859  .rodata.__FUNCTION__.4630	Obj/arch_sys_arch.o
    0x01029d32   0x00000002   PAD
    0x01029d34   0x0000000e   Data   RO       1860  .rodata.__FUNCTION__.4636	Obj/arch_sys_arch.o
    0x01029d42   0x00000002   PAD
    0x01029d44   0x00000014   Data   RO       1861  .rodata.__FUNCTION__.4650	Obj/arch_sys_arch.o
    0x01029d58   0x0000000f   Data   RO       1862  .rodata.__FUNCTION__.4671	Obj/arch_sys_arch.o
    0x01029d67   0x00000001   PAD
    0x01029d68   0x00000010   Data   RO       1863  .rodata.__FUNCTION__.4683	Obj/arch_sys_arch.o
    0x01029d78   0x00000094   Data   RO       1864  .rodata.lwip_system_init.str1.4	Obj/arch_sys_arch.o
    0x01029e0c   0x00000054   Data   RO       1865  .rodata.str1.4 	Obj/arch_sys_arch.o
    0x01029e60   0x0000000e   Data   RO       1867  .rodata.tcpip_init_done_callback.str1.4	Obj/arch_sys_arch.o
    0x01029e6e   0x00000002   PAD
    0x01029e70   0x00000051   Data   RO       1900  .rodata.netconn_close_shutdown.str1.4	Obj/api_api_lib.o
    0x01029ec1   0x00000003   PAD
    0x01029ec4   0x0000005e   Data   RO       1903  .rodata.netconn_getaddr.str1.4	Obj/api_api_lib.o
    0x01029f22   0x00000002   PAD
    0x01029f24   0x00000048   Data   RO       1904  .rodata.netconn_gethostbyname.str1.4	Obj/api_api_lib.o
    0x01029f6c   0x00000027   Data   RO       1905  .rodata.netconn_join_leave_group.str1.4	Obj/api_api_lib.o
    0x01029f93   0x00000001   PAD
    0x01029f94   0x00000079   Data   RO       1907  .rodata.netconn_new_with_proto_and_callback.str1.4	Obj/api_api_lib.o
    0x0102a00d   0x00000003   PAD
    0x0102a010   0x000000b6   Data   RO       1908  .rodata.str1.4 	Obj/api_api_lib.o
    0x0102a0c6   0x00000002   PAD
    0x0102a0c8   0x0000008b   Data   RO       1943  .rodata.lwip_netconn_do_close_internal.str1.4	Obj/api_api_msg.o
    0x0102a153   0x00000001   PAD
    0x0102a154   0x00000037   Data   RO       1946  .rodata.lwip_netconn_do_delconn.str1.4	Obj/api_api_msg.o
    0x0102a18b   0x00000001   PAD
    0x0102a18c   0x00000015   Data   RO       1947  .rodata.lwip_netconn_do_getaddr.str1.4	Obj/api_api_msg.o
    0x0102a1a1   0x00000003   PAD
    0x0102a1a4   0x00000026   Data   RO       1948  .rodata.netconn_alloc.str1.4	Obj/api_api_msg.o
    0x0102a1ca   0x00000002   PAD
    0x0102a1cc   0x000000a8   Data   RO       1949  .rodata.netconn_free.str1.4	Obj/api_api_msg.o
    0x0102a274   0x00000210   Data   RO       1950  .rodata.str1.4 	Obj/api_api_msg.o
    0x0102a484   0x00000044   Data   RO       1968  .rodata.err_to_errno_table	Obj/api_err.o
    0x0102a4c8   0x000000df   Data   RO       1990  .rodata.str1.4 	Obj/api_netbuf.o
    0x0102a5a7   0x00000001   PAD
    0x0102a5a8   0x00000038   Data   RO       2072  .rodata.lwip_setsockopt	Obj/api_sockets.o
    0x0102a5e0   0x00000017   Data   RO       2080  .rodata.lwip_close.str1.4	Obj/api_sockets.o
    0x0102a5f7   0x00000001   PAD
    0x0102a5f8   0x0000005c   Data   RO       2082  .rodata.lwip_ioctl.str1.4	Obj/api_sockets.o
    0x0102a654   0x00000109   Data   RO       2084  .rodata.str1.4 	Obj/api_sockets.o
    0x0102a75d   0x00000003   PAD
    0x0102a760   0x00000061   Data   RO       2112  .rodata.str1.4 	Obj/api_tcpip.o
    0x0102a7c1   0x00000003   PAD
    0x0102a7c4   0x0000004e   Data   RO       2113  .rodata.tcpip_init.str1.4	Obj/api_tcpip.o
    0x0102a812   0x00000002   PAD
    0x0102a814   0x0000003b   Data   RO       2167  .rodata.dns_check_entry.str1.4	Obj/core_dns.o
    0x0102a84f   0x00000001   PAD
    0x0102a850   0x0000004a   Data   RO       2169  .rodata.dns_send.str1.4	Obj/core_dns.o
    0x0102a89a   0x00000002   PAD
    0x0102a89c   0x00000046   Data   RO       2186  .rodata.str1.4 	Obj/core_inet_chksum.o
    0x0102a8e2   0x00000002   PAD
    0x0102a8e4   0x0000000c   Data   RO       2265  .rodata.memp_ARP_QUEUE	Obj/core_memp.o
    0x0102a8f0   0x0000000c   Data   RO       2266  .rodata.memp_IGMP_GROUP	Obj/core_memp.o
    0x0102a8fc   0x0000000c   Data   RO       2267  .rodata.memp_NETBUF	Obj/core_memp.o
    0x0102a908   0x0000000c   Data   RO       2268  .rodata.memp_NETCONN	Obj/core_memp.o
    0x0102a914   0x0000000c   Data   RO       2269  .rodata.memp_NETDB	Obj/core_memp.o
    0x0102a920   0x0000000c   Data   RO       2270  .rodata.memp_PBUF	Obj/core_memp.o
    0x0102a92c   0x0000000c   Data   RO       2271  .rodata.memp_PBUF_POOL	Obj/core_memp.o
    0x0102a938   0x0000000c   Data   RO       2272  .rodata.memp_RAW_PCB	Obj/core_memp.o
    0x0102a944   0x0000000c   Data   RO       2273  .rodata.memp_REASSDATA	Obj/core_memp.o
    0x0102a950   0x0000000c   Data   RO       2274  .rodata.memp_SYS_TIMEOUT	Obj/core_memp.o
    0x0102a95c   0x0000000c   Data   RO       2275  .rodata.memp_TCPIP_MSG_API	Obj/core_memp.o
    0x0102a968   0x0000000c   Data   RO       2276  .rodata.memp_TCP_PCB	Obj/core_memp.o
    0x0102a974   0x0000000c   Data   RO       2277  .rodata.memp_TCP_PCB_LISTEN	Obj/core_memp.o
    0x0102a980   0x0000000c   Data   RO       2278  .rodata.memp_TCP_SEG	Obj/core_memp.o
    0x0102a98c   0x0000000c   Data   RO       2279  .rodata.memp_UDP_PCB	Obj/core_memp.o
    0x0102a998   0x0000003c   Data   RO       2280  .rodata.memp_pools	Obj/core_memp.o
    0x0102a9d4   0x000000c7   Data   RO       2281  .rodata.str1.4 	Obj/core_memp.o
    0x0102aa9b   0x00000001   PAD
    0x0102aa9c   0x0000004c   Data   RO       2317  .rodata.netif_add.str1.4	Obj/core_netif.o
    0x0102aae8   0x00000401   Data   RO       2336  .rodata.str1.4 	Obj/core_pbuf.o
    0x0102aee9   0x00000003   PAD
    0x0102aeec   0x000000a6   Data   RO       2360  .rodata.str1.4 	Obj/core_raw.o
    0x0102af92   0x00000002   PAD
    0x0102af94   0x0000023e   Data   RO       2436  .rodata.str1.4 	Obj/core_tcp.o
    0x0102b1d2   0x00000002   PAD
    0x0102b1d4   0x00000031   Data   RO       2437  .rodata.tcp_abandon.str1.4	Obj/core_tcp.o
    0x0102b205   0x00000003   PAD
    0x0102b208   0x0000000d   Data   RO       2438  .rodata.tcp_backoff	Obj/core_tcp.o
    0x0102b215   0x00000003   PAD
    0x0102b218   0x00000019   Data   RO       2440  .rodata.tcp_close_shutdown.str1.4	Obj/core_tcp.o
    0x0102b231   0x00000003   PAD
    0x0102b234   0x0000003e   Data   RO       2441  .rodata.tcp_close_shutdown_fin.str1.4	Obj/core_tcp.o
    0x0102b272   0x00000002   PAD
    0x0102b274   0x00000026   Data   RO       2443  .rodata.tcp_err.str1.4	Obj/core_tcp.o
    0x0102b29a   0x00000002   PAD
    0x0102b29c   0x00000010   Data   RO       2445  .rodata.tcp_pcb_lists	Obj/core_tcp.o
    0x0102b2ac   0x00000054   Data   RO       2446  .rodata.tcp_pcb_remove.str1.4	Obj/core_tcp.o
    0x0102b300   0x000000b2   Data   RO       2447  .rodata.tcp_pcbs_sane.str1.4	Obj/core_tcp.o
    0x0102b3b2   0x00000002   PAD
    0x0102b3b4   0x00000007   Data   RO       2448  .rodata.tcp_persist_backoff	Obj/core_tcp.o
    0x0102b3bb   0x00000001   PAD
    0x0102b3bc   0x0000001e   Data   RO       2449  .rodata.tcp_poll.str1.4	Obj/core_tcp.o
    0x0102b3da   0x00000002   PAD
    0x0102b3dc   0x00000027   Data   RO       2450  .rodata.tcp_recv.str1.4	Obj/core_tcp.o
    0x0102b403   0x00000001   PAD
    0x0102b404   0x00000027   Data   RO       2451  .rodata.tcp_sent.str1.4	Obj/core_tcp.o
    0x0102b42b   0x00000001   PAD
    0x0102b42c   0x0000002c   Data   RO       2452  .rodata.tcp_state_str	Obj/core_tcp.o
    0x0102b458   0x0000031b   Data   RO       2484  .rodata.str1.4 	Obj/core_tcp_in.o
    0x0102b773   0x00000001   PAD
    0x0102b774   0x000003ab   Data   RO       2505  .rodata.str1.4 	Obj/core_tcp_out.o
    0x0102bb1f   0x00000001   PAD
    0x0102bb20   0x00000038   Data   RO       2527  .rodata.lwip_cyclic_timers	Obj/core_timeouts.o
    0x0102bb58   0x00000077   Data   RO       2528  .rodata.sys_timeout.str1.4	Obj/core_timeouts.o
    0x0102bbcf   0x00000001   PAD
    0x0102bbd0   0x00000076   Data   RO       2554  .rodata.str1.4 	Obj/core_udp.o
    0x0102bc46   0x00000002   PAD
    0x0102bc48   0x00000006   Data   RO       2572  .rodata.ethbroadcast	Obj/netif_ethernet.o
    0x0102bc4e   0x00000002   PAD
    0x0102bc50   0x00000006   Data   RO       2573  .rodata.ethzero	Obj/netif_ethernet.o
    0x0102bc56   0x00000002   PAD
    0x0102bc58   0x0000006c   Data   RO       2574  .rodata.str1.4 	Obj/netif_ethernet.o
    0x0102bcc4   0x00000016   Data   RO       2607  .rodata.__FUNCTION__.4742	Obj/netif_ethernetif.o
    0x0102bcda   0x00000002   PAD
    0x0102bcdc   0x00000016   Data   RO       2608  .rodata.__FUNCTION__.4770	Obj/netif_ethernetif.o
    0x0102bcf2   0x00000002   PAD
    0x0102bcf4   0x0000001f   Data   RO       2609  .rodata.__FUNCTION__.4788	Obj/netif_ethernetif.o
    0x0102bd13   0x00000001   PAD
    0x0102bd14   0x00000015   Data   RO       2610  .rodata.eth_device_init_with_flag.str1.4	Obj/netif_ethernetif.o
    0x0102bd29   0x00000003   PAD
    0x0102bd2c   0x00000020   Data   RO       2612  .rodata.eth_system_device_init_private.str1.4	Obj/netif_ethernetif.o
    0x0102bd4c   0x000000b4   Data   RO       2613  .rodata.list_if.str1.4	Obj/netif_ethernetif.o
    0x0102be00   0x00000093   Data   RO       2614  .rodata.list_tcps.str1.4	Obj/netif_ethernetif.o
    0x0102be93   0x00000001   PAD
    0x0102be94   0x00000032   Data   RO       2615  .rodata.list_udps.str1.4	Obj/netif_ethernetif.o
    0x0102bec6   0x00000002   PAD
    0x0102bec8   0x000000c3   Data   RO       2616  .rodata.name   	Obj/netif_ethernetif.o
    0x0102bf8b   0x00000001   PAD
    0x0102bf8c   0x00000061   Data   RO       2617  .rodata.set_if.str1.4	Obj/netif_ethernetif.o
    0x0102bfed   0x00000003   PAD
    0x0102bff0   0x00000011   Data   RO       2618  .rodata.str1.4 	Obj/netif_ethernetif.o
    0x0102c001   0x00000003   PAD
    0x0102c004   0x000001e0   Data   RO       2673  .rodata.dhcp_recv	Obj/ipv4_dhcp.o
    0x0102c1e4   0x0000006c   Data   RO       2689  .rodata.dhcp_bind.str1.4	Obj/ipv4_dhcp.o
    0x0102c250   0x000000d0   Data   RO       2690  .rodata.dhcp_create_msg.str1.4	Obj/ipv4_dhcp.o
    0x0102c320   0x00000024   Data   RO       2691  .rodata.dhcp_dec_pcb_refcount.str1.4	Obj/ipv4_dhcp.o
    0x0102c344   0x0000006f   Data   RO       2692  .rodata.dhcp_delete_msg.str1.4	Obj/ipv4_dhcp.o
    0x0102c3b3   0x00000001   PAD
    0x0102c3b4   0x00000004   Data   RO       2693  .rodata.dhcp_discover_request_options	Obj/ipv4_dhcp.o
    0x0102c3b8   0x00000025   Data   RO       2694  .rodata.dhcp_inc_pcb_refcount.str1.4	Obj/ipv4_dhcp.o
    0x0102c3dd   0x00000003   PAD
    0x0102c3e0   0x00000048   Data   RO       2695  .rodata.dhcp_option.isra.1.str1.4	Obj/ipv4_dhcp.o
    0x0102c428   0x0000003b   Data   RO       2696  .rodata.dhcp_option_byte.isra.2.str1.4	Obj/ipv4_dhcp.o
    0x0102c463   0x00000001   PAD
    0x0102c464   0x00000040   Data   RO       2697  .rodata.dhcp_option_long.isra.4.str1.4	Obj/ipv4_dhcp.o
    0x0102c4a4   0x00000041   Data   RO       2698  .rodata.dhcp_option_short.isra.0.str1.4	Obj/ipv4_dhcp.o
    0x0102c4e5   0x00000003   PAD
    0x0102c4e8   0x0000008f   Data   RO       2699  .rodata.dhcp_option_trailer.str1.4	Obj/ipv4_dhcp.o
    0x0102c577   0x00000001   PAD
    0x0102c578   0x000000a7   Data   RO       2700  .rodata.dhcp_recv.str1.4	Obj/ipv4_dhcp.o
    0x0102c61f   0x00000001   PAD
    0x0102c620   0x00000044   Data   RO       2701  .rodata.dhcp_set_struct.str1.4	Obj/ipv4_dhcp.o
    0x0102c664   0x0000003c   Data   RO       2702  .rodata.dhcp_start.str1.4	Obj/ipv4_dhcp.o
    0x0102c6a0   0x00000019   Data   RO       2703  .rodata.dhcp_stop.str1.4	Obj/ipv4_dhcp.o
    0x0102c6b9   0x00000003   PAD
    0x0102c6bc   0x00000030   Data   RO       2728  .rodata.etharp_output_to_arp_index.str1.4	Obj/ipv4_etharp.o
    0x0102c6ec   0x0000001a   Data   RO       2729  .rodata.etharp_query.str1.4	Obj/ipv4_etharp.o
    0x0102c706   0x00000002   PAD
    0x0102c708   0x00000065   Data   RO       2730  .rodata.free_etharp_q.str1.4	Obj/ipv4_etharp.o
    0x0102c76d   0x00000003   PAD
    0x0102c770   0x00000124   Data   RO       2731  .rodata.str1.4 	Obj/ipv4_etharp.o
    0x0102c894   0x00000064   Data   RO       2751  .rodata.icmp_send_response.isra.0.str1.4	Obj/ipv4_icmp.o
    0x0102c8f8   0x0000006b   Data   RO       2783  .rodata.igmp_joingroup.str1.4	Obj/ipv4_igmp.o
    0x0102c963   0x00000001   PAD
    0x0102c964   0x000000b0   Data   RO       2784  .rodata.igmp_joingroup_netif.str1.4	Obj/ipv4_igmp.o
    0x0102ca14   0x0000006d   Data   RO       2785  .rodata.igmp_leavegroup.str1.4	Obj/ipv4_igmp.o
    0x0102ca81   0x00000003   PAD
    0x0102ca84   0x000000b6   Data   RO       2786  .rodata.igmp_leavegroup_netif.str1.4	Obj/ipv4_igmp.o
    0x0102cb3a   0x00000002   PAD
    0x0102cb3c   0x00000075   Data   RO       2787  .rodata.igmp_lookup_group.isra.3.str1.4	Obj/ipv4_igmp.o
    0x0102cbb1   0x00000003   PAD
    0x0102cbb4   0x00000074   Data   RO       2788  .rodata.igmp_send.str1.4	Obj/ipv4_igmp.o
    0x0102cc28   0x00000071   Data   RO       2808  .rodata.str1.4 	Obj/ipv4_ip4.o
    0x0102cc99   0x00000003   PAD
    0x0102cc9c   0x00000004   Data   RO       2827  .rodata.ip_addr_any	Obj/ipv4_ip4_addr.o
    0x0102cca0   0x00000004   Data   RO       2828  .rodata.ip_addr_broadcast	Obj/ipv4_ip4_addr.o
    0x0102cca4   0x00000048   Data   RO       2829  .rodata.str1.4 	Obj/ipv4_ip4_addr.o
    0x0102ccec   0x0000016c   Data   RO       2848  .rodata.str1.4 	Obj/ipv4_ip4_frag.o
    0x0102ce58   0x00000099   Data   RO       2871  .rodata.name   	Obj/ntp_ntp.o
    0x0102cef1   0x00000003   PAD
    0x0102cef4   0x00000033   Data   RO       2872  .rodata.ntp_get_time.str1.4	Obj/ntp_ntp.o
    0x0102cf27   0x00000001   PAD
    0x0102cf28   0x00000051   Data   RO       2873  .rodata.ntp_sync.str1.4	Obj/ntp_ntp.o
    0x0102cf79   0x00000003   PAD
    0x0102cf7c   0x00000023   Data   RO       2893  .rodata.cmd_ping.str1.4	Obj/ping_ping.o
    0x0102cf9f   0x00000001   PAD
    0x0102cfa0   0x00000039   Data   RO       2894  .rodata.name   	Obj/ping_ping.o
    0x0102cfd9   0x00000003   PAD
    0x0102cfdc   0x000000dd   Data   RO       2895  .rodata.ping.str1.4	Obj/ping_ping.o
    0x0102d0b9   0x00000003   PAD
    0x0102d0bc   0x00000090   Data   RO       3028  .rodata.CSWTCH.43	bsp_scu.o
    0x0102d14c   0x00000090   Data   RO       3029  .rodata.CSWTCH.44	bsp_scu.o
    0x0102d1dc   0x00000024   Data   RO       3030  .rodata.CSWTCH.45	bsp_scu.o
    0x0102d200   0x0000001c   Data   RO       3935  .rodata.str1.4 	common_log.o
    0x0102d21c   0x00000800   Data   RO       4986  .rodata.str1.4 	strerror.o

    Region *default* (Base: 0x00000000, Size: 0x00000000, Max: 0xffffffff)


======================================================================

Image component sizes

       Code    RO Data    RW Data    ZI Data      Debug   Object Name

          0          0          0          0          0   linker stubs
        612        326          0       1024       6361   Obj/entry_ipraw.o
          0          0          0          0          0   Obj/entry_linklayer.o
         80         40          0       1152       2299   Obj/entry_main.o
         72         11          0          0       1288   Obj/drivers_drv_ctimer.o
       3032        481          0        512      14087   Obj/drivers_drv_eth.o
        180          0          0        256       2172   Obj/drivers_drv_intr.o
        492        156          0        108       4692   Obj/drivers_drv_uart.o
        110          0          0          0       3872   Obj/drivers_retarget.o
        416          6          4          0       3239   Obj/drivers_system.o
        992         32          0          0       2875   Obj/src_tih_phy_m88e1512.o
        554         32          0          0       3078   Obj/src_tih_phy_rtl8211.o
        100          0          0          4       2204   Obj/src_clock.o
        244         59          0          0       3017   Obj/src_components.o
        826        275          0          0       6867   Obj/src_device.o
        292         67          0        388       3162   Obj/src_idle.o
       6532        645          0          0      27199   Obj/src_ipc.o
        108          0          0          9       1548   Obj/src_irq.o
       3622        996          0        268      17114   Obj/src_kservice.o
       1688        804          0         64       5623   Obj/src_mem.o
        980        268          0          0       4752   Obj/src_memheap.o
        756        170        144         20       5665   Obj/src_object.o
        660        210          0        282       4692   Obj/src_scheduler.o
          0          0          0          0          0   Obj/src_signal.o
       1606        357          0         12       8609   Obj/src_thread.o
        798        147          0         16       6909   Obj/src_timer.o
        276        329          0         16       3067   Obj/ck803_cpuport.o
        204          0          0          0       1325   Obj/ck803_stack_ck803.o
        460          0          0          0        473   Obj/ck803_contex_ck803_gcc.o
        196          0          0          0        375   Obj/ck803_startup_gcc.o
          0          0          0          0          0   Obj/common_backtrace.o
        152        165          0          0       1820   Obj/common_showmem.o
       1566        294        256        125      10116   Obj/src_dfs.o
       2148        486          0        292      12745   Obj/src_dfs_file.o
        996        240          0          0       8929   Obj/src_dfs_fs.o
       1222         94          0          0      12057   Obj/src_dfs_posix.o
        432          0          0          0       6067   Obj/src_poll.o
        596         20          0          0       2398   Obj/src_select.o
        848        283          0          0       8350   Obj/devfs_devfs.o
       2894        637          0          8      19471   Obj/elmfat_dfs_elm.o
      20562        252          0         10      74301   Obj/elmfat_ff.o
        242        978          0          0       1871   Obj/option_ccsbcs.o
        192         36          0          0       7942   Obj/net_dfs_net.o
         24          0          0          0       2530   Obj/net_net_netdb.o
        686        122          0          0      10538   Obj/net_net_sockets.o
       1112        260          0          0      10452   Obj/ramfs_dfs_ramfs.o
        824        236          0          0       8232   Obj/romfs_dfs_romfs.o
          0       3516          0          0       1510   Obj/romfs_romfs.o
        592        554          0          4       6200   Obj/rtc_rtc.o
        292         76          0         96       3031   Obj/rtc_soft_rtc.o
       3050        645          0          0      17368   Obj/serial_serial.o
        356        126          0          0       3250   Obj/src_completion.o
       1012        128          0          0       5182   Obj/src_dataqueue.o
          0          0          0          0          0   Obj/src_pipe.o
          0          0          0          0          0   Obj/src_ringbuffer.o
        364         57          0          0       4325   Obj/src_waitqueue.o
          0          0          0          0          0   Obj/src_workqueue.o
       1820        217          0        265       8769   Obj/finsh_shell.o
          0          0          0         16       1208   Obj/finsh_symbol.o
       1976       2724          0          0      14087   Obj/finsh_cmd.o
       1328        159          0          0       6035   Obj/finsh_msh.o
       1098       1621          0          0       9498   Obj/finsh_msh_cmd.o
        360         18          0          0       2401   Obj/finsh_msh_file.o
          0          0          0          0          0   Obj/minilibc_stdlib.o
       2204        336        256          4      10220   Obj/minilibc_string.o
       1268        108          0         73       6223   Obj/minilibc_time.o
         72          8          0          8       3536   Obj/time_clock_time.o
          0          0          0          0          0   Obj/time_posix_sleep.o
       1738        538          0          7      14981   Obj/arch_sys_arch.o
       1700        589          0          0      16767   Obj/api_api_lib.o
       4776        949          0          1      20488   Obj/api_api_msg.o
         32         68          0          0       1138   Obj/api_err.o
        364        223          0          0       3825   Obj/api_netbuf.o
        486          0          0        297       5510   Obj/api_netdb.o
        262          0          0          0       6078   Obj/api_netifapi.o
       4104        456          0        360      32306   Obj/api_sockets.o
        536        175          0         16       7653   Obj/api_tcpip.o
         76          0          0          0       3098   Obj/core_def.o
       2170        133          0       1162      10850   Obj/core_dns.o
        708         70          0          0       4775   Obj/core_inet_chksum.o
         40          0          0          0       4762   Obj/core_init.o
          0          0          0         24       2527   Obj/core_ip.o
          0          0          0          0          0   Obj/core_if.o
        408        439      29103         60       9535   Obj/core_memp.o
        586         76          0          9      10157   Obj/core_netif.o
       2824       1045          0          0      13838   Obj/core_pbuf.o
        680        166          0          4       6350   Obj/core_raw.o
          0          0          0          0          0   Obj/core_stats.o
          0          0          0          0          0   Obj/core_sys.o
       4236       1198          6         26      21881   Obj/core_tcp.o
       5468        835          0         52      10125   Obj/core_tcp_in.o
       4518        939          0          0      14397   Obj/core_tcp_out.o
        612        175          0         12       8585   Obj/core_timeouts.o
       1518        118          2          4       9045   Obj/core_udp.o
        320        120          0          0       4345   Obj/netif_ethernet.o
       1876        889          0       1232      13437   Obj/netif_ethernetif.o
          0          0          0          0          0   Obj/netif_lowpan6.o
          0          0          0          0          0   Obj/ipv4_autoip.o
       5674       1707          0         61      19101   Obj/ipv4_dhcp.o
       2740        467          0        241      12962   Obj/ipv4_etharp.o
        440        100          0          0       4530   Obj/ipv4_icmp.o
       1678        807          0          8       9533   Obj/ipv4_igmp.o
       1684        113          0          6       9693   Obj/ipv4_ip4.o
        736        100          0         16       4711   Obj/ipv4_ip4_addr.o
       2340        364          0          6       8982   Obj/ipv4_ip4_frag.o
        966        309          0         48       6935   Obj/ntp_ntp.o
        660        337          0          2       6572   Obj/ping_ping.o
          0          0          0          0          0   Obj/__rt_entry.o
	------------------------------------------------------------
     133132      33312      29771       8686     786698   Object Totals
        230        613          1         62          0   Pad
          0          0          0          0          0   LD_GEN

	------------------------------------------------------------
    [Library Name]: E:/YCXGIT/T6x0_RTOS_SDK_V0.9.3_b1/T6x0_RTOS_SDK_V0.9.3/code/rt-thread/bsp/t6x0/libraries\libt6x0_c.a
	------------------------------------------------------------
       Code    RO Data    RW Data    ZI Data      Debug   Library Member Name

        400          0          4          8       5157   bsp_dma.o
          0          0          0          0          0   bsp_gpio.o
         80          0          0          0       2024   bsp_h2x.o
          0          0          0          0          0   bsp_i2c.o
       1712        580          0         76      13609   bsp_scu.o
          0          0          0          0          0   bsp_spi.o
          0          0          0          0          0   bsp_timer.o
        562          0          0          0       7311   bsp_uart.o
        120          0          0          4       3147   bsp_wdt.o
          0          0          0          0          0   bsp_ext_gpio.o
          0          0          0          0          0   crypto_aes.o
          0          0          0          0          0   crypto_cmac.o
          0          0          0          0          0   crypto_eccp.o
          0          0          0          0          0   crypto_hash.o
          0          0          0          0          0   crypto_hmac.o
          0          0          0          0          0   crypto_pke.o
        252          0          0          0       2349   crypto_rng.o
          0          0          0          0          0   crypto_rsa.o
          0          0          0          0          0   crypto_rsa_osr.o
          0          0          0          0          0   crypto_sha1.o
          0          0          0          0          0   crypto_sha224.o
          0          0          0          0          0   crypto_sha256.o
          0          0          0          0          0   crypto_sm2.o
          0          0          0          0          0   crypto_sm2_osr.o
          0          0          0          0          0   crypto_sm3.o
          0          0          0          0          0   crypto_sm4.o
          0          0          0          0          0   crypto_crypto.o
          0          0          0          0          0   crypto_bignum.o
          0          0          0          0          0   crypto_ecc.o
       1364          0          4          4       9147   norflash_norflash.o
          0          0          0          0          0   norflash_nftl.o
          0          0          0          0          0   usb_usb.o
          0          0          0          0          0   sata_host_ahci.o
          0          0          0          0          0   sata_host_ahci_cmd.o
          0          0          0          0          0   common_delay.o
       1176         28          0         44       6660   common_log.o
        424          0          0          0       2258   common_memcpy_hw.o
          0          0          0          0          0   common_perf.o
          0          0          0          0          0   component_mp.o
          0          0          0          0          0   norflash_spiflash.o
          0          0          0          0          0   sata_device_sata.o
          0          0          0          0          0   emmc_emcc.o
       4254          0          0        104      16337   gmac_gmac.o
          0          0          0          0          0   xhci_xhci.o
          0          0          0          0          0   xhci_xhci_dbg.o
          0          0          0          0          0   xhci_xhci_ring.o
          0          0          0          0          0   xhci_xhci_os.o
          0          0          0          0          0   muxio_muxio.o
          0          0          0          0          0   cklib_dq_addlast.o
          0          0          0          0          0   cklib_dq_rem.o
          0          0          0          0          0   cklib_lib_mallinfo.o
          0          0          0          0          0   cklib_malloc.o
          0          0          0          0          0   cklib_mm_addfreechunk.o
          0          0          0          0          0   cklib_mm_free.o
          0          0          0          0          0   cklib_mm_initialize.o
          0          0          0          0          0   cklib_mm_leak.o
          0          0          0          0          0   cklib_mm_mallinfo.o
          0          0          0          0          0   cklib_mm_malloc.o
          0          0          0          0          0   cklib_mm_size2ndx.o
          0          0          0          0          0   cklib_printf.o
          0          0          0          0          0   ck803_aclink_client.o
        790          0          4          0      12049   ck803_core_ck803.o
        172          0          0          0       2402   ck803_core_timer.o
        332          0          0          0       3937   ck803_interrupt.o
          0          0          0          0          0   ck803_backtrace.o
	------------------------------------------------------------
      11638        608         12        240      86387   Library Totals
          0          0          0          0          0   Pad
          0          0          0          0          0   LD_GEN

	------------------------------------------------------------
    [Library Name]: d:/c-sky/cdk/csky/mingw/csky-abiv2-elf-toolchain/bin/../lib/gcc/csky-elfabiv2/6.3.0/ck803\libgcc.a
	------------------------------------------------------------
       Code    RO Data    RW Data    ZI Data      Debug   Library Member Name

         74          0          0          0          0   _muldi3.o
          0          0          0          0          0   _fixunssfsi.o
          0          0          0          0          0   _floatundidf.o
        820          0          0          0          0   _udivdi3.o
        804          0          0          0          0   _umoddi3.o
          0          0          0          0          0   _addsub_sf.o
          0          0          0          0          0   _mul_sf.o
          0          0          0          0          0   _eq_sf.o
          0          0          0          0          0   _ne_sf.o
          0          0          0          0          0   _ge_sf.o
          0          0          0          0          0   _sf_to_si.o
          0          0          0          0          0   _sf_to_df.o
          0          0          0          0          0   _thenan_sf.o
          0          0          0          0          0   _usi_to_sf.o
        816          0          0          0          0   _addsub_df.o
        512          0          0          0          0   _mul_df.o
          0          0          0          0          0   _div_df.o
         54          0          0          0          0   _eq_df.o
        104          0          0          0          0   _si_to_df.o
        112          0          0          0          0   _df_to_si.o
          0          0          0          0          0   _make_df.o
          0         20          0          0          0   _thenan_df.o
          0          0          0          0          0   _usi_to_df.o
          0        256          0          0          0   _clz.o
          0          0          0          0          0   _pack_sf.o
          0          0          0          0          0   _unpack_sf.o
          0          0          0          0          0   _fpcmp_parts_sf.o
        398          0          0          0          0   _pack_df.o
        228          0          0          0          0   _unpack_df.o
        194          0          0          0          0   _fpcmp_parts_df.o
	------------------------------------------------------------
       4116        276          0          0          0   Library Totals
          0          0          0          0          0   Pad
          0          0          0          0          0   LD_GEN

	------------------------------------------------------------
    [Library Name]: d:/c-sky/cdk/csky/mingw/csky-abiv2-elf-toolchain/bin/../lib/gcc/csky-elfabiv2/6.3.0/../../../../csky-elfabiv2/lib/ck803\libc.a
	------------------------------------------------------------
       Code    RO Data    RW Data    ZI Data      Debug   Library Member Name

         16          0          0          0          0   putchar.o
         76         28          0          0          0   perror.o
          0          0         96          0          0   stdinit.o
         74          0          0          0          0   fputs.o
         40          0          4          0          0   rand.o
        248          0          0          0          0   strtoul.o
         12          0          0          0          0   atoi.o
         28       2624          0          0          0   strerror.o
          8          0          0          0          0   isdigit.o
          8          0          0          0          0   isupper.o
         18          0          0          0          0   isalpha.o
         20          0          0          0          0   isspace.o
          0          0          0          8          0   minilibc_init.o
          0          0          0          0          0   critical.o
          8          0          0          0          0   putc.o
	------------------------------------------------------------
        556       2652        100          8          0   Library Totals
          0          0          0          0          0   Pad
          0          0          0          0          0   LD_GEN

	------------------------------------------------------------

======================================================================


       Code    RO Data    RW Data    ZI Data      Debug
     149672      37461      29884       8996     873085   Grand Totals
     149672      37461      29884       8996     873085   Elf Image Totals
     149672      37461      29884          0          0   ROM Totals

======================================================================

Total	RO	Size (Code + RO Data)				187133 (  182.75kB)
Total	RW	Size (RW Data + ZI Data)			38880 (  37.97kB)
Total	ROM	Size (Code + RO Data + RW Data)		217017 (  211.93kB)

======================================================================
