ELF Header:
  Magic:   7f 45 4c 46 01 01 01 00 00 00 00 00 00 00 00 00 
  Class:                             ELF32
  Data:                              2's complement, little endian
  Version:                           1 (current)
  OS/ABI:                            UNIX - System V
  ABI Version:                       0
  Type:                              EXEC (Executable file)
  Machine:                           CSKY
  Version:                           0x1
  Entry point address:               0x110
  Start of program headers:          52 (bytes into file)
  Start of section headers:          1484788 (bytes into file)
  Flags:                             0x21002000
  Size of this header:               52 (bytes)
  Size of program headers:           32 (bytes)
  Number of program headers:         5
  Size of section headers:           40 (bytes)
  Number of section headers:         21
  Section header string table index: 18

Section Headers:
  [Nr] Name              Type            Addr     Off    Size   ES Flg Lk Inf Al
  [ 0]                   NULL            00000000 000000 000000 00      0   0  0
  [ 1] .text_1           PROGBITS        00000000 001000 014aa8 00  AX  0   0 1024
  [ 2] .text_2           PROGBITS        01014aa8 015aa8 017378 00  AX  0   0  4
  [ 3] .data             PROGBITS        00400000 037000 00037c 00  WA  0   0  4
  [ 4] .rodata           PROGBITS        0102be20 02ce20 00a0ec 00   A  0   0  4
  [ 5] .bss              NOBITS          00400380 037380 003864 00  WA  0   0  8
  [ 6] .exdata           NOBITS          00020000 016000 0071b8 00  WA  0   0  8
  [ 7] .debug_info       PROGBITS        00000000 03737c 079753 00      0   0  1
  [ 8] .debug_abbrev     PROGBITS        00000000 0b0acf 0145d0 00      0   0  1
  [ 9] .debug_loc        PROGBITS        00000000 0c509f 03d913 00      0   0  1
  [10] .debug_aranges    PROGBITS        00000000 1029b8 003f90 00      0   0  8
  [11] .debug_ranges     PROGBITS        00000000 106948 0098e0 00      0   0  1
  [12] .debug_line       PROGBITS        00000000 110228 01e74e 00      0   0  1
  [13] .debug_str        PROGBITS        00000000 12e976 011dfc 01  MS  0   0  1
  [14] .comment          PROGBITS        00000000 140772 000075 01  MS  0   0  1
  [15] .csky_stack_size  PROGBITS        00000000 1407f0 003a3c 00      0   0 16
  [16] .csky.attributes  CSKY_ATTRIBUTES 00000000 14422c 000028 00      0   0  1
  [17] .debug_frame      PROGBITS        00000000 144254 00bbbc 00      0   0  4
  [18] .shstrtab         STRTAB          00000000 16a71b 0000d7 00      0   0  1
  [19] .symtab           SYMTAB          00000000 14fe10 011c80 10     20 3083  4
  [20] .strtab           STRTAB          00000000 161a90 008c8b 00      0   0  1
Key to Flags:
  W (write), A (alloc), X (execute), M (merge), S (strings), I (info),
  L (link order), O (extra OS processing required), G (group), T (TLS),
  C (compressed), x (unknown), o (OS specific), E (exclude),
  p (processor specific)

Program Headers:
  Type           Offset   VirtAddr   PhysAddr   FileSiz MemSiz  Flg Align
  LOAD           0x001000 0x00000000 0x00000000 0x14aa8 0x14aa8 R E 0x1000
  LOAD           0x016000 0x00020000 0x00020000 0x00000 0x071b8 RW  0x1000
  LOAD           0x015aa8 0x01014aa8 0x01014aa8 0x21464 0x21464 R E 0x1000
  LOAD           0x037000 0x00400000 0x01035f0c 0x0037c 0x0037c RW  0x1000
  LOAD           0x037380 0x00400380 0x01036290 0x00000 0x03864 RW  0x1000

 Section to Segment mapping:
  Segment Sections...
   00     .text_1 
   01     .exdata 
   02     .text_2 .rodata 
   03     .data 
   04     .bss 
======================================================================
Csky GNU Linker

======================================================================

Section Cross References

	Obj/src_components.o(.text.main_thread_entry) refers to Obj/entry_main.o(.text.startup.main) for main
	Obj/drivers_system.o(.fast) refers to Obj/drivers_drv_ctimer.o(.text.core_timer_init) for core_timer_init
	Obj/drivers_system.o(.text.sys_hw_init) refers to Obj/drivers_drv_intr.o(.text.rt_hw_interrupt_init) for rt_hw_interrupt_init
	Obj/drivers_drv_ctimer.o(.text.core_timer_init) refers to Obj/drivers_drv_intr.o(.fast) for rt_hw_interrupt_mask
	Obj/drivers_drv_sata.o(.fast) refers to Obj/drivers_drv_intr.o(.fast) for rt_hw_interrupt_mask
	Obj/drivers_drv_sata.o(.text.drv_ata_init) refers to Obj/drivers_drv_intr.o(.fast) for rt_hw_interrupt_mask
	Obj/drivers_drv_ctimer.o(.text.core_timer_init) refers to Obj/drivers_drv_intr.o(.fast) for rt_hw_interrupt_umask
	Obj/drivers_drv_eth.o(.text.rt_hw_t610_eth0_init) refers to Obj/drivers_drv_intr.o(.fast) for rt_hw_interrupt_umask
	Obj/drivers_drv_eth.o(.text.rt_hw_t610_eth1_init) refers to Obj/drivers_drv_intr.o(.fast) for rt_hw_interrupt_umask
	Obj/drivers_drv_sata.o(.fast) refers to Obj/drivers_drv_intr.o(.fast) for rt_hw_interrupt_umask
[...]
    0x0102b2e0   0x00000018   Code   RO       4729  .text.gmac_tx_disable	gmac_gmac.o
    0x0102b2f8   0x00000020   Code   RO       4730  .text.gmac_rx_enable	gmac_gmac.o
    0x0102b318   0x00000018   Code   RO       4731  .text.gmac_rx_disable	gmac_gmac.o
    0x0102b330   0x00000018   Code   RO       4732  .text.gmac_jumbo_frame_enable	gmac_gmac.o
    0x0102b348   0x00000016   Code   RO       4733  .text.gmac_jumbo_frame_disable	gmac_gmac.o
    0x0102b35e   0x00000002   PAD
    0x0102b360   0x00000054   Code   RO       4734  .text.gmac_chksum_offload_set	gmac_gmac.o
    0x0102b3b4   0x00000198   Code   RO       4736  .text.gmac_wol_wakeup_frame_filter_set	gmac_gmac.o
    0x0102b54c   0x00000022   Code   RO       4737  .text.gmac_wol_wakeup_event_set	gmac_gmac.o
    0x0102b56e   0x00000002   PAD
    0x0102b570   0x0000004e   Code   RO       4739  .text.gmac_wol_mode_enter	gmac_gmac.o
    0x0102b5be   0x00000002   PAD
    0x0102b5c0   0x0000003e   Code   RO       4740  .text.gmac_wol_mode_exit	gmac_gmac.o
    0x0102b5fe   0x00000002   PAD
    0x0102b600   0x00000018   Code   RO       4741  .text.gmac_wol_state_poll	gmac_gmac.o
    0x0102b618   0x0000005c   Code   RO       4742  .text.gmac_speed_duplex_set	gmac_gmac.o
    0x0102b674   0x0000009e   Code   RO       4743  .text.gmac_statistics_get	gmac_gmac.o
    0x0102b712   0x00000002   PAD
    0x0102b714   0x000000f0   Code   RO       4744  .text.gmac_tx_queue_init	gmac_gmac.o
    0x0102b804   0x000000f4   Code   RO       4745  .text.gmac_rx_queue_init	gmac_gmac.o
    0x0102b8f8   0x00000074   Code   RO       4746  .text.gmac_hw_init	gmac_gmac.o
    0x0102b96c   0x00000028   Code   RO       4747  .text.gmac_hw_deinit	gmac_gmac.o
    0x0102b994   0x00000020   Code   RO       5218  .text.csi_cache_set_range	ck803_core_ck803.o
    0x0102b9b4   0x00000038   Code   RO       5246  .text.core_timer_hw_init	ck803_core_timer.o
    0x0102b9ec   0x00000010   Code   RO       5248  .text.core_timer_intr_enable	ck803_core_timer.o
    0x0102b9fc   0x00000010   Code   RO       5249  .text.core_timer_intr_disable	ck803_core_timer.o
    0x0102ba0c   0x00000068   Code   RO       5266  .text.intr_hw_init	ck803_interrupt.o
    0x0102ba74   0x0000000c   Data   RO         26  FSymTab        	Obj/entry_ipraw.o
    0x0102ba80   0x0000000c   Data   RO        705  FSymTab        	Obj/src_mem.o
    0x0102ba8c   0x0000000c   Data   RO        947  FSymTab        	Obj/common_showmem.o
    0x0102ba98   0x0000000c   Data   RO        982  FSymTab        	Obj/src_dfs.o
    0x0102baa4   0x00000030   Data   RO       1022  FSymTab        	Obj/src_dfs_file.o
    0x0102bad4   0x00000018   Data   RO       1056  FSymTab        	Obj/src_dfs_fs.o
    0x0102baec   0x00000018   Data   RO       1092  FSymTab        	Obj/src_dfs_posix.o
    0x0102bb04   0x0000000c   Data   RO       1224  FSymTab        	Obj/elmfat_dfs_elm.o
    0x0102bb10   0x00000024   Data   RO       1703  FSymTab        	Obj/misc_pin.o
    0x0102bb34   0x00000030   Data   RO       1732  FSymTab        	Obj/rtc_rtc.o
    0x0102bb64   0x00000108   Data   RO       2215  FSymTab        	Obj/finsh_cmd.o
    0x0102bc6c   0x0000000c   Data   RO       2240  FSymTab        	Obj/finsh_msh.o
    0x0102bc78   0x000000cc   Data   RO       2286  FSymTab        	Obj/finsh_msh_cmd.o
    0x0102bd44   0x0000003c   Data   RO       3197  FSymTab        	Obj/netif_ethernetif.o
    0x0102bd80   0x00000018   Data   RO       3452  FSymTab        	Obj/ntp_ntp.o
    0x0102bd98   0x00000018   Data   RO       3474  FSymTab        	Obj/ping_ping.o
    0x0102bdb0   0x00000004   Data   RO        496  .rti_fn.0      	Obj/src_components.o
    0x0102bdb4   0x00000004   Data   RO        497  .rti_fn.0.end  	Obj/src_components.o
    0x0102bdb8   0x00000004   Data   RO         80  .rti_fn.1      	Obj/drivers_drv_cputime.o
    0x0102bdbc   0x00000004   Data   RO        102  .rti_fn.1      	Obj/drivers_drv_crypto.o
    0x0102bdc0   0x00000004   Data   RO        185  .rti_fn.1      	Obj/drivers_drv_gpio.o
    0x0102bdc4   0x00000004   Data   RO        253  .rti_fn.1      	Obj/drivers_drv_sata.o
    0x0102bdc8   0x00000004   Data   RO        277  .rti_fn.1      	Obj/drivers_drv_spi.o
    0x0102bdcc   0x00000004   Data   RO        307  .rti_fn.1      	Obj/drivers_drv_timer.o
    0x0102bdd0   0x00000004   Data   RO        334  .rti_fn.1      	Obj/drivers_drv_uart.o
    0x0102bdd4   0x00000004   Data   RO        358  .rti_fn.1      	Obj/drivers_drv_wdt.o
    0x0102bdd8   0x00000004   Data   RO        498  .rti_fn.1.end  	Obj/src_components.o
    0x0102bddc   0x00000004   Data   RO        981  .rti_fn.2      	Obj/src_dfs.o
    0x0102bde0   0x00000004   Data   RO       2446  .rti_fn.2      	Obj/arch_sys_arch.o
    0x0102bde4   0x00000004   Data   RO        206  .rti_fn.3      	Obj/drivers_drv_i2c.o
    0x0102bde8   0x00000004   Data   RO       1664  .rti_fn.3      	Obj/i2c_i2c_eeprom.o
    0x0102bdec   0x00000004   Data   RO       1758  .rti_fn.3      	Obj/rtc_soft_rtc.o
    0x0102bdf0   0x00000004   Data   RO       1942  .rti_fn.3      	Obj/spi_spi_adc.o
    0x0102bdf4   0x00000008   Data   RO        153  .rti_fn.4      	Obj/drivers_drv_eth.o
    0x0102bdfc   0x00000004   Data   RO       1223  .rti_fn.4      	Obj/elmfat_dfs_elm.o
    0x0102be00   0x00000004   Data   RO       1425  .rti_fn.4      	Obj/ramfs_dfs_ramfs.o
    0x0102be04   0x00000004   Data   RO       1459  .rti_fn.4      	Obj/romfs_dfs_romfs.o
    0x0102be08   0x00000004   Data   RO       1586  .rti_fn.4      	Obj/i2c_i2c_core.o
    0x0102be0c   0x00000004   Data   RO       1731  .rti_fn.4      	Obj/rtc_rtc.o
    0x0102be10   0x00000004   Data   RO       2383  .rti_fn.4      	Obj/time_clock_time.o
    0x0102be14   0x00000004   Data   RO       2154  .rti_fn.6      	Obj/finsh_shell.o
    0x0102be18   0x00000004   Data   RO        499  .rti_fn.6.end  	Obj/src_components.o
    0x0102be1c   0x00000004   PAD
    0x0102be20   0x0000001c   Data   RO        352  .rodata        	Obj/drivers_drv_wdt.o
    0x0102be3c   0x00000050   Data   RO       2200  .rodata        	Obj/finsh_cmd.o
    0x0102be8c   0x00000150   Data   RO       2336  .rodata        	Obj/minilibc_string.o
    0x0102bfdc   0x00000014   Data   RO       2633  .rodata        	Obj/api_sockets.o
    0x0102bff0   0x00000014   Data   RO       2913  .rodata        	Obj/core_pbuf.o
    0x0102c004   0x00000028   Data   RO       3048  .rodata        	Obj/core_tcp_in.o
    0x0102c02c   0x00000014   Data   RO       3403  .rodata        	Obj/ipv4_ip4_addr.o
    0x0102c040   0x00000100   Data   RO       3601  .rodata        	bsp_scu.o
    0x0102c140   0x00000010   Data   RO       5423  .rodata        	_thenan_sf.o
    0x0102c150   0x00000014   Data   RO       5493  .rodata        	_thenan_df.o
    0x0102c164   0x00000100   Data   RO       5507  .rodata        	_clz.o
    0x0102c264   0x00000240   Data   RO       5612  .rodata        	strerror.o
    0x0102c4a4   0x00000016   Data   RO         23  .rodata.data_print.constprop.1.str1.4	Obj/entry_ipraw.o
    0x0102c4ba   0x00000002   PAD
    0x0102c4bc   0x000000f8   Data   RO         24  .rodata.iprawtest.str1.4	Obj/entry_ipraw.o
    0x0102c5b4   0x0000002c   Data   RO         25  .rodata.name   	Obj/entry_ipraw.o
    0x0102c5e0   0x00000008   Data   RO         57  .rodata.main.str1.4	Obj/entry_main.o
    0x0102c5e8   0x00000025   Data   RO         58  .rodata.thread1_entry.str1.4	Obj/entry_main.o
    0x0102c60d   0x00000003   PAD
    0x0102c610   0x00000013   Data   RO         77  .rodata.__FUNCTION__.4165	Obj/drivers_drv_cputime.o
    0x0102c623   0x00000001   PAD
    0x0102c624   0x00000008   Data   RO         78  .rodata.cputime_ops	Obj/drivers_drv_cputime.o
    0x0102c62c   0x0000000e   Data   RO         79  .rodata.drv_cputime_getres.str1.4	Obj/drivers_drv_cputime.o
    0x0102c63a   0x00000002   PAD
    0x0102c63c   0x00000007   Data   RO        100  .rodata.drv_crypto_init.str1.4	Obj/drivers_drv_crypto.o
    0x0102c643   0x00000001   PAD
    0x0102c644   0x00000008   Data   RO        101  .rodata.rt_crypto_ops	Obj/drivers_drv_crypto.o
    0x0102c64c   0x0000000b   Data   RO        121  .rodata.core_timer_init.str1.4	Obj/drivers_drv_ctimer.o
    0x0102c657   0x00000001   PAD
    0x0102c658   0x00000044   Data   RO        144  .rodata.eth_dev_control	Obj/drivers_drv_eth.o
    0x0102c69c   0x00000010   Data   RO        147  .rodata.__FUNCTION__.4451	Obj/drivers_drv_eth.o
    0x0102c6ac   0x0000009c   Data   RO        148  .rodata.eth_dev_control.str1.4	Obj/drivers_drv_eth.o
    0x0102c748   0x00000025   Data   RO        149  .rodata.eth_dev_init.str1.4	Obj/drivers_drv_eth.o
    0x0102c76d   0x00000003   PAD
    0x0102c770   0x00000037   Data   RO        150  .rodata.rt_hw_t610_eth0_init.str1.4	Obj/drivers_drv_eth.o
    0x0102c7a7   0x00000001   PAD
    0x0102c7a8   0x00000037   Data   RO        151  .rodata.rt_hw_t610_eth1_init.str1.4	Obj/drivers_drv_eth.o
    0x0102c7df   0x00000001   PAD
    0x0102c7e0   0x00000056   Data   RO        152  .rodata.str1.4 	Obj/drivers_drv_eth.o
    0x0102c836   0x00000002   PAD
    0x0102c838   0x0000000d   Data   RO        178  .rodata.__FUNCTION__.4218	Obj/drivers_drv_gpio.o
    0x0102c845   0x00000003   PAD
    0x0102c848   0x00000013   Data   RO        179  .rodata.__FUNCTION__.4229	Obj/drivers_drv_gpio.o
    0x0102c85b   0x00000001   PAD
    0x0102c85c   0x00000018   Data   RO        180  .rodata._drv_pin_ops	Obj/drivers_drv_gpio.o
    0x0102c874   0x00000005   Data   RO        181  .rodata.drv_pin_attach_irq.str1.4	Obj/drivers_drv_gpio.o
    0x0102c879   0x00000003   PAD
    0x0102c87c   0x00000004   Data   RO        182  .rodata.drv_pin_init.str1.4	Obj/drivers_drv_gpio.o
    0x0102c880   0x00000100   Data   RO        184  .rodata.pins   	Obj/drivers_drv_gpio.o
    0x0102c980   0x00000005   Data   RO        204  .rodata.drv_i2c_init.str1.4	Obj/drivers_drv_i2c.o
    0x0102c985   0x00000003   PAD
    0x0102c988   0x0000000c   Data   RO        205  .rodata.i2c_ops	Obj/drivers_drv_i2c.o
    0x0102c994   0x00000014   Data   RO        249  .rodata.drv_ata_init.str1.4	Obj/drivers_drv_sata.o
    0x0102c9a8   0x0000001c   Data   RO        250  .rodata.drv_ata_ops	Obj/drivers_drv_sata.o
    0x0102c9c4   0x00000004   Data   RO        251  .rodata.drv_ata_register.str1.4	Obj/drivers_drv_sata.o
    0x0102c9c8   0x00000295   Data   RO        252  .rodata.str1.4 	Obj/drivers_drv_sata.o
    0x0102cc5d   0x00000003   PAD
    0x0102cc60   0x0000000d   Data   RO        273  .rodata.__FUNCTION__.4204	Obj/drivers_drv_spi.o
    0x0102cc6d   0x00000003   PAD
    0x0102cc70   0x00000005   Data   RO        274  .rodata.drv_spi_init.str1.4	Obj/drivers_drv_spi.o
    0x0102cc75   0x00000003   PAD
    0x0102cc78   0x0000002b   Data   RO        275  .rodata.str1.4 	Obj/drivers_drv_spi.o
    0x0102cca3   0x00000001   PAD
    0x0102cca4   0x00000008   Data   RO        276  .rodata.t610_spi_ops	Obj/drivers_drv_spi.o
    0x0102ccac   0x00000012   Data   RO        299  .rodata.__FUNCTION__.4211	Obj/drivers_drv_timer.o
    0x0102ccbe   0x00000002   PAD
    0x0102ccc0   0x00000011   Data   RO        300  .rodata.__FUNCTION__.4216	Obj/drivers_drv_timer.o
    0x0102ccd1   0x00000003   PAD
    0x0102ccd4   0x00000016   Data   RO        301  .rodata.__FUNCTION__.4222	Obj/drivers_drv_timer.o
    0x0102ccea   0x00000002   PAD
    0x0102ccec   0x00000014   Data   RO        302  .rodata.__FUNCTION__.4230	Obj/drivers_drv_timer.o
    0x0102cd00   0x00000011   Data   RO        303  .rodata.__FUNCTION__.4237	Obj/drivers_drv_timer.o
    0x0102cd11   0x00000003   PAD
    0x0102cd14   0x00000032   Data   RO        304  .rodata.drv_hwtimer_init.str1.4	Obj/drivers_drv_timer.o
    0x0102cd46   0x00000002   PAD
    0x0102cd48   0x0000002f   Data   RO        305  .rodata.drv_timers_init.str1.4	Obj/drivers_drv_timer.o
    0x0102cd77   0x00000001   PAD
    0x0102cd78   0x00000014   Data   RO        306  .rodata.timer_ops	Obj/drivers_drv_timer.o
    0x0102cd8c   0x00000013   Data   RO        327  .rodata.__FUNCTION__.4131	Obj/drivers_drv_uart.o
    0x0102cd9f   0x00000001   PAD
    0x0102cda0   0x00000011   Data   RO        328  .rodata.__FUNCTION__.4138	Obj/drivers_drv_uart.o
    0x0102cdb1   0x00000003   PAD
    0x0102cdb4   0x0000000e   Data   RO        329  .rodata.__FUNCTION__.4147	Obj/drivers_drv_uart.o
    0x0102cdc2   0x00000002   PAD
    0x0102cdc4   0x0000000e   Data   RO        330  .rodata.__FUNCTION__.4157	Obj/drivers_drv_uart.o
    0x0102cdd2   0x00000002   PAD
    0x0102cdd4   0x0000000e   Data   RO        331  .rodata.drv_uart_init.str1.4	Obj/drivers_drv_uart.o
    0x0102cde2   0x00000002   PAD
    0x0102cde4   0x00000046   Data   RO        332  .rodata.str1.4 	Obj/drivers_drv_uart.o
    0x0102ce2a   0x00000002   PAD
    0x0102ce2c   0x00000014   Data   RO        333  .rodata.uart_ops	Obj/drivers_drv_uart.o
    0x0102ce40   0x00000004   Data   RO        356  .rodata.drv_wdt_init.str1.4	Obj/drivers_drv_wdt.o
    0x0102ce44   0x00000008   Data   RO        357  .rodata.rt_wdt_ops	Obj/drivers_drv_wdt.o
    0x0102ce4c   0x00000020   Data   RO        426  .rodata.m88e1512_phy_ops	Obj/src_tih_phy_m88e1512.o
    0x0102ce6c   0x00000020   Data   RO        450  .rodata.rtl8211_phy_ops	Obj/src_tih_phy_rtl8211.o
    0x0102ce8c   0x00000014   Data   RO        494  .rodata.__FUNCTION__.3490	Obj/src_components.o
    0x0102cea0   0x00000017   Data   RO        495  .rodata.rt_application_init.str1.4	Obj/src_components.o
    0x0102ceb7   0x00000001   PAD
    0x0102ceb8   0x0000000f   Data   RO        523  .rodata.__FUNCTION__.3198	Obj/src_device.o
    0x0102cec7   0x00000001   PAD
    0x0102cec8   0x0000000f   Data   RO        524  .rodata.__FUNCTION__.3215	Obj/src_device.o
    0x0102ced7   0x00000001   PAD
    0x0102ced8   0x0000000f   Data   RO        525  .rodata.__FUNCTION__.3221	Obj/src_device.o
    0x0102cee7   0x00000001   PAD
    0x0102cee8   0x00000010   Data   RO        526  .rodata.__FUNCTION__.3226	Obj/src_device.o
    0x0102cef8   0x0000000f   Data   RO        527  .rodata.__FUNCTION__.3233	Obj/src_device.o
    0x0102cf07   0x00000001   PAD
    0x0102cf08   0x00000010   Data   RO        528  .rodata.__FUNCTION__.3240	Obj/src_device.o
    0x0102cf18   0x00000012   Data   RO        529  .rodata.__FUNCTION__.3246	Obj/src_device.o
    0x0102cf2a   0x00000002   PAD
    0x0102cf2c   0x0000001a   Data   RO        530  .rodata.__FUNCTION__.3253	Obj/src_device.o
    0x0102cf46   0x00000002   PAD
    0x0102cf48   0x0000001a   Data   RO        531  .rodata.__FUNCTION__.3260	Obj/src_device.o
    0x0102cf62   0x00000002   PAD
    0x0102cf64   0x00000036   Data   RO        532  .rodata.rt_device_init.str1.4	Obj/src_device.o
    0x0102cf9a   0x00000002   PAD
    0x0102cf9c   0x0000000f   Data   RO        533  .rodata.rt_device_unregister.str1.4	Obj/src_device.o
    0x0102cfab   0x00000001   PAD
    0x0102cfac   0x0000002c   Data   RO        534  .rodata.str1.4 	Obj/src_device.o
    0x0102cfd8   0x00000016   Data   RO        555  .rodata.__FUNCTION__.3458	Obj/src_idle.o
    0x0102cfee   0x00000002   PAD
    0x0102cff0   0x00000006   Data   RO        556  .rodata.rt_thread_idle_init.str1.4	Obj/src_idle.o
    0x0102cff6   0x00000002   PAD
    0x0102cff8   0x00000027   Data   RO        557  .rodata.str1.4 	Obj/src_idle.o
    0x0102d01f   0x00000001   PAD
    0x0102d020   0x0000000c   Data   RO        574  .rodata.__FUNCTION__.3476	Obj/src_ipc.o
    0x0102d02c   0x0000000e   Data   RO        575  .rodata.__FUNCTION__.3480	Obj/src_ipc.o
    0x0102d03a   0x00000002   PAD
    0x0102d03c   0x0000000e   Data   RO        576  .rodata.__FUNCTION__.3488	Obj/src_ipc.o
    0x0102d04a   0x00000002   PAD
    0x0102d04c   0x0000000e   Data   RO        577  .rodata.__FUNCTION__.3493	Obj/src_ipc.o
    0x0102d05a   0x00000002   PAD
    0x0102d05c   0x0000000c   Data   RO        578  .rodata.__FUNCTION__.3500	Obj/src_ipc.o
    0x0102d068   0x0000000f   Data   RO        579  .rodata.__FUNCTION__.3517	Obj/src_ipc.o
    0x0102d077   0x00000001   PAD
    0x0102d078   0x0000000e   Data   RO        580  .rodata.__FUNCTION__.3524	Obj/src_ipc.o
    0x0102d086   0x00000002   PAD
    0x0102d088   0x00000010   Data   RO        581  .rodata.__FUNCTION__.3528	Obj/src_ipc.o
    0x0102d098   0x00000010   Data   RO        582  .rodata.__FUNCTION__.3535	Obj/src_ipc.o
    0x0102d0a8   0x00000010   Data   RO        583  .rodata.__FUNCTION__.3540	Obj/src_ipc.o
    0x0102d0b8   0x0000000e   Data   RO        584  .rodata.__FUNCTION__.3548	Obj/src_ipc.o
    0x0102d0c6   0x00000002   PAD
    0x0102d0c8   0x00000011   Data   RO        585  .rodata.__FUNCTION__.3558	Obj/src_ipc.o
    0x0102d0d9   0x00000003   PAD
    0x0102d0dc   0x0000000e   Data   RO        586  .rodata.__FUNCTION__.3570	Obj/src_ipc.o
    0x0102d0ea   0x00000002   PAD
    0x0102d0ec   0x00000010   Data   RO        587  .rodata.__FUNCTION__.3574	Obj/src_ipc.o
    0x0102d0fc   0x00000010   Data   RO        588  .rodata.__FUNCTION__.3581	Obj/src_ipc.o
    0x0102d10c   0x00000010   Data   RO        589  .rodata.__FUNCTION__.3585	Obj/src_ipc.o
    0x0102d11c   0x0000000e   Data   RO        590  .rodata.__FUNCTION__.3596	Obj/src_ipc.o
    0x0102d12a   0x00000002   PAD
    0x0102d12c   0x0000000e   Data   RO        591  .rodata.__FUNCTION__.3611	Obj/src_ipc.o
    0x0102d13a   0x00000002   PAD
    0x0102d13c   0x00000011   Data   RO        592  .rodata.__FUNCTION__.3619	Obj/src_ipc.o
    0x0102d14d   0x00000003   PAD
    0x0102d150   0x0000000b   Data   RO        593  .rodata.__FUNCTION__.3627	Obj/src_ipc.o
    0x0102d15b   0x00000001   PAD
    0x0102d15c   0x0000000d   Data   RO        594  .rodata.__FUNCTION__.3631	Obj/src_ipc.o
    0x0102d169   0x00000003   PAD
    0x0102d16c   0x0000000d   Data   RO        595  .rodata.__FUNCTION__.3639	Obj/src_ipc.o
    0x0102d179   0x00000003   PAD
    0x0102d17c   0x0000000d   Data   RO        596  .rodata.__FUNCTION__.3644	Obj/src_ipc.o
    0x0102d189   0x00000003   PAD
    0x0102d18c   0x00000010   Data   RO        597  .rodata.__FUNCTION__.3653	Obj/src_ipc.o
    0x0102d19c   0x0000000b   Data   RO        598  .rodata.__FUNCTION__.3671	Obj/src_ipc.o
    0x0102d1a7   0x00000001   PAD
    0x0102d1a8   0x0000000e   Data   RO        599  .rodata.__FUNCTION__.3683	Obj/src_ipc.o
    0x0102d1b6   0x00000002   PAD
    0x0102d1b8   0x0000000b   Data   RO        600  .rodata.__FUNCTION__.3696	Obj/src_ipc.o
    0x0102d1c3   0x00000001   PAD
    0x0102d1c4   0x0000000d   Data   RO        601  .rodata.__FUNCTION__.3703	Obj/src_ipc.o
    0x0102d1d1   0x00000003   PAD
    0x0102d1d4   0x0000000d   Data   RO        602  .rodata.__FUNCTION__.3714	Obj/src_ipc.o
    0x0102d1e1   0x00000003   PAD
    0x0102d1e4   0x0000000d   Data   RO        603  .rodata.__FUNCTION__.3722	Obj/src_ipc.o
    0x0102d1f1   0x00000003   PAD
    0x0102d1f4   0x0000000b   Data   RO        604  .rodata.__FUNCTION__.3730	Obj/src_ipc.o
    0x0102d1ff   0x00000001   PAD
    0x0102d200   0x0000000d   Data   RO        605  .rodata.__FUNCTION__.3738	Obj/src_ipc.o
    0x0102d20d   0x00000003   PAD
    0x0102d210   0x0000000b   Data   RO        606  .rodata.__FUNCTION__.3749	Obj/src_ipc.o
    0x0102d21b   0x00000001   PAD
    0x0102d21c   0x0000000e   Data   RO        607  .rodata.__FUNCTION__.3762	Obj/src_ipc.o
    0x0102d22a   0x00000002   PAD
    0x0102d22c   0x000000ae   Data   RO        608  .rodata.str1.4 	Obj/src_ipc.o
    0x0102d2da   0x00000002   PAD
    0x0102d2dc   0x00000150   Data   RO        646  .rodata.rt_vsnprintf	Obj/src_kservice.o
    0x0102d42c   0x00000100   Data   RO        660  .rodata.__lowest_bit_bitmap	Obj/src_kservice.o
    0x0102d52c   0x00000011   Data   RO        661  .rodata.large_digits.3609	Obj/src_kservice.o
    0x0102d53d   0x00000003   PAD
    0x0102d540   0x00000086   Data   RO        663  .rodata.rt_show_version.str1.4	Obj/src_kservice.o
    0x0102d5c6   0x00000002   PAD
    0x0102d5c8   0x00000007   Data   RO        664  .rodata.rt_vsnprintf.str1.4	Obj/src_kservice.o
    0x0102d5cf   0x00000001   PAD
    0x0102d5d0   0x00000011   Data   RO        665  .rodata.small_digits.3608	Obj/src_kservice.o
    0x0102d5e1   0x00000003   PAD
    0x0102d5e4   0x00000037   Data   RO        666  .rodata.str1.4 	Obj/src_kservice.o
    0x0102d61b   0x00000001   PAD
    0x0102d61c   0x0000000b   Data   RO        695  .rodata.__FUNCTION__.3467	Obj/src_mem.o
    0x0102d627   0x00000001   PAD
    0x0102d628   0x00000014   Data   RO        696  .rodata.__FUNCTION__.3476	Obj/src_mem.o
    0x0102d63c   0x0000000a   Data   RO        697  .rodata.__FUNCTION__.3485	Obj/src_mem.o
    0x0102d646   0x00000002   PAD
    0x0102d648   0x0000000b   Data   RO        698  .rodata.__FUNCTION__.3503	Obj/src_mem.o
    0x0102d653   0x00000001   PAD
    0x0102d654   0x0000000a   Data   RO        699  .rodata.__FUNCTION__.3510	Obj/src_mem.o
    0x0102d65e   0x00000002   PAD
    0x0102d660   0x00000008   Data   RO        700  .rodata.__FUNCTION__.3516	Obj/src_mem.o
    0x0102d668   0x00000046   Data   RO        701  .rodata.list_mem.str1.4	Obj/src_mem.o
    0x0102d6ae   0x00000002   PAD
    0x0102d6b0   0x00000029   Data   RO        702  .rodata.name   	Obj/src_mem.o
    0x0102d6d9   0x00000003   PAD
    0x0102d6dc   0x00000042   Data   RO        703  .rodata.rt_system_heap_init.str1.4	Obj/src_mem.o
    0x0102d71e   0x00000002   PAD
    0x0102d720   0x00000221   Data   RO        704  .rodata.str1.4 	Obj/src_mem.o
    0x0102d941   0x00000003   PAD
    0x0102d944   0x00000012   Data   RO        724  .rodata.__FUNCTION__.3447	Obj/src_memheap.o
    0x0102d956   0x00000002   PAD
    0x0102d958   0x00000011   Data   RO        725  .rodata.__FUNCTION__.3455	Obj/src_memheap.o
    0x0102d969   0x00000003   PAD
    0x0102d96c   0x00000013   Data   RO        726  .rodata.__FUNCTION__.3471	Obj/src_memheap.o
    0x0102d97f   0x00000001   PAD
    0x0102d980   0x00000010   Data   RO        727  .rodata.__FUNCTION__.3482	Obj/src_memheap.o
    0x0102d990   0x000000c6   Data   RO        729  .rodata.str1.4 	Obj/src_memheap.o
    0x0102da56   0x00000002   PAD
    0x0102da58   0x0000000f   Data   RO        749  .rodata.__FUNCTION__.3495	Obj/src_object.o
    0x0102da67   0x00000001   PAD
    0x0102da68   0x00000011   Data   RO        750  .rodata.__FUNCTION__.3500	Obj/src_object.o
    0x0102da79   0x00000003   PAD
    0x0102da7c   0x00000013   Data   RO        751  .rodata.__FUNCTION__.3509	Obj/src_object.o
    0x0102da8f   0x00000001   PAD
    0x0102da90   0x00000011   Data   RO        752  .rodata.__FUNCTION__.3514	Obj/src_object.o
    0x0102daa1   0x00000003   PAD
    0x0102daa4   0x0000001a   Data   RO        753  .rodata.__FUNCTION__.3518	Obj/src_object.o
    0x0102dabe   0x00000002   PAD
    0x0102dac0   0x0000000f   Data   RO        754  .rodata.__FUNCTION__.3527	Obj/src_object.o
    0x0102dacf   0x00000001   PAD
    0x0102dad0   0x0000003d   Data   RO        755  .rodata.str1.4 	Obj/src_object.o
    0x0102db0d   0x00000003   PAD
    0x0102db10   0x0000001a   Data   RO        777  .rodata.__FUNCTION__.3454	Obj/src_scheduler.o
    0x0102db2a   0x00000002   PAD
    0x0102db2c   0x0000001a   Data   RO        778  .rodata.__FUNCTION__.3490	Obj/src_scheduler.o
    0x0102db46   0x00000002   PAD
    0x0102db48   0x0000001a   Data   RO        779  .rodata.__FUNCTION__.3495	Obj/src_scheduler.o
    0x0102db62   0x00000002   PAD
    0x0102db64   0x00000084   Data   RO        780  .rodata.str1.4 	Obj/src_scheduler.o
    0x0102dbe8   0x00000010   Data   RO        816  .rodata.__FUNCTION__.3473	Obj/src_thread.o
    0x0102dbf8   0x0000000f   Data   RO        817  .rodata.__FUNCTION__.3485	Obj/src_thread.o
    0x0102dc07   0x00000001   PAD
    0x0102dc08   0x00000012   Data   RO        818  .rodata.__FUNCTION__.3492	Obj/src_thread.o
    0x0102dc1a   0x00000002   PAD
    0x0102dc1c   0x00000011   Data   RO        819  .rodata.__FUNCTION__.3497	Obj/src_thread.o
    0x0102dc2d   0x00000003   PAD
    0x0102dc30   0x00000011   Data   RO        820  .rodata.__FUNCTION__.3513	Obj/src_thread.o
    0x0102dc41   0x00000003   PAD
    0x0102dc44   0x00000010   Data   RO        821  .rodata.__FUNCTION__.3524	Obj/src_thread.o
    0x0102dc54   0x00000012   Data   RO        822  .rodata.__FUNCTION__.3538	Obj/src_thread.o
    0x0102dc66   0x00000002   PAD
    0x0102dc68   0x00000012   Data   RO        823  .rodata.__FUNCTION__.3548	Obj/src_thread.o
    0x0102dc7a   0x00000002   PAD
    0x0102dc7c   0x00000011   Data   RO        824  .rodata.__FUNCTION__.3553	Obj/src_thread.o
    0x0102dc8d   0x00000003   PAD
    0x0102dc90   0x00000012   Data   RO        825  .rodata.__FUNCTION__.3558	Obj/src_thread.o
    0x0102dca2   0x00000002   PAD
    0x0102dca4   0x0000000f   Data   RO        826  .rodata.__FUNCTION__.3565	Obj/src_thread.o
    0x0102dcb3   0x00000001   PAD
    0x0102dcb4   0x00000022   Data   RO        827  .rodata._rt_thread_init.isra.0.str1.4	Obj/src_thread.o
    0x0102dcd6   0x00000002   PAD
    0x0102dcd8   0x00000017   Data   RO        828  .rodata.rt_thread_init.str1.4	Obj/src_thread.o
    0x0102dcef   0x00000001   PAD
    0x0102dcf0   0x00000073   Data   RO        829  .rodata.str1.4 	Obj/src_thread.o
    0x0102dd63   0x00000001   PAD
    0x0102dd64   0x0000000e   Data   RO        850  .rodata.__FUNCTION__.3479	Obj/src_timer.o
    0x0102dd72   0x00000002   PAD
    0x0102dd74   0x00000010   Data   RO        851  .rodata.__FUNCTION__.3484	Obj/src_timer.o
    0x0102dd84   0x00000010   Data   RO        852  .rodata.__FUNCTION__.3498	Obj/src_timer.o
    0x0102dd94   0x0000000f   Data   RO        853  .rodata.__FUNCTION__.3508	Obj/src_timer.o
    0x0102dda3   0x00000001   PAD
    0x0102dda4   0x0000000e   Data   RO        854  .rodata.__FUNCTION__.3525	Obj/src_timer.o
    0x0102ddb2   0x00000002   PAD
    0x0102ddb4   0x00000011   Data   RO        855  .rodata.__FUNCTION__.3531	Obj/src_timer.o
    0x0102ddc5   0x00000003   PAD
    0x0102ddc8   0x00000023   Data   RO        856  .rodata.str1.4 	Obj/src_timer.o
    0x0102ddeb   0x00000001   PAD
    0x0102ddec   0x00000149   Data   RO        880  .rodata.rt_hw_hard_fault_exception.str1.4	Obj/ck803_cpuport.o
    0x0102df35   0x00000003   PAD
    0x0102df38   0x00000041   Data   RO        944  .rodata.name   	Obj/common_showmem.o
    0x0102df79   0x00000003   PAD
    0x0102df7c   0x00000015   Data   RO        945  .rodata.rt_hw_show_memory.str1.4	Obj/common_showmem.o
    0x0102df91   0x00000003   PAD
    0x0102df94   0x00000043   Data   RO        946  .rodata.rt_show_memory.str1.4	Obj/common_showmem.o
    0x0102dfd7   0x00000001   PAD
    0x0102dfd8   0x00000009   Data   RO        973  .rodata.__FUNCTION__.4526	Obj/src_dfs.o
    0x0102dfe1   0x00000003   PAD
    0x0102dfe4   0x00000007   Data   RO        974  .rodata.__FUNCTION__.4560	Obj/src_dfs.o
    0x0102dfeb   0x00000001   PAD
    0x0102dfec   0x00000013   Data   RO        975  .rodata.__FUNCTION__.4592	Obj/src_dfs.o
    0x0102dfff   0x00000001   PAD
    0x0102e000   0x00000029   Data   RO        976  .rodata.dfs_init.str1.4	Obj/src_dfs.o
    0x0102e029   0x00000003   PAD
    0x0102e02c   0x0000001a   Data   RO        977  .rodata.dfs_normalize_path.str1.4	Obj/src_dfs.o
    0x0102e046   0x00000002   PAD
    0x0102e048   0x0000007f   Data   RO        978  .rodata.list_fd.str1.4	Obj/src_dfs.o
    0x0102e0c7   0x00000001   PAD
    0x0102e0c8   0x00000026   Data   RO        979  .rodata.name   	Obj/src_dfs.o
    0x0102e0ee   0x00000002   PAD
    0x0102e0f0   0x0000000b   Data   RO        980  .rodata.str1.4 	Obj/src_dfs.o
    0x0102e0fb   0x00000001   PAD
    0x0102e0fc   0x00000010   Data   RO       1014  .rodata.cat.str1.4	Obj/src_dfs_file.o
    0x0102e10c   0x00000044   Data   RO       1015  .rodata.copy.str1.4	Obj/src_dfs_file.o
    0x0102e150   0x0000003e   Data   RO       1016  .rodata.copydir.str1.4	Obj/src_dfs_file.o
    0x0102e18e   0x00000002   PAD
    0x0102e190   0x00000056   Data   RO       1017  .rodata.copyfile.str1.4	Obj/src_dfs_file.o
    0x0102e1e6   0x00000002   PAD
    0x0102e1e8   0x00000002   Data   RO       1018  .rodata.dfs_file_open.str1.4	Obj/src_dfs_file.o
    0x0102e1ea   0x00000002   PAD
    0x0102e1ec   0x00000053   Data   RO       1019  .rodata.ls.str1.4	Obj/src_dfs_file.o
    0x0102e23f   0x00000001   PAD
    0x0102e240   0x00000067   Data   RO       1020  .rodata.name   	Obj/src_dfs_file.o
    0x0102e2a7   0x00000001   PAD
    0x0102e2a8   0x00000012   Data   RO       1021  .rodata.rm.str1.4	Obj/src_dfs_file.o
    0x0102e2ba   0x00000002   PAD
    0x0102e2bc   0x00000016   Data   RO       1048  .rodata.__FUNCTION__.4519	Obj/src_dfs_fs.o
    0x0102e2d2   0x00000002   PAD
    0x0102e2d4   0x00000056   Data   RO       1050  .rodata.df.str1.4	Obj/src_dfs_fs.o
    0x0102e32a   0x00000002   PAD
    0x0102e32c   0x00000005   Data   RO       1052  .rodata.dfs_filesystem_lookup.str1.4	Obj/src_dfs_fs.o
    0x0102e331   0x00000003   PAD
    0x0102e334   0x00000031   Data   RO       1053  .rodata.dfs_mkfs.str1.4	Obj/src_dfs_fs.o
    0x0102e365   0x00000003   PAD
    0x0102e368   0x0000002d   Data   RO       1055  .rodata.name   	Obj/src_dfs_fs.o
    0x0102e395   0x00000003   PAD
    0x0102e398   0x00000042   Data   RO       1091  .rodata.name   	Obj/src_dfs_posix.o
    0x0102e3da   0x00000002   PAD
    0x0102e3dc   0x00000007   Data   RO       1125  .rodata.__FUNCTION__.4610	Obj/src_select.o
    0x0102e3e3   0x00000001   PAD
    0x0102e3e4   0x0000000d   Data   RO       1126  .rodata.str1.4 	Obj/src_select.o
    0x0102e3f1   0x00000003   PAD
    0x0102e3f4   0x00000014   Data   RO       1152  .rodata.__FUNCTION__.4517	Obj/devfs_devfs.o
    0x0102e408   0x00000013   Data   RO       1153  .rodata.__FUNCTION__.4525	Obj/devfs_devfs.o
    0x0102e41b   0x00000001   PAD
    0x0102e41c   0x00000014   Data   RO       1154  .rodata.__FUNCTION__.4533	Obj/devfs_devfs.o
    0x0102e430   0x00000014   Data   RO       1155  .rodata.__FUNCTION__.4539	Obj/devfs_devfs.o
    0x0102e444   0x00000013   Data   RO       1156  .rodata.__FUNCTION__.4551	Obj/devfs_devfs.o
    0x0102e457   0x00000001   PAD
    0x0102e458   0x00000017   Data   RO       1157  .rodata.__FUNCTION__.4573	Obj/devfs_devfs.o
    0x0102e46f   0x00000001   PAD
    0x0102e470   0x00000024   Data   RO       1158  .rodata._device_fops	Obj/devfs_devfs.o
    0x0102e494   0x00000028   Data   RO       1159  .rodata._device_fs	Obj/devfs_devfs.o
    0x0102e4bc   0x00000017   Data   RO       1160  .rodata.dfs_device_fs_getdents.str1.4	Obj/devfs_devfs.o
    0x0102e4d3   0x00000001   PAD
    0x0102e4d4   0x00000022   Data   RO       1161  .rodata.dfs_device_fs_ioctl.str1.4	Obj/devfs_devfs.o
    0x0102e4f6   0x00000002   PAD
    0x0102e4f8   0x0000003c   Data   RO       1203  .rodata.CSWTCH.11	Obj/elmfat_dfs_elm.o
    0x0102e534   0x00000010   Data   RO       1204  .rodata.__FUNCTION__.4777	Obj/elmfat_dfs_elm.o
    0x0102e544   0x0000000f   Data   RO       1205  .rodata.__FUNCTION__.4797	Obj/elmfat_dfs_elm.o
    0x0102e553   0x00000001   PAD
    0x0102e554   0x0000000e   Data   RO       1206  .rodata.__FUNCTION__.4816	Obj/elmfat_dfs_elm.o
    0x0102e562   0x00000002   PAD
    0x0102e564   0x0000000d   Data   RO       1207  .rodata.__FUNCTION__.4831	Obj/elmfat_dfs_elm.o
    0x0102e571   0x00000003   PAD
    0x0102e574   0x0000000e   Data   RO       1208  .rodata.__FUNCTION__.4840	Obj/elmfat_dfs_elm.o
    0x0102e582   0x00000002   PAD
    0x0102e584   0x0000000e   Data   RO       1209  .rodata.__FUNCTION__.4846	Obj/elmfat_dfs_elm.o
    0x0102e592   0x00000002   PAD
    0x0102e594   0x0000000e   Data   RO       1210  .rodata.__FUNCTION__.4853	Obj/elmfat_dfs_elm.o
    0x0102e5a2   0x00000002   PAD
    0x0102e5a4   0x00000011   Data   RO       1211  .rodata.__FUNCTION__.4865	Obj/elmfat_dfs_elm.o
    0x0102e5b5   0x00000003   PAD
    0x0102e5b8   0x00000028   Data   RO       1212  .rodata.dfs_elm	Obj/elmfat_dfs_elm.o
    0x0102e5e0   0x0000001e   Data   RO       1213  .rodata.dfs_elm_close.str1.4	Obj/elmfat_dfs_elm.o
    0x0102e5fe   0x00000002   PAD
    0x0102e600   0x00000024   Data   RO       1214  .rodata.dfs_elm_fops	Obj/elmfat_dfs_elm.o
    0x0102e624   0x00000037   Data   RO       1215  .rodata.dfs_elm_mkfs.str1.4	Obj/elmfat_dfs_elm.o
    0x0102e65b   0x00000001   PAD
    0x0102e65c   0x00000049   Data   RO       1216  .rodata.dfs_elm_mount.str1.4	Obj/elmfat_dfs_elm.o
    0x0102e6a5   0x00000003   PAD
    0x0102e6a8   0x00000006   Data   RO       1217  .rodata.dfs_elm_open.str1.4	Obj/elmfat_dfs_elm.o
    0x0102e6ae   0x00000002   PAD
    0x0102e6b0   0x0000001f   Data   RO       1218  .rodata.dfs_elm_statfs.str1.4	Obj/elmfat_dfs_elm.o
    0x0102e6cf   0x00000001   PAD
    0x0102e6d0   0x0000000f   Data   RO       1219  .rodata.dfs_elm_unmount.str1.4	Obj/elmfat_dfs_elm.o
    0x0102e6df   0x00000001   PAD
    0x0102e6e0   0x00000006   Data   RO       1220  .rodata.ff_cre_syncobj.str1.4	Obj/elmfat_dfs_elm.o
    0x0102e6e6   0x00000002   PAD
    0x0102e6e8   0x00000067   Data   RO       1221  .rodata.mount_elm_ata.str1.4	Obj/elmfat_dfs_elm.o
    0x0102e74f   0x00000001   PAD
    0x0102e750   0x0000002d   Data   RO       1222  .rodata.name   	Obj/elmfat_dfs_elm.o
    0x0102e77d   0x00000003   PAD
    0x0102e780   0x00000080   Data   RO       1280  .rodata.ExCvt  	Obj/elmfat_ff.o
    0x0102e800   0x0000000d   Data   RO       1281  .rodata.LfnOfs 	Obj/elmfat_ff.o
    0x0102e80d   0x00000003   PAD
    0x0102e810   0x0000000c   Data   RO       1282  .rodata.check_fs.str1.4	Obj/elmfat_ff.o
    0x0102e81c   0x0000000e   Data   RO       1283  .rodata.cst.3542	Obj/elmfat_ff.o
    0x0102e82a   0x00000002   PAD
    0x0102e82c   0x0000000e   Data   RO       1284  .rodata.cst32.3543	Obj/elmfat_ff.o
    0x0102e83a   0x00000002   PAD
    0x0102e83c   0x00000034   Data   RO       1285  .rodata.f_mkfs.str1.4	Obj/elmfat_ff.o
    0x0102e870   0x00000013   Data   RO       1286  .rodata.follow_path.str1.4	Obj/elmfat_ff.o
    0x0102e883   0x00000001   PAD
    0x0102e884   0x00000024   Data   RO       1304  .rodata.ff_wtoupper	Obj/option_ccsbcs.o
    0x0102e8a8   0x00000100   Data   RO       1305  .rodata.Tbl    	Obj/option_ccsbcs.o
    0x0102e9a8   0x000001f2   Data   RO       1306  .rodata.cvt1.2688	Obj/option_ccsbcs.o
    0x0102eb9a   0x00000002   PAD
    0x0102eb9c   0x000000bc   Data   RO       1307  .rodata.cvt2.2689	Obj/option_ccsbcs.o
    0x0102ec58   0x00000024   Data   RO       1327  .rodata._net_fops	Obj/net_dfs_net.o
    0x0102ec7c   0x00000014   Data   RO       1363  .rodata.event_callback	Obj/net_net_sockets.o
    0x0102ec90   0x0000000f   Data   RO       1377  .rodata.__FUNCTION__.3839	Obj/net_net_sockets.o
    0x0102ec9f   0x00000001   PAD
    0x0102eca0   0x00000011   Data   RO       1378  .rodata.accept.str1.4	Obj/net_net_sockets.o
    0x0102ecb1   0x00000003   PAD
    0x0102ecb4   0x00000046   Data   RO       1379  .rodata.event_callback.str1.4	Obj/net_net_sockets.o
    0x0102ecfa   0x00000002   PAD
    0x0102ecfc   0x00000011   Data   RO       1411  .rodata.__FUNCTION__.4528	Obj/ramfs_dfs_ramfs.o
    0x0102ed0d   0x00000003   PAD
    0x0102ed10   0x0000000f   Data   RO       1412  .rodata.__FUNCTION__.4554	Obj/ramfs_dfs_ramfs.o
    0x0102ed1f   0x00000001   PAD
    0x0102ed20   0x00000010   Data   RO       1413  .rodata.__FUNCTION__.4562	Obj/ramfs_dfs_ramfs.o
    0x0102ed30   0x0000000f   Data   RO       1414  .rodata.__FUNCTION__.4578	Obj/ramfs_dfs_ramfs.o
    0x0102ed3f   0x00000001   PAD
    0x0102ed40   0x00000013   Data   RO       1415  .rodata.__FUNCTION__.4601	Obj/ramfs_dfs_ramfs.o
    0x0102ed53   0x00000001   PAD
    0x0102ed54   0x00000011   Data   RO       1416  .rodata.__FUNCTION__.4612	Obj/ramfs_dfs_ramfs.o
    0x0102ed65   0x00000003   PAD
    0x0102ed68   0x00000011   Data   RO       1417  .rodata.__FUNCTION__.4621	Obj/ramfs_dfs_ramfs.o
    0x0102ed79   0x00000003   PAD
    0x0102ed7c   0x00000024   Data   RO       1418  .rodata._ram_fops	Obj/ramfs_dfs_ramfs.o
    0x0102eda0   0x00000028   Data   RO       1419  .rodata._ramfs 	Obj/ramfs_dfs_ramfs.o
    0x0102edc8   0x00000011   Data   RO       1421  .rodata.dfs_ramfs_getdents.str1.4	Obj/ramfs_dfs_ramfs.o
    0x0102edd9   0x00000003   PAD
    0x0102eddc   0x0000000f   Data   RO       1422  .rodata.dfs_ramfs_read.str1.4	Obj/ramfs_dfs_ramfs.o
    0x0102edeb   0x00000001   PAD
    0x0102edec   0x0000001c   Data   RO       1423  .rodata.dfs_ramfs_statfs.str1.4	Obj/ramfs_dfs_ramfs.o
    0x0102ee08   0x00000004   Data   RO       1424  .rodata.str1.4 	Obj/ramfs_dfs_ramfs.o
    0x0102ee0c   0x0000000f   Data   RO       1452  .rodata.__FUNCTION__.4560	Obj/romfs_dfs_romfs.o
    0x0102ee1b   0x00000001   PAD
    0x0102ee1c   0x00000013   Data   RO       1453  .rodata.__FUNCTION__.4593	Obj/romfs_dfs_romfs.o
    0x0102ee2f   0x00000001   PAD
    0x0102ee30   0x00000024   Data   RO       1454  .rodata._rom_fops	Obj/romfs_dfs_romfs.o
    0x0102ee54   0x00000028   Data   RO       1455  .rodata._romfs 	Obj/romfs_dfs_romfs.o
    0x0102ee7c   0x00000021   Data   RO       1456  .rodata.dfs_romfs_getdents.str1.4	Obj/romfs_dfs_romfs.o
    0x0102ee9d   0x00000003   PAD
    0x0102eea0   0x0000004a   Data   RO       1457  .rodata.dfs_romfs_init.str1.4	Obj/romfs_dfs_romfs.o
    0x0102eeea   0x00000002   PAD
    0x0102eeec   0x00000040   Data   RO       1475  .rodata._romfs_root	Obj/romfs_romfs.o
    0x0102ef2c   0x00000000   Data   RO       1476  .rodata._romfs_root_exfat	Obj/romfs_romfs.o
    0x0102ef2c   0x00000000   Data   RO       1477  .rodata._romfs_root_ext4	Obj/romfs_romfs.o
    0x0102ef2c   0x00000000   Data   RO       1478  .rodata._romfs_root_ram	Obj/romfs_romfs.o
    0x0102ef2c   0x00000010   Data   RO       1479  .rodata._romfs_root_rom	Obj/romfs_romfs.o
    0x0102ef3c   0x00000050   Data   RO       1480  .rodata._romfs_root_rom_webnet	Obj/romfs_romfs.o
    0x0102ef8c   0x00000000   Data   RO       1481  .rodata._romfs_root_rom_webnet_admin	Obj/romfs_romfs.o
    0x0102ef8c   0x00000ab1   Data   RO       1482  .rodata._romfs_root_rom_webnet_index_html	Obj/romfs_romfs.o
    0x0102fa3d   0x00000003   PAD
    0x0102fa40   0x00000142   Data   RO       1483  .rodata._romfs_root_rom_webnet_index_shtml	Obj/romfs_romfs.o
    0x0102fb82   0x00000002   PAD
    0x0102fb84   0x00000000   Data   RO       1484  .rodata._romfs_root_rom_webnet_upload	Obj/romfs_romfs.o
    0x0102fb84   0x000000cd   Data   RO       1485  .rodata._romfs_root_rom_webnet_version_asp	Obj/romfs_romfs.o
    0x0102fc51   0x00000003   PAD
    0x0102fc54   0x00000010   Data   RO       1486  .rodata.romfs_root	Obj/romfs_romfs.o
    0x0102fc64   0x0000004c   Data   RO       1487  .rodata.str1.4 	Obj/romfs_romfs.o
    0x0102fcb0   0x00000011   Data   RO       1505  .rodata.__FUNCTION__.3198	Obj/cputime_cputime.o
    0x0102fcc1   0x00000003   PAD
    0x0102fcc4   0x00000040   Data   RO       1506  .rodata.clock_cpu_setops.str1.4	Obj/cputime_cputime.o
    0x0102fd04   0x0000000f   Data   RO       1529  .rodata.__FUNCTION__.4075	Obj/crypto_crypto_dev.o
    0x0102fd13   0x00000001   PAD
    0x0102fd14   0x00000010   Data   RO       1530  .rodata.__FUNCTION__.4102	Obj/crypto_crypto_dev.o
    0x0102fd24   0x00000013   Data   RO       1531  .rodata.__FUNCTION__.4111	Obj/crypto_crypto_dev.o
    0x0102fd37   0x00000001   PAD
    0x0102fd38   0x00000029   Data   RO       1532  .rodata.rt_crypto_init.str1.4	Obj/crypto_crypto_dev.o
    0x0102fd61   0x00000003   PAD
    0x0102fd64   0x00000012   Data   RO       1534  .rodata.rt_crypto_register.str1.4	Obj/crypto_crypto_dev.o
    0x0102fd76   0x00000002   PAD
    0x0102fd78   0x00000016   Data   RO       1558  .rodata.__FUNCTION__.3248	Obj/hwtimer_hwtimer.o
    0x0102fd8e   0x00000002   PAD
    0x0102fd90   0x0000001b   Data   RO       1559  .rodata.__FUNCTION__.3255	Obj/hwtimer_hwtimer.o
    0x0102fdab   0x00000001   PAD
    0x0102fdac   0x0000002f   Data   RO       1561  .rodata.rt_device_hwtimer_register.str1.4	Obj/hwtimer_hwtimer.o
    0x0102fddb   0x00000001   PAD
    0x0102fddc   0x00000013   Data   RO       1583  .rodata.__FUNCTION__.3214	Obj/i2c_i2c_core.o
    0x0102fdef   0x00000001   PAD
    0x0102fdf0   0x0000000d   Data   RO       1584  .rodata.rt_i2c_bus_device_register.str1.4	Obj/i2c_i2c_core.o
    0x0102fdfd   0x00000003   PAD
    0x0102fe00   0x00000014   Data   RO       1606  .rodata.__FUNCTION__.3189	Obj/i2c_i2c_dev.o
    0x0102fe14   0x00000015   Data   RO       1607  .rodata.__FUNCTION__.3199	Obj/i2c_i2c_dev.o
    0x0102fe29   0x00000003   PAD
    0x0102fe2c   0x00000017   Data   RO       1608  .rodata.__FUNCTION__.3208	Obj/i2c_i2c_dev.o
    0x0102fe43   0x00000001   PAD
    0x0102fe44   0x0000001e   Data   RO       1609  .rodata.__FUNCTION__.3220	Obj/i2c_i2c_dev.o
    0x0102fe62   0x00000002   PAD
    0x0102fe64   0x00000010   Data   RO       1659  .rodata.__FUNCTION__.3305	Obj/i2c_i2c_eeprom.o
    0x0102fe74   0x00000011   Data   RO       1660  .rodata.__FUNCTION__.3318	Obj/i2c_i2c_eeprom.o
    0x0102fe85   0x00000003   PAD
    0x0102fe88   0x0000003c   Data   RO       1661  .rodata.eeprom_24aa128_init.str1.4	Obj/i2c_i2c_eeprom.o
    0x0102fec4   0x00000009   Data   RO       1662  .rodata.i2c_eeprom_read.str1.4	Obj/i2c_i2c_eeprom.o
    0x0102fecd   0x00000003   PAD
    0x0102fed0   0x0000002f   Data   RO       1663  .rodata.i2c_eeprom_write.str1.4	Obj/i2c_i2c_eeprom.o
    0x0102feff   0x00000001   PAD
    0x0102ff00   0x0000000a   Data   RO       1691  .rodata.__FUNCTION__.3575	Obj/misc_pin.o
    0x0102ff0a   0x00000002   PAD
    0x0102ff0c   0x0000000b   Data   RO       1692  .rodata.__FUNCTION__.3584	Obj/misc_pin.o
    0x0102ff17   0x00000001   PAD
    0x0102ff18   0x0000000d   Data   RO       1693  .rodata.__FUNCTION__.3592	Obj/misc_pin.o
    0x0102ff25   0x00000003   PAD
    0x0102ff28   0x0000000c   Data   RO       1697  .rodata.__FUNCTION__.3619	Obj/misc_pin.o
    0x0102ff34   0x0000000d   Data   RO       1698  .rodata.__FUNCTION__.3627	Obj/misc_pin.o
    0x0102ff41   0x00000003   PAD
    0x0102ff44   0x0000000c   Data   RO       1699  .rodata.__FUNCTION__.3634	Obj/misc_pin.o
    0x0102ff50   0x0000000f   Data   RO       1700  .rodata._pin_control.str1.4	Obj/misc_pin.o
    0x0102ff5f   0x00000001   PAD
    0x0102ff60   0x00000070   Data   RO       1701  .rodata.name   	Obj/misc_pin.o
    0x0102ffd0   0x00000017   Data   RO       1702  .rodata.rt_pin_mode.str1.4	Obj/misc_pin.o
    0x0102ffe7   0x00000001   PAD
    0x0102ffe8   0x00000123   Data   RO       1726  .rodata.date.str1.4	Obj/rtc_rtc.o
    0x0103010b   0x00000001   PAD
    0x0103010c   0x000000c2   Data   RO       1728  .rodata.name   	Obj/rtc_rtc.o
    0x010301ce   0x00000002   PAD
    0x010301d0   0x00000009   Data   RO       1729  .rodata.rt_rtc_ntp_sync_init.str1.4	Obj/rtc_rtc.o
    0x010301d9   0x00000003   PAD
    0x010301dc   0x00000004   Data   RO       1730  .rodata.set_date.str1.4	Obj/rtc_rtc.o
    0x010301e0   0x00000011   Data   RO       1754  .rodata.__FUNCTION__.2556	Obj/rtc_soft_rtc.o
    0x010301f1   0x00000003   PAD
    0x010301f4   0x00000011   Data   RO       1755  .rodata.__FUNCTION__.2565	Obj/rtc_soft_rtc.o
    0x01030205   0x00000003   PAD
    0x01030208   0x00000017   Data   RO       1756  .rodata.rt_soft_rtc_init.str1.4	Obj/rtc_soft_rtc.o
    0x0103021f   0x00000001   PAD
    0x01030220   0x0000000c   Data   RO       1778  .rodata.__FUNCTION__.4071	Obj/sata_sata.o
    0x0103022c   0x0000000c   Data   RO       1779  .rodata.__FUNCTION__.4087	Obj/sata_sata.o
    0x01030238   0x0000000d   Data   RO       1780  .rodata.__FUNCTION__.4096	Obj/sata_sata.o
    0x01030245   0x00000003   PAD
    0x01030248   0x0000000d   Data   RO       1781  .rodata.__FUNCTION__.4107	Obj/sata_sata.o
    0x01030255   0x00000003   PAD
    0x01030258   0x00000010   Data   RO       1782  .rodata.__FUNCTION__.4121	Obj/sata_sata.o
    0x01030268   0x00000009   Data   RO       1783  .rodata.rt_ata_init.str1.4	Obj/sata_sata.o
    0x01030271   0x00000003   PAD
    0x01030274   0x0000000f   Data   RO       1784  .rodata.rt_ata_register.str1.4	Obj/sata_sata.o
    0x01030283   0x00000001   PAD
    0x01030284   0x00000006   Data   RO       1817  .rodata.CSWTCH.27	Obj/serial_serial.o
    0x0103028a   0x00000002   PAD
    0x0103028c   0x00000011   Data   RO       1818  .rodata.__FUNCTION__.4594	Obj/serial_serial.o
    0x0103029d   0x00000003   PAD
    0x010302a0   0x00000011   Data   RO       1819  .rodata.__FUNCTION__.4636	Obj/serial_serial.o
    0x010302b1   0x00000003   PAD
    0x010302b4   0x0000000f   Data   RO       1820  .rodata.__FUNCTION__.4668	Obj/serial_serial.o
    0x010302c3   0x00000001   PAD
    0x010302c4   0x0000000f   Data   RO       1821  .rodata.__FUNCTION__.4681	Obj/serial_serial.o
    0x010302d3   0x00000001   PAD
    0x010302d4   0x0000001d   Data   RO       1822  .rodata.__FUNCTION__.4689	Obj/serial_serial.o
    0x010302f1   0x00000003   PAD
    0x010302f4   0x0000001d   Data   RO       1823  .rodata.__FUNCTION__.4698	Obj/serial_serial.o
    0x01030311   0x00000003   PAD
    0x01030314   0x0000001d   Data   RO       1824  .rodata.__FUNCTION__.4704	Obj/serial_serial.o
    0x01030331   0x00000003   PAD
    0x01030334   0x0000000f   Data   RO       1825  .rodata.__FUNCTION__.4711	Obj/serial_serial.o
    0x01030343   0x00000001   PAD
    0x01030344   0x0000000f   Data   RO       1826  .rodata.__FUNCTION__.4730	Obj/serial_serial.o
    0x01030353   0x00000001   PAD
    0x01030354   0x0000000f   Data   RO       1827  .rodata.__FUNCTION__.4737	Obj/serial_serial.o
    0x01030363   0x00000001   PAD
    0x01030364   0x00000010   Data   RO       1828  .rodata.__FUNCTION__.4747	Obj/serial_serial.o
    0x01030374   0x0000000f   Data   RO       1829  .rodata.__FUNCTION__.4760	Obj/serial_serial.o
    0x01030383   0x00000001   PAD
    0x01030384   0x00000010   Data   RO       1830  .rodata.__FUNCTION__.4768	Obj/serial_serial.o
    0x01030394   0x00000012   Data   RO       1831  .rodata.__FUNCTION__.4776	Obj/serial_serial.o
    0x010303a6   0x00000002   PAD
    0x010303a8   0x00000016   Data   RO       1832  .rodata.__FUNCTION__.4794	Obj/serial_serial.o
    0x010303be   0x00000002   PAD
    0x010303c0   0x00000011   Data   RO       1833  .rodata.__FUNCTION__.4803	Obj/serial_serial.o
    0x010303d1   0x00000003   PAD
    0x010303d4   0x00000013   Data   RO       1834  .rodata._serial_fifo_calc_recved_len.str1.4	Obj/serial_serial.o
    0x010303e7   0x00000001   PAD
    0x010303e8   0x00000024   Data   RO       1835  .rodata._serial_fops	Obj/serial_serial.o
    0x0103040c   0x00000026   Data   RO       1836  .rodata.rt_hw_serial_isr.str1.4	Obj/serial_serial.o
    0x01030432   0x00000002   PAD
    0x01030434   0x0000003b   Data   RO       1839  .rodata.rt_serial_open.str1.4	Obj/serial_serial.o
    0x0103046f   0x00000001   PAD
    0x01030470   0x0000007a   Data   RO       1840  .rodata.rt_serial_read.str1.4	Obj/serial_serial.o
    0x010304ea   0x00000002   PAD
    0x010304ec   0x0000000e   Data   RO       1841  .rodata.rt_serial_write.str1.4	Obj/serial_serial.o
    0x010304fa   0x00000002   PAD
    0x010304fc   0x00000011   Data   RO       1869  .rodata.__FUNCTION__.2672	Obj/spi_spi_core.o
    0x0103050d   0x00000003   PAD
    0x01030510   0x00000010   Data   RO       1872  .rodata.__FUNCTION__.2703	Obj/spi_spi_core.o
    0x01030520   0x00000018   Data   RO       1873  .rodata.__FUNCTION__.2711	Obj/spi_spi_core.o
    0x01030538   0x00000015   Data   RO       1904  .rodata.__FUNCTION__.2654	Obj/spi_spi_dev.o
    0x0103054d   0x00000003   PAD
    0x01030550   0x00000016   Data   RO       1905  .rodata.__FUNCTION__.2662	Obj/spi_spi_dev.o
    0x01030566   0x00000002   PAD
    0x01030568   0x00000017   Data   RO       1906  .rodata.__FUNCTION__.2676	Obj/spi_spi_dev.o
    0x0103057f   0x00000001   PAD
    0x01030580   0x00000014   Data   RO       1907  .rodata.__FUNCTION__.2684	Obj/spi_spi_dev.o
    0x01030594   0x00000015   Data   RO       1908  .rodata.__FUNCTION__.2692	Obj/spi_spi_dev.o
    0x010305a9   0x00000003   PAD
    0x010305ac   0x00000016   Data   RO       1909  .rodata.__FUNCTION__.2706	Obj/spi_spi_dev.o
    0x010305c2   0x00000002   PAD
    0x010305c4   0x00000016   Data   RO       1910  .rodata._spi_bus_device_write.str1.4	Obj/spi_spi_dev.o
    0x010305da   0x00000002   PAD
    0x010305dc   0x00000014   Data   RO       1939  .rodata.__FUNCTION__.3296	Obj/spi_spi_adc.o
    0x010305f0   0x00000048   Data   RO       1941  .rodata.mcp3202_init.str1.4	Obj/spi_spi_adc.o
    0x01030638   0x00000011   Data   RO       1963  .rodata.__FUNCTION__.2465	Obj/watchdog_watchdog.o
    0x01030649   0x00000003   PAD
    0x0103064c   0x00000012   Data   RO       1964  .rodata.__FUNCTION__.2474	Obj/watchdog_watchdog.o
    0x0103065e   0x00000002   PAD
    0x01030660   0x00000014   Data   RO       1965  .rodata.__FUNCTION__.2481	Obj/watchdog_watchdog.o
    0x01030674   0x00000018   Data   RO       1966  .rodata.__FUNCTION__.2489	Obj/watchdog_watchdog.o
    0x0103068c   0x0000000f   Data   RO       1967  .rodata.rt_hw_watchdog_register.str1.4	Obj/watchdog_watchdog.o
    0x0103069b   0x00000001   PAD
    0x0103069c   0x00000022   Data   RO       1968  .rodata.rt_watchdog_close.str1.4	Obj/watchdog_watchdog.o
    0x010306be   0x00000002   PAD
    0x010306c0   0x00000013   Data   RO       1987  .rodata.__FUNCTION__.4070	Obj/src_completion.o
    0x010306d3   0x00000001   PAD
    0x010306d4   0x00000013   Data   RO       1988  .rodata.__FUNCTION__.4078	Obj/src_completion.o
    0x010306e7   0x00000001   PAD
    0x010306e8   0x00000013   Data   RO       1989  .rodata.__FUNCTION__.4085	Obj/src_completion.o
    0x010306fb   0x00000001   PAD
    0x010306fc   0x00000016   Data   RO       1990  .rodata.rt_completion_init.str1.4	Obj/src_completion.o
    0x01030712   0x00000002   PAD
    0x01030714   0x0000002f   Data   RO       1991  .rodata.str1.4 	Obj/src_completion.o
    0x01030743   0x00000001   PAD
    0x01030744   0x00000013   Data   RO       2009  .rodata.__FUNCTION__.4076	Obj/src_dataqueue.o
    0x01030757   0x00000001   PAD
    0x01030758   0x00000013   Data   RO       2010  .rodata.__FUNCTION__.4086	Obj/src_dataqueue.o
    0x0103076b   0x00000001   PAD
    0x0103076c   0x00000012   Data   RO       2011  .rodata.__FUNCTION__.4101	Obj/src_dataqueue.o
    0x0103077e   0x00000002   PAD
    0x01030780   0x00000013   Data   RO       2012  .rodata.__FUNCTION__.4113	Obj/src_dataqueue.o
    0x01030793   0x00000001   PAD
    0x01030794   0x00000024   Data   RO       2014  .rodata.str1.4 	Obj/src_dataqueue.o
    0x010307b8   0x0000000f   Data   RO       2084  .rodata.__FUNCTION__.4102	Obj/src_waitqueue.o
    0x010307c7   0x00000001   PAD
    0x010307c8   0x00000016   Data   RO       2142  .rodata.__FUNCTION__.4764	Obj/finsh_shell.o
    0x010307de   0x00000002   PAD
    0x010307e0   0x0000000e   Data   RO       2143  .rodata.__FUNCTION__.4769	Obj/finsh_shell.o
    0x010307ee   0x00000002   PAD
    0x010307f0   0x0000000d   Data   RO       2144  .rodata.__FUNCTION__.4777	Obj/finsh_shell.o
    0x010307fd   0x00000003   PAD
    0x01030800   0x00000011   Data   RO       2145  .rodata.__FUNCTION__.4782	Obj/finsh_shell.o
    0x01030811   0x00000003   PAD
    0x01030814   0x00000011   Data   RO       2149  .rodata.finsh_rx_ind.str1.4	Obj/finsh_shell.o
    0x01030825   0x00000003   PAD
    0x01030828   0x00000020   Data   RO       2150  .rodata.finsh_set_device.str1.4	Obj/finsh_shell.o
    0x01030848   0x00000041   Data   RO       2151  .rodata.finsh_system_init.str1.4	Obj/finsh_shell.o
    0x01030889   0x00000003   PAD
    0x0103088c   0x00000014   Data   RO       2152  .rodata.finsh_thread_entry.str1.4	Obj/finsh_shell.o
    0x010308a0   0x0000000d   Data   RO       2153  .rodata.shell_handle_history.str1.4	Obj/finsh_shell.o
    0x010308ad   0x00000003   PAD
    0x010308b0   0x00000012   Data   RO       2201  .rodata.hello.str1.4	Obj/finsh_cmd.o
    0x010308c2   0x00000002   PAD
    0x010308c4   0x00000025   Data   RO       2202  .rodata.list.str1.4	Obj/finsh_cmd.o
    0x010308e9   0x00000003   PAD
    0x010308ec   0x0000005f   Data   RO       2203  .rodata.list_device.str1.4	Obj/finsh_cmd.o
    0x0103094b   0x00000001   PAD
    0x0103094c   0x0000006e   Data   RO       2204  .rodata.list_event.str1.4	Obj/finsh_cmd.o
    0x010309ba   0x00000002   PAD
    0x010309bc   0x00000076   Data   RO       2205  .rodata.list_mailbox.str1.4	Obj/finsh_cmd.o
    0x01030a32   0x00000002   PAD
    0x01030a34   0x00000080   Data   RO       2206  .rodata.list_memheap.str1.4	Obj/finsh_cmd.o
    0x01030ab4   0x00000065   Data   RO       2207  .rodata.list_msgqueue.str1.4	Obj/finsh_cmd.o
    0x01030b19   0x00000003   PAD
    0x01030b1c   0x00000063   Data   RO       2208  .rodata.list_mutex.str1.4	Obj/finsh_cmd.o
    0x01030b7f   0x00000001   PAD
    0x01030b80   0x00000060   Data   RO       2209  .rodata.list_sem.str1.4	Obj/finsh_cmd.o
    0x01030be0   0x000000f0   Data   RO       2210  .rodata.list_thread.str1.4	Obj/finsh_cmd.o
    0x01030cd0   0x00000095   Data   RO       2211  .rodata.list_timer.str1.4	Obj/finsh_cmd.o
    0x01030d65   0x00000003   PAD
    0x01030d68   0x0000037a   Data   RO       2212  .rodata.name   	Obj/finsh_cmd.o
    0x010310e2   0x00000002   PAD
    0x010310e4   0x00000119   Data   RO       2214  .rodata.str1.4 	Obj/finsh_cmd.o
    0x010311fd   0x00000003   PAD
    0x01031200   0x0000003c   Data   RO       2237  .rodata.msh_exec.str1.4	Obj/finsh_msh.o
    0x0103123c   0x00000030   Data   RO       2238  .rodata.msh_help.str1.4	Obj/finsh_msh.o
    0x0103126c   0x00000023   Data   RO       2239  .rodata.name   	Obj/finsh_msh.o
    0x0103128f   0x00000001   PAD
    0x01031290   0x0000002d   Data   RO       2273  .rodata.cmd_cat.str1.4	Obj/finsh_msh_cmd.o
    0x010312bd   0x00000003   PAD
    0x010312c0   0x00000017   Data   RO       2274  .rodata.cmd_cd.str1.4	Obj/finsh_msh_cmd.o
    0x010312d7   0x00000001   PAD
    0x010312d8   0x0000002e   Data   RO       2275  .rodata.cmd_cp.str1.4	Obj/finsh_msh_cmd.o
    0x01031306   0x00000002   PAD
    0x01031308   0x00000017   Data   RO       2276  .rodata.cmd_df.str1.4	Obj/finsh_msh_cmd.o
    0x0103131f   0x00000001   PAD
    0x01031320   0x00000049   Data   RO       2277  .rodata.cmd_dns.str1.4	Obj/finsh_msh_cmd.o
    0x01031369   0x00000003   PAD
    0x0103136c   0x00000039   Data   RO       2278  .rodata.cmd_echo.str1.4	Obj/finsh_msh_cmd.o
    0x010313a5   0x00000003   PAD
    0x010313a8   0x00000088   Data   RO       2279  .rodata.cmd_ifconfig.str1.4	Obj/finsh_msh_cmd.o
    0x01031430   0x00000059   Data   RO       2280  .rodata.cmd_mkdir.str1.4	Obj/finsh_msh_cmd.o
    0x01031489   0x00000003   PAD
    0x0103148c   0x0000003c   Data   RO       2281  .rodata.cmd_mkfs.str1.4	Obj/finsh_msh_cmd.o
    0x010314c8   0x0000005a   Data   RO       2282  .rodata.cmd_mv.str1.4	Obj/finsh_msh_cmd.o
    0x01031522   0x00000002   PAD
    0x01031524   0x00000032   Data   RO       2284  .rodata.cmd_rm.str1.4	Obj/finsh_msh_cmd.o
    0x01031556   0x00000002   PAD
    0x01031558   0x000002d1   Data   RO       2285  .rodata.name   	Obj/finsh_msh_cmd.o
    0x01031829   0x00000003   PAD
    0x0103182c   0x00000012   Data   RO       2303  .rodata.msh_exec_script.str1.4	Obj/finsh_msh_file.o
    0x0103183e   0x00000002   PAD
    0x01031840   0x0000001a   Data   RO       2358  .rodata.__spm  	Obj/minilibc_time.o
    0x0103185a   0x00000002   PAD
    0x0103185c   0x0000001d   Data   RO       2359  .rodata.days   	Obj/minilibc_time.o
    0x01031879   0x00000003   PAD
    0x0103187c   0x00000031   Data   RO       2360  .rodata.months 	Obj/minilibc_time.o
    0x010318ad   0x00000003   PAD
    0x010318b0   0x00000019   Data   RO       2429  .rodata.__FUNCTION__.4539	Obj/arch_sys_arch.o
    0x010318c9   0x00000003   PAD
    0x010318cc   0x0000000c   Data   RO       2430  .rodata.__FUNCTION__.4566	Obj/arch_sys_arch.o
    0x010318d8   0x0000000d   Data   RO       2431  .rodata.__FUNCTION__.4571	Obj/arch_sys_arch.o
    0x010318e5   0x00000003   PAD
    0x010318e8   0x00000012   Data   RO       2432  .rodata.__FUNCTION__.4583	Obj/arch_sys_arch.o
    0x010318fa   0x00000002   PAD
    0x010318fc   0x0000000e   Data   RO       2433  .rodata.__FUNCTION__.4597	Obj/arch_sys_arch.o
    0x0103190a   0x00000002   PAD
    0x0103190c   0x0000000f   Data   RO       2434  .rodata.__FUNCTION__.4602	Obj/arch_sys_arch.o
    0x0103191b   0x00000001   PAD
    0x0103191c   0x0000000f   Data   RO       2435  .rodata.__FUNCTION__.4610	Obj/arch_sys_arch.o
    0x0103192b   0x00000001   PAD
    0x0103192c   0x0000000d   Data   RO       2436  .rodata.__FUNCTION__.4625	Obj/arch_sys_arch.o
    0x01031939   0x00000003   PAD
    0x0103193c   0x0000000e   Data   RO       2437  .rodata.__FUNCTION__.4630	Obj/arch_sys_arch.o
    0x0103194a   0x00000002   PAD
    0x0103194c   0x0000000e   Data   RO       2438  .rodata.__FUNCTION__.4636	Obj/arch_sys_arch.o
    0x0103195a   0x00000002   PAD
    0x0103195c   0x00000014   Data   RO       2439  .rodata.__FUNCTION__.4650	Obj/arch_sys_arch.o
    0x01031970   0x0000000f   Data   RO       2440  .rodata.__FUNCTION__.4671	Obj/arch_sys_arch.o
    0x0103197f   0x00000001   PAD
    0x01031980   0x00000010   Data   RO       2441  .rodata.__FUNCTION__.4683	Obj/arch_sys_arch.o
    0x01031990   0x00000094   Data   RO       2442  .rodata.lwip_system_init.str1.4	Obj/arch_sys_arch.o
    0x01031a24   0x00000054   Data   RO       2443  .rodata.str1.4 	Obj/arch_sys_arch.o
    0x01031a78   0x0000000e   Data   RO       2445  .rodata.tcpip_init_done_callback.str1.4	Obj/arch_sys_arch.o
    0x01031a86   0x00000002   PAD
    0x01031a88   0x00000051   Data   RO       2478  .rodata.netconn_close_shutdown.str1.4	Obj/api_api_lib.o
    0x01031ad9   0x00000003   PAD
    0x01031adc   0x0000005e   Data   RO       2481  .rodata.netconn_getaddr.str1.4	Obj/api_api_lib.o
    0x01031b3a   0x00000002   PAD
    0x01031b3c   0x00000048   Data   RO       2482  .rodata.netconn_gethostbyname.str1.4	Obj/api_api_lib.o
    0x01031b84   0x00000027   Data   RO       2483  .rodata.netconn_join_leave_group.str1.4	Obj/api_api_lib.o
    0x01031bab   0x00000001   PAD
    0x01031bac   0x00000079   Data   RO       2485  .rodata.netconn_new_with_proto_and_callback.str1.4	Obj/api_api_lib.o
    0x01031c25   0x00000003   PAD
    0x01031c28   0x000000b6   Data   RO       2486  .rodata.str1.4 	Obj/api_api_lib.o
    0x01031cde   0x00000002   PAD
    0x01031ce0   0x0000008b   Data   RO       2521  .rodata.lwip_netconn_do_close_internal.str1.4	Obj/api_api_msg.o
    0x01031d6b   0x00000001   PAD
    0x01031d6c   0x00000037   Data   RO       2524  .rodata.lwip_netconn_do_delconn.str1.4	Obj/api_api_msg.o
    0x01031da3   0x00000001   PAD
    0x01031da4   0x00000015   Data   RO       2525  .rodata.lwip_netconn_do_getaddr.str1.4	Obj/api_api_msg.o
    0x01031db9   0x00000003   PAD
    0x01031dbc   0x00000026   Data   RO       2526  .rodata.netconn_alloc.str1.4	Obj/api_api_msg.o
    0x01031de2   0x00000002   PAD
    0x01031de4   0x000000a8   Data   RO       2527  .rodata.netconn_free.str1.4	Obj/api_api_msg.o
    0x01031e8c   0x00000210   Data   RO       2528  .rodata.str1.4 	Obj/api_api_msg.o
    0x0103209c   0x00000044   Data   RO       2546  .rodata.err_to_errno_table	Obj/api_err.o
    0x010320e0   0x000000df   Data   RO       2568  .rodata.str1.4 	Obj/api_netbuf.o
    0x010321bf   0x00000001   PAD
    0x010321c0   0x00000038   Data   RO       2650  .rodata.lwip_setsockopt	Obj/api_sockets.o
    0x010321f8   0x00000017   Data   RO       2658  .rodata.lwip_close.str1.4	Obj/api_sockets.o
    0x0103220f   0x00000001   PAD
    0x01032210   0x0000005c   Data   RO       2660  .rodata.lwip_ioctl.str1.4	Obj/api_sockets.o
    0x0103226c   0x00000109   Data   RO       2662  .rodata.str1.4 	Obj/api_sockets.o
    0x01032375   0x00000003   PAD
    0x01032378   0x00000061   Data   RO       2690  .rodata.str1.4 	Obj/api_tcpip.o
    0x010323d9   0x00000003   PAD
    0x010323dc   0x0000004e   Data   RO       2691  .rodata.tcpip_init.str1.4	Obj/api_tcpip.o
    0x0103242a   0x00000002   PAD
    0x0103242c   0x0000003b   Data   RO       2745  .rodata.dns_check_entry.str1.4	Obj/core_dns.o
    0x01032467   0x00000001   PAD
    0x01032468   0x0000004a   Data   RO       2747  .rodata.dns_send.str1.4	Obj/core_dns.o
    0x010324b2   0x00000002   PAD
    0x010324b4   0x00000046   Data   RO       2764  .rodata.str1.4 	Obj/core_inet_chksum.o
    0x010324fa   0x00000002   PAD
    0x010324fc   0x0000000c   Data   RO       2843  .rodata.memp_ARP_QUEUE	Obj/core_memp.o
    0x01032508   0x0000000c   Data   RO       2844  .rodata.memp_IGMP_GROUP	Obj/core_memp.o
    0x01032514   0x0000000c   Data   RO       2845  .rodata.memp_NETBUF	Obj/core_memp.o
    0x01032520   0x0000000c   Data   RO       2846  .rodata.memp_NETCONN	Obj/core_memp.o
    0x0103252c   0x0000000c   Data   RO       2847  .rodata.memp_NETDB	Obj/core_memp.o
    0x01032538   0x0000000c   Data   RO       2848  .rodata.memp_PBUF	Obj/core_memp.o
    0x01032544   0x0000000c   Data   RO       2849  .rodata.memp_PBUF_POOL	Obj/core_memp.o
    0x01032550   0x0000000c   Data   RO       2850  .rodata.memp_RAW_PCB	Obj/core_memp.o
    0x0103255c   0x0000000c   Data   RO       2851  .rodata.memp_REASSDATA	Obj/core_memp.o
    0x01032568   0x0000000c   Data   RO       2852  .rodata.memp_SYS_TIMEOUT	Obj/core_memp.o
    0x01032574   0x0000000c   Data   RO       2853  .rodata.memp_TCPIP_MSG_API	Obj/core_memp.o
    0x01032580   0x0000000c   Data   RO       2854  .rodata.memp_TCP_PCB	Obj/core_memp.o
    0x0103258c   0x0000000c   Data   RO       2855  .rodata.memp_TCP_PCB_LISTEN	Obj/core_memp.o
    0x01032598   0x0000000c   Data   RO       2856  .rodata.memp_TCP_SEG	Obj/core_memp.o
    0x010325a4   0x0000000c   Data   RO       2857  .rodata.memp_UDP_PCB	Obj/core_memp.o
    0x010325b0   0x0000003c   Data   RO       2858  .rodata.memp_pools	Obj/core_memp.o
    0x010325ec   0x000000c7   Data   RO       2859  .rodata.str1.4 	Obj/core_memp.o
    0x010326b3   0x00000001   PAD
    0x010326b4   0x0000004c   Data   RO       2895  .rodata.netif_add.str1.4	Obj/core_netif.o
    0x01032700   0x00000401   Data   RO       2914  .rodata.str1.4 	Obj/core_pbuf.o
    0x01032b01   0x00000003   PAD
    0x01032b04   0x000000a6   Data   RO       2938  .rodata.str1.4 	Obj/core_raw.o
    0x01032baa   0x00000002   PAD
    0x01032bac   0x0000023e   Data   RO       3014  .rodata.str1.4 	Obj/core_tcp.o
    0x01032dea   0x00000002   PAD
    0x01032dec   0x00000031   Data   RO       3015  .rodata.tcp_abandon.str1.4	Obj/core_tcp.o
    0x01032e1d   0x00000003   PAD
    0x01032e20   0x0000000d   Data   RO       3016  .rodata.tcp_backoff	Obj/core_tcp.o
    0x01032e2d   0x00000003   PAD
    0x01032e30   0x00000019   Data   RO       3018  .rodata.tcp_close_shutdown.str1.4	Obj/core_tcp.o
    0x01032e49   0x00000003   PAD
    0x01032e4c   0x0000003e   Data   RO       3019  .rodata.tcp_close_shutdown_fin.str1.4	Obj/core_tcp.o
    0x01032e8a   0x00000002   PAD
    0x01032e8c   0x00000026   Data   RO       3021  .rodata.tcp_err.str1.4	Obj/core_tcp.o
    0x01032eb2   0x00000002   PAD
    0x01032eb4   0x00000010   Data   RO       3023  .rodata.tcp_pcb_lists	Obj/core_tcp.o
    0x01032ec4   0x00000054   Data   RO       3024  .rodata.tcp_pcb_remove.str1.4	Obj/core_tcp.o
    0x01032f18   0x000000b2   Data   RO       3025  .rodata.tcp_pcbs_sane.str1.4	Obj/core_tcp.o
    0x01032fca   0x00000002   PAD
    0x01032fcc   0x00000007   Data   RO       3026  .rodata.tcp_persist_backoff	Obj/core_tcp.o
    0x01032fd3   0x00000001   PAD
    0x01032fd4   0x0000001e   Data   RO       3027  .rodata.tcp_poll.str1.4	Obj/core_tcp.o
    0x01032ff2   0x00000002   PAD
    0x01032ff4   0x00000027   Data   RO       3028  .rodata.tcp_recv.str1.4	Obj/core_tcp.o
    0x0103301b   0x00000001   PAD
    0x0103301c   0x00000027   Data   RO       3029  .rodata.tcp_sent.str1.4	Obj/core_tcp.o
    0x01033043   0x00000001   PAD
    0x01033044   0x0000002c   Data   RO       3030  .rodata.tcp_state_str	Obj/core_tcp.o
    0x01033070   0x0000031b   Data   RO       3062  .rodata.str1.4 	Obj/core_tcp_in.o
    0x0103338b   0x00000001   PAD
    0x0103338c   0x000003ab   Data   RO       3083  .rodata.str1.4 	Obj/core_tcp_out.o
    0x01033737   0x00000001   PAD
    0x01033738   0x00000038   Data   RO       3105  .rodata.lwip_cyclic_timers	Obj/core_timeouts.o
    0x01033770   0x00000077   Data   RO       3106  .rodata.sys_timeout.str1.4	Obj/core_timeouts.o
    0x010337e7   0x00000001   PAD
    0x010337e8   0x00000076   Data   RO       3132  .rodata.str1.4 	Obj/core_udp.o
    0x0103385e   0x00000002   PAD
    0x01033860   0x00000006   Data   RO       3150  .rodata.ethbroadcast	Obj/netif_ethernet.o
    0x01033866   0x00000002   PAD
    0x01033868   0x00000006   Data   RO       3151  .rodata.ethzero	Obj/netif_ethernet.o
    0x0103386e   0x00000002   PAD
    0x01033870   0x0000006c   Data   RO       3152  .rodata.str1.4 	Obj/netif_ethernet.o
    0x010338dc   0x00000016   Data   RO       3185  .rodata.__FUNCTION__.4742	Obj/netif_ethernetif.o
    0x010338f2   0x00000002   PAD
    0x010338f4   0x00000016   Data   RO       3186  .rodata.__FUNCTION__.4770	Obj/netif_ethernetif.o
    0x0103390a   0x00000002   PAD
    0x0103390c   0x0000001f   Data   RO       3187  .rodata.__FUNCTION__.4788	Obj/netif_ethernetif.o
    0x0103392b   0x00000001   PAD
    0x0103392c   0x00000015   Data   RO       3188  .rodata.eth_device_init_with_flag.str1.4	Obj/netif_ethernetif.o
    0x01033941   0x00000003   PAD
    0x01033944   0x00000020   Data   RO       3190  .rodata.eth_system_device_init_private.str1.4	Obj/netif_ethernetif.o
    0x01033964   0x000000b4   Data   RO       3191  .rodata.list_if.str1.4	Obj/netif_ethernetif.o
    0x01033a18   0x00000093   Data   RO       3192  .rodata.list_tcps.str1.4	Obj/netif_ethernetif.o
    0x01033aab   0x00000001   PAD
    0x01033aac   0x00000032   Data   RO       3193  .rodata.list_udps.str1.4	Obj/netif_ethernetif.o
    0x01033ade   0x00000002   PAD
    0x01033ae0   0x000000c3   Data   RO       3194  .rodata.name   	Obj/netif_ethernetif.o
    0x01033ba3   0x00000001   PAD
    0x01033ba4   0x00000061   Data   RO       3195  .rodata.set_if.str1.4	Obj/netif_ethernetif.o
    0x01033c05   0x00000003   PAD
    0x01033c08   0x00000011   Data   RO       3196  .rodata.str1.4 	Obj/netif_ethernetif.o
    0x01033c19   0x00000003   PAD
    0x01033c1c   0x000001e0   Data   RO       3251  .rodata.dhcp_recv	Obj/ipv4_dhcp.o
    0x01033dfc   0x0000006c   Data   RO       3267  .rodata.dhcp_bind.str1.4	Obj/ipv4_dhcp.o
    0x01033e68   0x000000d0   Data   RO       3268  .rodata.dhcp_create_msg.str1.4	Obj/ipv4_dhcp.o
    0x01033f38   0x00000024   Data   RO       3269  .rodata.dhcp_dec_pcb_refcount.str1.4	Obj/ipv4_dhcp.o
    0x01033f5c   0x0000006f   Data   RO       3270  .rodata.dhcp_delete_msg.str1.4	Obj/ipv4_dhcp.o
    0x01033fcb   0x00000001   PAD
    0x01033fcc   0x00000004   Data   RO       3271  .rodata.dhcp_discover_request_options	Obj/ipv4_dhcp.o
    0x01033fd0   0x00000025   Data   RO       3272  .rodata.dhcp_inc_pcb_refcount.str1.4	Obj/ipv4_dhcp.o
    0x01033ff5   0x00000003   PAD
    0x01033ff8   0x00000048   Data   RO       3273  .rodata.dhcp_option.isra.1.str1.4	Obj/ipv4_dhcp.o
    0x01034040   0x0000003b   Data   RO       3274  .rodata.dhcp_option_byte.isra.2.str1.4	Obj/ipv4_dhcp.o
    0x0103407b   0x00000001   PAD
    0x0103407c   0x00000040   Data   RO       3275  .rodata.dhcp_option_long.isra.4.str1.4	Obj/ipv4_dhcp.o
    0x010340bc   0x00000041   Data   RO       3276  .rodata.dhcp_option_short.isra.0.str1.4	Obj/ipv4_dhcp.o
    0x010340fd   0x00000003   PAD
    0x01034100   0x0000008f   Data   RO       3277  .rodata.dhcp_option_trailer.str1.4	Obj/ipv4_dhcp.o
    0x0103418f   0x00000001   PAD
    0x01034190   0x000000a7   Data   RO       3278  .rodata.dhcp_recv.str1.4	Obj/ipv4_dhcp.o
    0x01034237   0x00000001   PAD
    0x01034238   0x00000044   Data   RO       3279  .rodata.dhcp_set_struct.str1.4	Obj/ipv4_dhcp.o
    0x0103427c   0x0000003c   Data   RO       3280  .rodata.dhcp_start.str1.4	Obj/ipv4_dhcp.o
    0x010342b8   0x00000019   Data   RO       3281  .rodata.dhcp_stop.str1.4	Obj/ipv4_dhcp.o
    0x010342d1   0x00000003   PAD
    0x010342d4   0x00000030   Data   RO       3306  .rodata.etharp_output_to_arp_index.str1.4	Obj/ipv4_etharp.o
    0x01034304   0x0000001a   Data   RO       3307  .rodata.etharp_query.str1.4	Obj/ipv4_etharp.o
    0x0103431e   0x00000002   PAD
    0x01034320   0x00000065   Data   RO       3308  .rodata.free_etharp_q.str1.4	Obj/ipv4_etharp.o
    0x01034385   0x00000003   PAD
    0x01034388   0x00000124   Data   RO       3309  .rodata.str1.4 	Obj/ipv4_etharp.o
    0x010344ac   0x00000064   Data   RO       3329  .rodata.icmp_send_response.isra.0.str1.4	Obj/ipv4_icmp.o
    0x01034510   0x0000006b   Data   RO       3361  .rodata.igmp_joingroup.str1.4	Obj/ipv4_igmp.o
    0x0103457b   0x00000001   PAD
    0x0103457c   0x000000b0   Data   RO       3362  .rodata.igmp_joingroup_netif.str1.4	Obj/ipv4_igmp.o
    0x0103462c   0x0000006d   Data   RO       3363  .rodata.igmp_leavegroup.str1.4	Obj/ipv4_igmp.o
    0x01034699   0x00000003   PAD
    0x0103469c   0x000000b6   Data   RO       3364  .rodata.igmp_leavegroup_netif.str1.4	Obj/ipv4_igmp.o
    0x01034752   0x00000002   PAD
    0x01034754   0x00000075   Data   RO       3365  .rodata.igmp_lookup_group.isra.3.str1.4	Obj/ipv4_igmp.o
    0x010347c9   0x00000003   PAD
    0x010347cc   0x00000074   Data   RO       3366  .rodata.igmp_send.str1.4	Obj/ipv4_igmp.o
    0x01034840   0x00000071   Data   RO       3386  .rodata.str1.4 	Obj/ipv4_ip4.o
    0x010348b1   0x00000003   PAD
    0x010348b4   0x00000004   Data   RO       3405  .rodata.ip_addr_any	Obj/ipv4_ip4_addr.o
    0x010348b8   0x00000004   Data   RO       3406  .rodata.ip_addr_broadcast	Obj/ipv4_ip4_addr.o
    0x010348bc   0x00000048   Data   RO       3407  .rodata.str1.4 	Obj/ipv4_ip4_addr.o
    0x01034904   0x0000016c   Data   RO       3426  .rodata.str1.4 	Obj/ipv4_ip4_frag.o
    0x01034a70   0x00000099   Data   RO       3449  .rodata.name   	Obj/ntp_ntp.o
    0x01034b09   0x00000003   PAD
    0x01034b0c   0x00000033   Data   RO       3450  .rodata.ntp_get_time.str1.4	Obj/ntp_ntp.o
    0x01034b3f   0x00000001   PAD
    0x01034b40   0x00000051   Data   RO       3451  .rodata.ntp_sync.str1.4	Obj/ntp_ntp.o
    0x01034b91   0x00000003   PAD
    0x01034b94   0x00000023   Data   RO       3471  .rodata.cmd_ping.str1.4	Obj/ping_ping.o
    0x01034bb7   0x00000001   PAD
    0x01034bb8   0x00000039   Data   RO       3472  .rodata.name   	Obj/ping_ping.o
    0x01034bf1   0x00000003   PAD
    0x01034bf4   0x000000dd   Data   RO       3473  .rodata.ping.str1.4	Obj/ping_ping.o
    0x01034cd1   0x00000003   PAD
    0x01034cd4   0x0000001c   Data   RO       3531  .rodata.gpio_hw_init	bsp_gpio.o
    0x01034cf0   0x00000009   Data   RO       3534  .rodata.__func__.1951	bsp_gpio.o
    0x01034cf9   0x00000003   PAD
    0x01034cfc   0x00000009   Data   RO       3535  .rodata.__func__.1957	bsp_gpio.o
    0x01034d05   0x00000003   PAD
    0x01034d08   0x00000061   Data   RO       3536  .rodata.gpio_set.str1.4	bsp_gpio.o
    0x01034d69   0x00000003   PAD
    0x01034d6c   0x00000090   Data   RO       3606  .rodata.CSWTCH.43	bsp_scu.o
    0x01034dfc   0x00000090   Data   RO       3607  .rodata.CSWTCH.44	bsp_scu.o
    0x01034e8c   0x00000024   Data   RO       3608  .rodata.CSWTCH.45	bsp_scu.o
    0x01034eb0   0x0000000e   Data   RO       3646  .rodata.__func__.1960	bsp_spi.o
    0x01034ebe   0x00000002   PAD
    0x01034ec0   0x0000000f   Data   RO       3647  .rodata.__func__.1971	bsp_spi.o
    0x01034ecf   0x00000001   PAD
    0x01034ed0   0x0000000f   Data   RO       3650  .rodata.__func__.2041	bsp_spi.o
    0x01034edf   0x00000001   PAD
    0x01034ee0   0x00000013   Data   RO       3651  .rodata.spi_hw_init.str1.4	bsp_spi.o
    0x01034ef3   0x00000001   PAD
    0x01034ef4   0x00000059   Data   RO       3652  .rodata.spi_rx_fifo_read.str1.4	bsp_spi.o
    0x01034f4d   0x00000003   PAD
    0x01034f50   0x00000019   Data   RO       3655  .rodata.spi_tx_rx_fifo.str1.4	bsp_spi.o
    0x01034f69   0x00000003   PAD
    0x01034f6c   0x0000000f   Data   RO       4157  .rodata.__func__.1900	crypto_crypto.o
    0x01034f7b   0x00000001   PAD
    0x01034f7c   0x00000013   Data   RO       4158  .rodata.__func__.1944	crypto_crypto.o
    0x01034f8f   0x00000001   PAD
    0x01034f90   0x00000015   Data   RO       4159  .rodata.__func__.1956	crypto_crypto.o
    0x01034fa5   0x00000003   PAD
    0x01034fa8   0x00000011   Data   RO       4160  .rodata.__func__.1995	crypto_crypto.o
    0x01034fb9   0x00000003   PAD
    0x01034fbc   0x00000039   Data   RO       4161  .rodata.str1.4 	crypto_crypto.o
    0x01034ff5   0x00000003   PAD
    0x01034ff8   0x00000071   Data   RO       4429  .rodata.ahci_hba_reset.str1.4	sata_host_ahci.o
    0x01035069   0x00000003   PAD
    0x0103506c   0x00000041   Data   RO       4430  .rodata.ahci_hw_init.str1.4	sata_host_ahci.o
    0x010350ad   0x00000003   PAD
    0x010350b0   0x0000001b   Data   RO       4431  .rodata.ahci_identify_read.str1.4	sata_host_ahci.o
    0x010350cb   0x00000001   PAD
    0x010350cc   0x00000022   Data   RO       4434  .rodata.ahci_passthru.str1.4	sata_host_ahci.o
    0x010350ee   0x00000002   PAD
    0x010350f0   0x00000514   Data   RO       4437  .rodata.str1.4 	sata_host_ahci.o
    0x01035604   0x00000017   Data   RO       4469  .rodata.__func__.2676	sata_host_ahci_cmd.o
    0x0103561b   0x00000001   PAD
    0x0103561c   0x00000018   Data   RO       4470  .rodata.__func__.2864	sata_host_ahci_cmd.o
    0x01035634   0x000000c4   Data   RO       4471  .rodata.str1.4 	sata_host_ahci_cmd.o
    0x010356f8   0x0000001c   Data   RO       4513  .rodata.str1.4 	common_log.o
    0x01035714   0x000007f8   Data   RO       5613  .rodata.str1.4 	strerror.o

    Region *default* (Base: 0x00000000, Size: 0x00000000, Max: 0xffffffff)


======================================================================

Image component sizes

       Code    RO Data    RW Data    ZI Data      Debug   Object Name

          0          0          0          0          0   linker stubs
        612        326          0       1024       6368   Obj/entry_ipraw.o
          0          0          0          0          0   Obj/entry_linklayer.o
         80         45          0       1152       2299   Obj/entry_main.o
         80         45          0          0       2395   Obj/drivers_drv_cputime.o
         80         19          0        232      24220   Obj/drivers_drv_crypto.o
         72         11          0          0       1288   Obj/drivers_drv_ctimer.o
       3032        481          0        512      13447   Obj/drivers_drv_eth.o
        600        329          0          0       5320   Obj/drivers_drv_gpio.o
        276         21          0        140       3719   Obj/drivers_drv_i2c.o
        180          0          0        256       2155   Obj/drivers_drv_intr.o
       1976        717         56        160      19015   Obj/drivers_drv_sata.o
        260         73          0        128       4443   Obj/drivers_drv_spi.o
        760        215         24        712       5357   Obj/drivers_drv_timer.o
        664        172          8        208       4906   Obj/drivers_drv_uart.o
        160         44          4         89       3306   Obj/drivers_drv_wdt.o
        110          0          0          0       3872   Obj/drivers_retarget.o
        488          6          4          0       2725   Obj/drivers_system.o
        992         32          0          0       2875   Obj/src_tih_phy_m88e1512.o
        554         32          0          0       3078   Obj/src_tih_phy_rtl8211.o
        100          0          0          4       2193   Obj/src_clock.o
        244         59          0          0       3017   Obj/src_components.o
        826        275          0          0       6874   Obj/src_device.o
        292         67          0        388       3162   Obj/src_idle.o
       6532        645          0          0      27166   Obj/src_ipc.o
        108          0          0          9       1548   Obj/src_irq.o
       3622        996          0        268      17107   Obj/src_kservice.o
       1688        804          0         64       5623   Obj/src_mem.o
        980        268          0          0       4752   Obj/src_memheap.o
        756        170        144         20       5665   Obj/src_object.o
        660        210          0        282       4692   Obj/src_scheduler.o
          0          0          0          0          0   Obj/src_signal.o
       1606        357          0         12       8609   Obj/src_thread.o
        798        127          0         16       6909   Obj/src_timer.o
        276        329          0         16       3067   Obj/ck803_cpuport.o
        204          0          0          0       1325   Obj/ck803_stack_ck803.o
        460          0          0          0        473   Obj/ck803_contex_ck803_gcc.o
        196          0          0          0        375   Obj/ck803_startup_gcc.o
          0          0          0          0          0   Obj/common_backtrace.o
        152        165          0          0       1820   Obj/common_showmem.o
       1566        294        256        125      10108   Obj/src_dfs.o
       2148        486          0        292      12752   Obj/src_dfs_file.o
        996        240          0          0       8936   Obj/src_dfs_fs.o
       1222         94          0          0      12051   Obj/src_dfs_posix.o
        432          0          0          0       6074   Obj/src_poll.o
        596         20          0          0       2405   Obj/src_select.o
        848        283          0          0       8357   Obj/devfs_devfs.o
       2894        633          0          8      19407   Obj/elmfat_dfs_elm.o
      20562        252          0         10      74291   Obj/elmfat_ff.o
        242        978          0          0       1871   Obj/option_ccsbcs.o
        192         36          0          0       7949   Obj/net_dfs_net.o
         24          0          0          0       2530   Obj/net_net_netdb.o
        686        122          0          0      10545   Obj/net_net_sockets.o
       1112        260          0          0      10459   Obj/ramfs_dfs_ramfs.o
        824        236          0          0       8239   Obj/romfs_dfs_romfs.o
          0       3516          0          0       1510   Obj/romfs_romfs.o
         68         81          0          4       1866   Obj/cputime_cputime.o
        292        124          0          0       4664   Obj/crypto_crypto_dev.o
       1026        113          0          0       6699   Obj/hwtimer_hwtimer.o
        290         49          0          0       4634   Obj/i2c_i2c_core.o
        372        127          0          0       4694   Obj/i2c_i2c_dev.o
          0          0          0          0          0   Obj/i2c_i2c-bit-ops.o
        932        153          0        128       6078   Obj/i2c_i2c_eeprom.o
        432        257          0         88       7131   Obj/misc_pin.o
        592        554          0          4       6207   Obj/rtc_rtc.o
        292         76          0         96       3031   Obj/rtc_soft_rtc.o
        564        105          8          0       5763   Obj/sata_sata.o
       3050        645          0          0      17375   Obj/serial_serial.o
        568         98          0          0       7706   Obj/spi_spi_core.o
        472        209          0          0       5795   Obj/spi_spi_dev.o
        448        111          1        228       4767   Obj/spi_spi_adc.o
        260        143          0          0       3597   Obj/watchdog_watchdog.o
        356        126          0          0       3257   Obj/src_completion.o
       1012        128          0          0       5189   Obj/src_dataqueue.o
          0          0          0          0          0   Obj/src_pipe.o
          0          0          0          0          0   Obj/src_ringbuffer.o
        364         57          0          0       4332   Obj/src_waitqueue.o
          0          0          0          0          0   Obj/src_workqueue.o
       1820        217          0        265       8776   Obj/finsh_shell.o
          0          0          0         16       1208   Obj/finsh_symbol.o
       1976       2712          0          0      14087   Obj/finsh_cmd.o
       1328        159          0          0       6042   Obj/finsh_msh.o
       1098       1621          0          0       9505   Obj/finsh_msh_cmd.o
        360         18          0          0       2408   Obj/finsh_msh_file.o
         32          0          0          0       1520   Obj/minilibc_stdlib.o
       2204        336        256          4      10220   Obj/minilibc_string.o
       1268        108          0         73       6223   Obj/minilibc_time.o
         72          8          0          8       4089   Obj/time_clock_time.o
          0          0          0          0          0   Obj/time_posix_sleep.o
       1738        538          0          7      14973   Obj/arch_sys_arch.o
       1700        589          0          0      16767   Obj/api_api_lib.o
       4776        949          0          1      20488   Obj/api_api_msg.o
         32         68          0          0       1138   Obj/api_err.o
        364        223          0          0       3825   Obj/api_netbuf.o
        486          0          0        297       5510   Obj/api_netdb.o
        262          0          0          0       6078   Obj/api_netifapi.o
       4104        456          0        360      32296   Obj/api_sockets.o
        536        175          0         16       7653   Obj/api_tcpip.o
         76          0          0          0       3098   Obj/core_def.o
       2170        133          0       1162      10842   Obj/core_dns.o
        708         70          0          0       4775   Obj/core_inet_chksum.o
         40          0          0          0       4762   Obj/core_init.o
          0          0          0         24       2527   Obj/core_ip.o
          0          0          0          0          0   Obj/core_if.o
        408        439      29103         60       9535   Obj/core_memp.o
        586         76          0          9      10157   Obj/core_netif.o
       2824       1045          0          0      13838   Obj/core_pbuf.o
        680        166          0          4       6350   Obj/core_raw.o
          0          0          0          0          0   Obj/core_stats.o
          0          0          0          0          0   Obj/core_sys.o
       4236       1198          6         26      21881   Obj/core_tcp.o
       5468        835          0         52      10125   Obj/core_tcp_in.o
       4518        939          0          0      14397   Obj/core_tcp_out.o
        612        175          0         12       8585   Obj/core_timeouts.o
       1518        118          2          4       9045   Obj/core_udp.o
        320        120          0          0       4345   Obj/netif_ethernet.o
       1876        889          0       1232      13437   Obj/netif_ethernetif.o
          0          0          0          0          0   Obj/netif_lowpan6.o
          0          0          0          0          0   Obj/ipv4_autoip.o
       5674       1707          0         61      19101   Obj/ipv4_dhcp.o
       2740        467          0        241      12962   Obj/ipv4_etharp.o
        440        100          0          0       4530   Obj/ipv4_icmp.o
       1678        807          0          8       9533   Obj/ipv4_igmp.o
       1684        113          0          6       9693   Obj/ipv4_ip4.o
        736        100          0         16       4711   Obj/ipv4_ip4_addr.o
       2340        364          0          6       8982   Obj/ipv4_ip4_frag.o
        966        309          0         48       6942   Obj/ntp_ntp.o
        660        337          0          2       6572   Obj/ping_ping.o
          0          0          0          0          0   Obj/__rt_entry.o
	------------------------------------------------------------
     143324      36330      29872      10695     918965   Object Totals
        282        768          7         63          0   Pad
          0          0          0          0          0   LD_GEN

	------------------------------------------------------------
    [Library Name]: E:/YCXGIT/T6x0_RTOS_SDK_V0.9.3_b1/T6x0_RTOS_SDK_V0.9.3/code/rt-thread/bsp/t6x0/libraries\libt6x0_c.a
	------------------------------------------------------------
       Code    RO Data    RW Data    ZI Data      Debug   Library Member Name

        400          0          4          8       5138   bsp_dma.o
        610        143          0          0       3775   bsp_gpio.o
         80          0          0          0       2024   bsp_h2x.o
        304          0          0          0       4208   bsp_i2c.o
       1732        580          0         76      13609   bsp_scu.o
        600        177          1          0      10874   bsp_spi.o
        428          0          0         44       4285   bsp_timer.o
        562          0          0          0       7303   bsp_uart.o
        302          0          0          4       3107   bsp_wdt.o
          0          0          0          0          0   bsp_ext_gpio.o
          0          0          0          0          0   crypto_aes.o
          0          0          0          0          0   crypto_cmac.o
          0          0          0          0          0   crypto_eccp.o
          0          0          0          0          0   crypto_hash.o
          0          0          0          0          0   crypto_hmac.o
       3152          0          0          0      40153   crypto_pke.o
        252          0          0          0       1917   crypto_rng.o
          0          0          0          0          0   crypto_rsa.o
          0          0          0          0          0   crypto_rsa_osr.o
          0          0          0          0          0   crypto_sha1.o
          0          0          0          0          0   crypto_sha224.o
          0          0          0          0          0   crypto_sha256.o
          0          0          0          0          0   crypto_sm2.o
          0          0          0          0          0   crypto_sm2_osr.o
          0          0          0          0          0   crypto_sm3.o
          0          0          0          0          0   crypto_sm4.o
       1830        129          0          4       7813   crypto_crypto.o
          0          0          0          0          0   crypto_bignum.o
          0          0          0          0          0   crypto_ecc.o
       1364          0          4          4       9142   norflash_norflash.o
          0          0          0          0          0   norflash_nftl.o
          0          0          0          0          0   usb_usb.o
       5576       1539         12       3372      35143   sata_host_ahci.o
       4008        243          0         10      23438   sata_host_ahci_cmd.o
          0          0          0          0          0   common_delay.o
       1176         28          0         44       6651   common_log.o
        424          0          0          0       2258   common_memcpy_hw.o
          0          0          0          0          0   common_perf.o
          0          0          0          0          0   component_mp.o
          0          0          0          0          0   norflash_spiflash.o
          0          0          0          0          0   sata_device_sata.o
          0          0          0          0          0   emmc_emcc.o
       4254          0          0        104      16328   gmac_gmac.o
          0          0          0          0          0   xhci_xhci.o
          0          0          0          0          0   xhci_xhci_dbg.o
          0          0          0          0          0   xhci_xhci_ring.o
          0          0          0          0          0   xhci_xhci_os.o
          0          0          0          0          0   muxio_muxio.o
          0          0          0          0          0   cklib_dq_addlast.o
          0          0          0          0          0   cklib_dq_rem.o
          0          0          0          0          0   cklib_lib_mallinfo.o
          0          0          0          0          0   cklib_malloc.o
          0          0          0          0          0   cklib_mm_addfreechunk.o
          0          0          0          0          0   cklib_mm_free.o
          0          0          0          0          0   cklib_mm_initialize.o
          0          0          0          0          0   cklib_mm_leak.o
          0          0          0          0          0   cklib_mm_mallinfo.o
          0          0          0          0          0   cklib_mm_malloc.o
          0          0          0          0          0   cklib_mm_size2ndx.o
          0          0          0          0          0   cklib_printf.o
          0          0          0          0          0   ck803_aclink_client.o
        790          0          4          0      12038   ck803_core_ck803.o
        172          0          0          0       2402   ck803_core_timer.o
        332          0          0          0       3937   ck803_interrupt.o
          0          0          0          0          0   ck803_backtrace.o
	------------------------------------------------------------
      28348       2839         25       3670     215543   Library Totals
          0          0          0          0          0   Pad
          0          0          0          0          0   LD_GEN

	------------------------------------------------------------
    [Library Name]: d:/c-sky/cdk/csky/mingw/csky-abiv2-elf-toolchain/bin/../lib/gcc/csky-elfabiv2/6.3.0/ck803\libgcc.a
	------------------------------------------------------------
       Code    RO Data    RW Data    ZI Data      Debug   Library Member Name

         74          0          0          0          0   _muldi3.o
         46          0          0          0          0   _fixunssfsi.o
          0          0          0          0          0   _floatdisf.o
          0          0          0          0          0   _floatundidf.o
        820          0          0          0          0   _udivdi3.o
        804          0          0          0          0   _umoddi3.o
        424          0          0          0          0   _addsub_sf.o
        284          0          0          0          0   _mul_sf.o
        196          0          0          0          0   _div_sf.o
         50          0          0          0          0   _eq_sf.o
          0          0          0          0          0   _ne_sf.o
         58          0          0          0          0   _gt_sf.o
         58          0          0          0          0   _ge_sf.o
         50          0          0          0          0   _lt_sf.o
         82          0          0          0          0   _si_to_sf.o
         82          0          0          0          0   _sf_to_si.o
          0          0          0          0          0   _sf_to_df.o
          0         16          0          0          0   _thenan_sf.o
         94          0          0          0          0   _usi_to_sf.o
        816          0          0          0          0   _addsub_df.o
        512          0          0          0          0   _mul_df.o
          0          0          0          0          0   _div_df.o
         54          0          0          0          0   _eq_df.o
        104          0          0          0          0   _si_to_df.o
        112          0          0          0          0   _df_to_si.o
          0          0          0          0          0   _make_df.o
          0          0          0          0          0   _df_to_sf.o
          0         20          0          0          0   _thenan_df.o
          0          0          0          0          0   _usi_to_df.o
          0        256          0          0          0   _clz.o
        190          0          0          0          0   _pack_sf.o
        124          0          0          0          0   _unpack_sf.o
        172          0          0          0          0   _fpcmp_parts_sf.o
          0          0          0          0          0   _make_sf.o
        398          0          0          0          0   _pack_df.o
        228          0          0          0          0   _unpack_df.o
        194          0          0          0          0   _fpcmp_parts_df.o
	------------------------------------------------------------
       6026        292          0          0          0   Library Totals
          0          0          0          0          0   Pad
          0          0          0          0          0   LD_GEN

	------------------------------------------------------------
    [Library Name]: d:/c-sky/cdk/csky/mingw/csky-abiv2-elf-toolchain/bin/../lib/gcc/csky-elfabiv2/6.3.0/../../../../csky-elfabiv2/lib/ck803\libc.a
	------------------------------------------------------------
       Code    RO Data    RW Data    ZI Data      Debug   Library Member Name

         16          0          0          0          0   putchar.o
         76         28          0          0          0   perror.o
          0          0         96          0          0   stdinit.o
         74          0          0          0          0   fputs.o
         40          0          4          0          0   rand.o
        248          0          0          0          0   strtoul.o
         12          0          0          0          0   atoi.o
         28       2616          0          0          0   strerror.o
          8          0          0          0          0   isdigit.o
          8          0          0          0          0   isupper.o
         18          0          0          0          0   isalpha.o
         20          0          0          0          0   isspace.o
          0          0          0          8          0   minilibc_init.o
          0          0          0          0          0   critical.o
          8          0          0          0          0   putc.o
	------------------------------------------------------------
        556       2644        100          8          0   Library Totals
          0          0          0          0          0   Pad
          0          0          0          0          0   LD_GEN

	------------------------------------------------------------

======================================================================


       Code    RO Data    RW Data    ZI Data      Debug
     178536      42873      30004      14436    1134508   Grand Totals
     178536      42873      30004      14436    1134508   Elf Image Totals
     178536      42873      30004          0          0   ROM Totals

======================================================================

Total	RO	Size (Code + RO Data)				221409 (  216.22kB)
Total	RW	Size (RW Data + ZI Data)			44440 (  43.40kB)
Total	ROM	Size (Code + RO Data + RW Data)		251413 (  245.52kB)

======================================================================
